?   	github.com/luxfi/evm	[no test files]
# github.com/luxfi/node/consensus/consensustest
/home/z/go/pkg/mod/github.com/luxfi/node@v1.16.15/consensus/consensustest/context.go:24:2: "github.com/luxfi/log" imported and not used
ok  	github.com/luxfi/evm/accounts/abi	(cached)
# github.com/luxfi/node/chains
/home/z/go/pkg/mod/github.com/luxfi/node@v1.16.15/chains/manager.go:666:30: cannot use meterDBReg (variable of type *prometheus.Registry) as "github.com/luxfi/metric".Metrics value in argument to meterdb.New: *prometheus.Registry does not implement "github.com/luxfi/metric".Metrics (missing method NewCounter)
/home/z/go/pkg/mod/github.com/luxfi/node@v1.16.15/chains/manager.go:1133:30: cannot use meterDBReg (variable of type *prometheus.Registry) as "github.com/luxfi/metric".Metrics value in argument to meterdb.New: *prometheus.Registry does not implement "github.com/luxfi/metric".Metrics (missing method NewCounter)
# github.com/luxfi/evm/internal/ethapi [github.com/luxfi/evm/internal/ethapi.test]
internal/ethapi/api_test.go:1895:34: undefined: upgrade.InitiallyActiveTime
# github.com/luxfi/evm/tests/warp/aggregator [github.com/luxfi/evm/tests/warp/aggregator.test]
tests/warp/aggregator/aggregator_test.go:26:19: cannot use pk (variable of type *"github.com/luxfi/crypto/bls".PublicKey) as *"github.com/luxfi/warp/bls".PublicKey value in struct literal
tests/warp/aggregator/aggregator_test.go:29:3: unknown field NodeIDs in struct literal of type "github.com/luxfi/warp".Validator
tests/warp/aggregator/aggregator_test.go:37:18: cannot use ids.ID{…} (value of array type ids.ID) as []byte value in struct literal
tests/warp/aggregator/aggregator_test.go:40:33: unsignedMsg.Initialize undefined (type *"github.com/luxfi/warp".UnsignedMessage has no field or method Initialize)
tests/warp/aggregator/aggregator_test.go:65:4: unknown field NodeIDs in struct literal of type "github.com/luxfi/warp".Validator
tests/warp/aggregator/aggregator_test.go:70:4: unknown field NodeIDs in struct literal of type "github.com/luxfi/warp".Validator
tests/warp/aggregator/aggregator_test.go:75:4: unknown field NodeIDs in struct literal of type "github.com/luxfi/warp".Validator
tests/warp/aggregator/aggregator_test.go:384:45: res.Message.Signature.NumSigners undefined (type "github.com/luxfi/warp".Signature has no field or method NumSigners)
--- FAIL: TestGolangBindings (0.82s)
    bind_test.go:2192: failed to run binding test: exit status 1
        # bindtest [bindtest.test]
        ./identifiercollision_test.go:23:58: cannot use addr (variable of array type "github.com/luxfi/crypto".Address) as "github.com/luxfi/geth/common".Address value in map literal
        ./multicontracts_test.go:22:58: cannot use addr (variable of array type "github.com/luxfi/crypto".Address) as "github.com/luxfi/geth/common".Address value in map literal
        ./newfallbacks_test.go:22:59: cannot use addr (variable of array type "github.com/luxfi/crypto".Address) as "github.com/luxfi/geth/common".Address value in map literal
        ./newfallbacks_test.go:41:27: invalid operation: iter.Event.Addr != addr (mismatched types "github.com/luxfi/geth/common".Address and "github.com/luxfi/crypto".Address)
        FAIL	bindtest [build failed]
--- FAIL: TestGolangBindingsOverload (7.65s)
    bind_test.go:2192: failed to run binding test: exit status 1
        === RUN   TestOverload
        2025-09-08T01:30:13.733Z	INFO	eth/backend.go:148	Allocated memory caches	{"trie clean": "512.00 MiB", "trie dirty": "256.00 MiB", "snapshot clean": "256.00 MiB"}
        2025-09-08T01:30:13.734Z	INFO	eth/backend.go:196	Initialising Ethereum protocol	{"network": 1337, "dbversion": "<nil>"}
        2025-09-08T01:30:13.734Z	WARN	eth/backend.go:202	Upgrade blockchain database version	{"from": "<nil>", "to": 8}
        2025-09-08T01:30:13.735Z	INFO	core/genesis.go:165	Writing genesis to database
        2025-09-08T01:30:13.736Z	INFO	core/blockchain.go:417	
        2025-09-08T01:30:13.736Z	INFO	core/blockchain.go:418	---------------------------------------------------------------------------------------------------------------------------------------------------------
        2025-09-08T01:30:13.736Z	INFO	core/blockchain.go:420	Chain ID:  1337 (unknown)
        2025-09-08T01:30:13.736Z	INFO	core/blockchain.go:420	Consensus: unknown
        2025-09-08T01:30:13.736Z	INFO	core/blockchain.go:420	
        2025-09-08T01:30:13.736Z	INFO	core/blockchain.go:420	Pre-Merge hard forks (block based):
        2025-09-08T01:30:13.736Z	INFO	core/blockchain.go:420	 - Homestead:                   #0        (https://github.com/ethereum/execution-specs/blob/master/network-upgrades/mainnet-upgrades/homestead.md)
        2025-09-08T01:30:13.737Z	INFO	core/blockchain.go:420	 - Tangerine Whistle (EIP 150): #0        (https://github.com/ethereum/execution-specs/blob/master/network-upgrades/mainnet-upgrades/tangerine-whistle.md)
        2025-09-08T01:30:13.737Z	INFO	core/blockchain.go:420	 - Spurious Dragon/1 (EIP 155): #0        (https://github.com/ethereum/execution-specs/blob/master/network-upgrades/mainnet-upgrades/spurious-dragon.md)
        2025-09-08T01:30:13.737Z	INFO	core/blockchain.go:420	 - Spurious Dragon/2 (EIP 158): #0        (https://github.com/ethereum/execution-specs/blob/master/network-upgrades/mainnet-upgrades/spurious-dragon.md)
        2025-09-08T01:30:13.737Z	INFO	core/blockchain.go:420	 - Byzantium:                   #0        (https://github.com/ethereum/execution-specs/blob/master/network-upgrades/mainnet-upgrades/byzantium.md)
        2025-09-08T01:30:13.737Z	INFO	core/blockchain.go:420	 - Constantinople:              #0        (https://github.com/ethereum/execution-specs/blob/master/network-upgrades/mainnet-upgrades/constantinople.md)
        2025-09-08T01:30:13.737Z	INFO	core/blockchain.go:420	 - Petersburg:                  #0        (https://github.com/ethereum/execution-specs/blob/master/network-upgrades/mainnet-upgrades/petersburg.md)
        2025-09-08T01:30:13.737Z	INFO	core/blockchain.go:420	 - Istanbul:                    #0        (https://github.com/ethereum/execution-specs/blob/master/network-upgrades/mainnet-upgrades/istanbul.md)
        2025-09-08T01:30:13.737Z	INFO	core/blockchain.go:420	 - Muir Glacier:                #0        (https://github.com/ethereum/execution-specs/blob/master/network-upgrades/mainnet-upgrades/muir-glacier.md)
        2025-09-08T01:30:13.737Z	INFO	core/blockchain.go:420	 - Berlin:                      #0        (https://github.com/ethereum/execution-specs/blob/master/network-upgrades/mainnet-upgrades/berlin.md)
        2025-09-08T01:30:13.737Z	INFO	core/blockchain.go:420	 - London:                      #0        (https://github.com/ethereum/execution-specs/blob/master/network-upgrades/mainnet-upgrades/london.md)
        2025-09-08T01:30:13.737Z	INFO	core/blockchain.go:420	
        2025-09-08T01:30:13.737Z	INFO	core/blockchain.go:420	Merge configured:
        2025-09-08T01:30:13.737Z	INFO	core/blockchain.go:420	 - Hard-fork specification:    https://github.com/ethereum/execution-specs/blob/master/network-upgrades/mainnet-upgrades/paris.md
        2025-09-08T01:30:13.737Z	INFO	core/blockchain.go:420	 - Network known to be merged
        2025-09-08T01:30:13.737Z	INFO	core/blockchain.go:420	 - Total terminal difficulty:  <nil>
        2025-09-08T01:30:13.737Z	INFO	core/blockchain.go:420	
        2025-09-08T01:30:13.737Z	INFO	core/blockchain.go:420	Post-Merge hard forks (timestamp based):
        2025-09-08T01:30:13.737Z	INFO	core/blockchain.go:420	 - Shanghai:                    @0          (https://github.com/ethereum/execution-specs/blob/master/network-upgrades/mainnet-upgrades/shanghai.md)
        2025-09-08T01:30:13.737Z	INFO	core/blockchain.go:420	 - Cancun:                      @0          (https://github.com/ethereum/execution-specs/blob/master/network-upgrades/mainnet-upgrades/cancun.md)
        2025-09-08T01:30:13.737Z	INFO	core/blockchain.go:420	
        2025-09-08T01:30:13.737Z	INFO	core/blockchain.go:422	---------------------------------------------------------------------------------------------------------------------------------------------------------
        2025-09-08T01:30:13.737Z	INFO	core/blockchain.go:423	
        2025-09-08T01:30:13.737Z	INFO	core/blockchain.go:1841	Initializing snapshots	{"async": false, "rebuild": true, "headHash": "0xca71510dbedc848326aa3532cfcf6680911daf6494b57d1fc7e6e463c1a1d5ed", "headRoot": "0x41294619ac5aebfe1b678688eb4ceedffd6e2a7293844bbcadfc5748c697cba0"}
        2025-09-08T01:30:13.738Z	WARN	snapshot/snapshot.go:219	Failed to load snapshot, regenerating	{"err": "missing or corrupted snapshot, no snapshot block hash"}
        2025-09-08T01:30:13.738Z	INFO	snapshot/snapshot.go:826	Rebuilding state snapshot
        2025-09-08T01:30:13.738Z	INFO	snapshot/wipe.go:135	Deleted state snapshot leftovers	{"kind": "accounts", "wiped": 0, "elapsed": "5.86µs"}
        2025-09-08T01:30:13.738Z	INFO	snapshot/wipe.go:135	Deleted state snapshot leftovers	{"kind": "storage", "wiped": 0, "elapsed": "2.082µs"}
        2025-09-08T01:30:13.738Z	INFO	snapshot/snapshot.go:390	Waiting for snapshot generation	{"root": "0x41294619ac5aebfe1b678688eb4ceedffd6e2a7293844bbcadfc5748c697cba0"}
        2025-09-08T01:30:13.738Z	INFO	snapshot/context.go:106	Wiper running, state snapshotting paused	{"accounts": 0, "slots": 0, "storage": "0.00 B", "elapsed": "726.461µs"}
        2025-09-08T01:30:13.739Z	INFO	snapshot/generate.go:321	Generated state snapshot	{"accounts": 1, "slots": 0, "storage": "46.00 B", "elapsed": "40.084µs"}
        2025-09-08T01:30:13.739Z	INFO	core/blockchain.go:593	Not warming accepted cache because there are no accepted blocks
        2025-09-08T01:30:13.739Z	INFO	core/blockchain.go:618	Starting Acceptor	{"queue length": 0}
        2025-09-08T01:30:13.745Z	INFO	ethapi/api.go:1802	Submitted contract creation	{"hash": "0x135210bc16eb6953aa62a278ee000101315ab6afa3694f8a01b025dcb3c484b0", "from": "0xDEb2F94b551A99157F010DdF302dbc1aac0d3f44", "nonce": 0, "contract": "0xA64Dd32c28297407A341BD9fF2675Ae47EcCB92d", "value": "0", "type": 2, "gasFeeCap": "50000000001", "gasTipCap": "1", "gasPrice": "50000000001"}
        2025-09-08T01:30:18.747Z	INFO	miner/worker.go:540	Commit new mining work	{"number": "1", "hash": "0x4164867073dd750b7c23e0e248fb83ce7bb76e7f244beed533adab135ff97184", "uncles": 0, "txs": 1, "gas": 126589, "fees": "0.003164725", "elapsed": "488137h30m8.747s"}
        --- FAIL: TestOverload (5.01s)
        panic: could not apply tx 0 [0x135210bc16eb6953aa62a278ee000101315ab6afa3694f8a01b025dcb3c484b0]: insufficient funds for gas * price + value: address 0xDEb2F94b551A99157F010DdF302dbc1aac0d3f44 have 0 want 6383700000127674 [recovered]
        	panic: could not apply tx 0 [0x135210bc16eb6953aa62a278ee000101315ab6afa3694f8a01b025dcb3c484b0]: insufficient funds for gas * price + value: address 0xDEb2F94b551A99157F010DdF302dbc1aac0d3f44 have 0 want 6383700000127674
        
        goroutine 85 [running]:
        testing.tRunner.func1.2({0xf00aa0, 0xc000882060})
        	/usr/local/go/src/testing/testing.go:1734 +0x21c
        testing.tRunner.func1()
        	/usr/local/go/src/testing/testing.go:1737 +0x35e
        panic({0xf00aa0?, 0xc000882060?})
        	/usr/local/go/src/runtime/panic.go:792 +0x132
        github.com/luxfi/evm/ethclient/simulated.(*Backend).Commit(...)
        	/home/z/work/lux/evm/ethclient/simulated/backend.go:184
        bindtest.TestOverload(0xc0001b2700)
        	/tmp/TestGolangBindingsOverload254601293/001/bindtest/overload_test.go:57 +0x897
        testing.tRunner(0xc0001b2700, 0x11a57f8)
        	/usr/local/go/src/testing/testing.go:1792 +0xf4
        created by testing.(*T).Run in goroutine 1
        	/usr/local/go/src/testing/testing.go:1851 +0x413
        exit status 2
        FAIL	bindtest	5.043s
FAIL
FAIL	github.com/luxfi/evm/accounts/abi/bind	7.680s
?   	github.com/luxfi/evm/accounts/abi/bind/backends	[no test files]
--- FAIL: TestPrecompileBind (0.67s)
    precompile_bind_test.go:712: failed to run binding test: exit status 1
        # github.com/luxfi/node/consensus/consensustest
        /home/z/go/pkg/mod/github.com/luxfi/node@v1.16.15/consensus/consensustest/context.go:24:2: "github.com/luxfi/log" imported and not used
        FAIL	precompilebindtest/DeeplyNestedArray [build failed]
        FAIL	precompilebindtest/Fallback [build failed]
        FAIL	precompilebindtest/HelloWorld [build failed]
        FAIL	precompilebindtest/HelloWorldNoAL [build failed]
        FAIL	precompilebindtest/IEventer [build failed]
        FAIL	precompilebindtest/InputChecker [build failed]
        FAIL	precompilebindtest/OutputChecker [build failed]
        FAIL	precompilebindtest/Slicer [build failed]
        FAIL	precompilebindtest/Structs [build failed]
        FAIL	precompilebindtest/Tupler [build failed]
        FAIL	precompilebindtest/Underscorer [build failed]
        FAIL
FAIL
FAIL	github.com/luxfi/evm/accounts/abi/bind/precompilebind	0.684s
ok  	github.com/luxfi/evm/cmd/abigen	(cached)
ok  	github.com/luxfi/evm/cmd/evm	(cached)
?   	github.com/luxfi/evm/cmd/evm/internal/compiler	[no test files]
?   	github.com/luxfi/evm/cmd/evm/internal/t8ntool	[no test files]
?   	github.com/luxfi/evm/cmd/precompilegen	[no test files]
?   	github.com/luxfi/evm/cmd/simulator/config	[no test files]
?   	github.com/luxfi/evm/cmd/simulator/key	[no test files]
?   	github.com/luxfi/evm/cmd/simulator/load	[no test files]
?   	github.com/luxfi/evm/cmd/simulator/main	[no test files]
?   	github.com/luxfi/evm/cmd/simulator/metrics	[no test files]
?   	github.com/luxfi/evm/cmd/simulator/txs	[no test files]
?   	github.com/luxfi/evm/cmd/utils	[no test files]
ok  	github.com/luxfi/evm/commontype	(cached)
?   	github.com/luxfi/evm/consensus	[no test files]
?   	github.com/luxfi/evm/consensus/compat	[no test files]
ok  	github.com/luxfi/evm/consensus/dummy	(cached)
ok  	github.com/luxfi/evm/consensus/misc/eip4844	(cached)
?   	github.com/luxfi/evm/constants	[no test files]
ok  	github.com/luxfi/evm/core	(cached)
ok  	github.com/luxfi/evm/core/bloombits	(cached)
?   	github.com/luxfi/evm/core/coretest	[no test files]
?   	github.com/luxfi/evm/core/extstate	[no test files]
ok  	github.com/luxfi/evm/core/state	(cached)
?   	github.com/luxfi/evm/core/state/pruner	[no test files]
ok  	github.com/luxfi/evm/core/state/snapshot	(cached)
?   	github.com/luxfi/evm/core/stateconf	[no test files]
?   	github.com/luxfi/evm/core/txpool	[no test files]
ok  	github.com/luxfi/evm/core/txpool/blobpool	(cached)
ok  	github.com/luxfi/evm/core/txpool/legacypool	(cached)
ok  	github.com/luxfi/evm/core/vm/runtime	(cached)
ok  	github.com/luxfi/evm/eth	(cached)
?   	github.com/luxfi/evm/eth/ethconfig	[no test files]
ok  	github.com/luxfi/evm/eth/filters	(cached)
?   	github.com/luxfi/evm/eth/gasestimator	[no test files]
2025-09-08T01:30:11.388Z	INFO	core/blockchain.go:417	
2025-09-08T01:30:11.388Z	INFO	core/blockchain.go:418	---------------------------------------------------------------------------------------------------------------------------------------------------------
2025-09-08T01:30:11.388Z	INFO	core/blockchain.go:420	Chain ID:  1 (mainnet)
2025-09-08T01:30:11.388Z	INFO	core/blockchain.go:420	Consensus: unknown
2025-09-08T01:30:11.388Z	INFO	core/blockchain.go:420	
2025-09-08T01:30:11.388Z	INFO	core/blockchain.go:420	Pre-Merge hard forks (block based):
2025-09-08T01:30:11.388Z	INFO	core/blockchain.go:420	 - Homestead:                   #0        (https://github.com/ethereum/execution-specs/blob/master/network-upgrades/mainnet-upgrades/homestead.md)
2025-09-08T01:30:11.388Z	INFO	core/blockchain.go:420	 - Tangerine Whistle (EIP 150): #0        (https://github.com/ethereum/execution-specs/blob/master/network-upgrades/mainnet-upgrades/tangerine-whistle.md)
2025-09-08T01:30:11.388Z	INFO	core/blockchain.go:420	 - Spurious Dragon/1 (EIP 155): #0        (https://github.com/ethereum/execution-specs/blob/master/network-upgrades/mainnet-upgrades/spurious-dragon.md)
2025-09-08T01:30:11.388Z	INFO	core/blockchain.go:420	 - Spurious Dragon/2 (EIP 158): #0        (https://github.com/ethereum/execution-specs/blob/master/network-upgrades/mainnet-upgrades/spurious-dragon.md)
2025-09-08T01:30:11.388Z	INFO	core/blockchain.go:420	 - Byzantium:                   #0        (https://github.com/ethereum/execution-specs/blob/master/network-upgrades/mainnet-upgrades/byzantium.md)
2025-09-08T01:30:11.388Z	INFO	core/blockchain.go:420	 - Constantinople:              #0        (https://github.com/ethereum/execution-specs/blob/master/network-upgrades/mainnet-upgrades/constantinople.md)
2025-09-08T01:30:11.388Z	INFO	core/blockchain.go:420	 - Petersburg:                  #0        (https://github.com/ethereum/execution-specs/blob/master/network-upgrades/mainnet-upgrades/petersburg.md)
2025-09-08T01:30:11.388Z	INFO	core/blockchain.go:420	 - Istanbul:                    #0        (https://github.com/ethereum/execution-specs/blob/master/network-upgrades/mainnet-upgrades/istanbul.md)
2025-09-08T01:30:11.388Z	INFO	core/blockchain.go:420	 - Muir Glacier:                #0        (https://github.com/ethereum/execution-specs/blob/master/network-upgrades/mainnet-upgrades/muir-glacier.md)
2025-09-08T01:30:11.389Z	INFO	core/blockchain.go:420	 - Berlin:                      #0        (https://github.com/ethereum/execution-specs/blob/master/network-upgrades/mainnet-upgrades/berlin.md)
2025-09-08T01:30:11.389Z	INFO	core/blockchain.go:420	 - London:                      #0        (https://github.com/ethereum/execution-specs/blob/master/network-upgrades/mainnet-upgrades/london.md)
2025-09-08T01:30:11.389Z	INFO	core/blockchain.go:420	
2025-09-08T01:30:11.389Z	INFO	core/blockchain.go:420	Merge configured:
2025-09-08T01:30:11.389Z	INFO	core/blockchain.go:420	 - Hard-fork specification:    https://github.com/ethereum/execution-specs/blob/master/network-upgrades/mainnet-upgrades/paris.md
2025-09-08T01:30:11.389Z	INFO	core/blockchain.go:420	 - Network known to be merged
2025-09-08T01:30:11.389Z	INFO	core/blockchain.go:420	 - Total terminal difficulty:  <nil>
2025-09-08T01:30:11.389Z	INFO	core/blockchain.go:420	
2025-09-08T01:30:11.389Z	INFO	core/blockchain.go:420	Post-Merge hard forks (timestamp based):
2025-09-08T01:30:11.389Z	INFO	core/blockchain.go:420	 - Shanghai:                    @0          (https://github.com/ethereum/execution-specs/blob/master/network-upgrades/mainnet-upgrades/shanghai.md)
2025-09-08T01:30:11.389Z	INFO	core/blockchain.go:420	 - Cancun:                      @0          (https://github.com/ethereum/execution-specs/blob/master/network-upgrades/mainnet-upgrades/cancun.md)
2025-09-08T01:30:11.389Z	INFO	core/blockchain.go:420	
2025-09-08T01:30:11.389Z	INFO	core/blockchain.go:422	---------------------------------------------------------------------------------------------------------------------------------------------------------
2025-09-08T01:30:11.389Z	INFO	core/blockchain.go:423	
2025-09-08T01:30:11.391Z	INFO	core/blockchain.go:1841	Initializing snapshots	{"async": false, "rebuild": true, "headHash": "0x1c464c5feb0443a0248b50da5338c02fcff0d8f1ae3ea18439fa9b38917476d3", "headRoot": "0x4d7abf56a39f4ee0283ec94129f35b91065c7c526a6f7bdc83fe6aba53bf9b3b"}
2025-09-08T01:30:11.391Z	WARN	snapshot/snapshot.go:219	Failed to load snapshot, regenerating	{"err": "missing or corrupted snapshot, no snapshot block hash"}
2025-09-08T01:30:11.391Z	INFO	snapshot/snapshot.go:826	Rebuilding state snapshot
2025-09-08T01:30:11.391Z	INFO	snapshot/wipe.go:135	Deleted state snapshot leftovers	{"kind": "accounts", "wiped": 0, "elapsed": "43.504µs"}
2025-09-08T01:30:11.391Z	INFO	snapshot/wipe.go:135	Deleted state snapshot leftovers	{"kind": "storage", "wiped": 0, "elapsed": "2.57µs"}
2025-09-08T01:30:11.392Z	INFO	snapshot/snapshot.go:390	Waiting for snapshot generation	{"root": "0x4d7abf56a39f4ee0283ec94129f35b91065c7c526a6f7bdc83fe6aba53bf9b3b"}
2025-09-08T01:30:11.392Z	INFO	snapshot/context.go:106	Wiper running, state snapshotting paused	{"accounts": 0, "slots": 0, "storage": "0.00 B", "elapsed": "612.676µs"}
2025-09-08T01:30:11.392Z	INFO	snapshot/generate.go:321	Generated state snapshot	{"accounts": 1, "slots": 0, "storage": "48.00 B", "elapsed": "32.571µs"}
2025-09-08T01:30:11.392Z	INFO	core/blockchain.go:593	Not warming accepted cache because there are no accepted blocks
2025-09-08T01:30:11.392Z	INFO	core/blockchain.go:618	Starting Acceptor	{"queue length": 64}
--- FAIL: TestFeeInfoProvider (0.18s)
    gasprice_test.go:156: Failed to insert chain, could not apply tx 0 [0x9f6f7460737a628070de5a504c69606194a67035182bdd2b4c41607e82daeaab]: insufficient funds for gas * price + value: address 0x71562b71999873DB5b286dF957af199Ec94617F7 have 0 want 1680000000000000
2025-09-08T01:30:11.395Z	INFO	core/blockchain.go:417	
2025-09-08T01:30:11.395Z	INFO	core/blockchain.go:418	---------------------------------------------------------------------------------------------------------------------------------------------------------
2025-09-08T01:30:11.395Z	INFO	core/blockchain.go:420	Chain ID:  1 (mainnet)
2025-09-08T01:30:11.395Z	INFO	core/blockchain.go:420	Consensus: unknown
2025-09-08T01:30:11.395Z	INFO	core/blockchain.go:420	
2025-09-08T01:30:11.395Z	INFO	core/blockchain.go:420	Pre-Merge hard forks (block based):
2025-09-08T01:30:11.395Z	INFO	core/blockchain.go:420	 - Homestead:                   #0        (https://github.com/ethereum/execution-specs/blob/master/network-upgrades/mainnet-upgrades/homestead.md)
2025-09-08T01:30:11.395Z	INFO	core/blockchain.go:420	 - Tangerine Whistle (EIP 150): #0        (https://github.com/ethereum/execution-specs/blob/master/network-upgrades/mainnet-upgrades/tangerine-whistle.md)
2025-09-08T01:30:11.395Z	INFO	core/blockchain.go:420	 - Spurious Dragon/1 (EIP 155): #0        (https://github.com/ethereum/execution-specs/blob/master/network-upgrades/mainnet-upgrades/spurious-dragon.md)
2025-09-08T01:30:11.395Z	INFO	core/blockchain.go:420	 - Spurious Dragon/2 (EIP 158): #0        (https://github.com/ethereum/execution-specs/blob/master/network-upgrades/mainnet-upgrades/spurious-dragon.md)
2025-09-08T01:30:11.395Z	INFO	core/blockchain.go:420	 - Byzantium:                   #0        (https://github.com/ethereum/execution-specs/blob/master/network-upgrades/mainnet-upgrades/byzantium.md)
2025-09-08T01:30:11.395Z	INFO	core/blockchain.go:420	 - Constantinople:              #0        (https://github.com/ethereum/execution-specs/blob/master/network-upgrades/mainnet-upgrades/constantinople.md)
2025-09-08T01:30:11.395Z	INFO	core/blockchain.go:420	 - Petersburg:                  #0        (https://github.com/ethereum/execution-specs/blob/master/network-upgrades/mainnet-upgrades/petersburg.md)
2025-09-08T01:30:11.395Z	INFO	core/blockchain.go:420	 - Istanbul:                    #0        (https://github.com/ethereum/execution-specs/blob/master/network-upgrades/mainnet-upgrades/istanbul.md)
2025-09-08T01:30:11.395Z	INFO	core/blockchain.go:420	 - Muir Glacier:                #0        (https://github.com/ethereum/execution-specs/blob/master/network-upgrades/mainnet-upgrades/muir-glacier.md)
2025-09-08T01:30:11.395Z	INFO	core/blockchain.go:420	 - Berlin:                      #0        (https://github.com/ethereum/execution-specs/blob/master/network-upgrades/mainnet-upgrades/berlin.md)
2025-09-08T01:30:11.395Z	INFO	core/blockchain.go:420	 - London:                      #0        (https://github.com/ethereum/execution-specs/blob/master/network-upgrades/mainnet-upgrades/london.md)
2025-09-08T01:30:11.395Z	INFO	core/blockchain.go:420	
2025-09-08T01:30:11.395Z	INFO	core/blockchain.go:420	Merge configured:
2025-09-08T01:30:11.395Z	INFO	core/blockchain.go:420	 - Hard-fork specification:    https://github.com/ethereum/execution-specs/blob/master/network-upgrades/mainnet-upgrades/paris.md
2025-09-08T01:30:11.395Z	INFO	core/blockchain.go:420	 - Network known to be merged
2025-09-08T01:30:11.395Z	INFO	core/blockchain.go:420	 - Total terminal difficulty:  <nil>
2025-09-08T01:30:11.395Z	INFO	core/blockchain.go:420	
2025-09-08T01:30:11.395Z	INFO	core/blockchain.go:420	Post-Merge hard forks (timestamp based):
2025-09-08T01:30:11.395Z	INFO	core/blockchain.go:420	 - Shanghai:                    @0          (https://github.com/ethereum/execution-specs/blob/master/network-upgrades/mainnet-upgrades/shanghai.md)
2025-09-08T01:30:11.395Z	INFO	core/blockchain.go:420	 - Cancun:                      @0          (https://github.com/ethereum/execution-specs/blob/master/network-upgrades/mainnet-upgrades/cancun.md)
2025-09-08T01:30:11.396Z	INFO	core/blockchain.go:420	
2025-09-08T01:30:11.396Z	INFO	core/blockchain.go:422	---------------------------------------------------------------------------------------------------------------------------------------------------------
2025-09-08T01:30:11.396Z	INFO	core/blockchain.go:423	
2025-09-08T01:30:11.396Z	INFO	core/blockchain.go:1841	Initializing snapshots	{"async": false, "rebuild": true, "headHash": "0x1c464c5feb0443a0248b50da5338c02fcff0d8f1ae3ea18439fa9b38917476d3", "headRoot": "0x4d7abf56a39f4ee0283ec94129f35b91065c7c526a6f7bdc83fe6aba53bf9b3b"}
2025-09-08T01:30:11.396Z	WARN	snapshot/snapshot.go:219	Failed to load snapshot, regenerating	{"err": "missing or corrupted snapshot, no snapshot block hash"}
2025-09-08T01:30:11.396Z	INFO	snapshot/snapshot.go:826	Rebuilding state snapshot
2025-09-08T01:30:11.397Z	INFO	snapshot/snapshot.go:390	Waiting for snapshot generation	{"root": "0x4d7abf56a39f4ee0283ec94129f35b91065c7c526a6f7bdc83fe6aba53bf9b3b"}
2025-09-08T01:30:11.397Z	INFO	snapshot/context.go:106	Wiper running, state snapshotting paused	{"accounts": 0, "slots": 0, "storage": "0.00 B", "elapsed": "483.955µs"}
2025-09-08T01:30:11.397Z	INFO	snapshot/wipe.go:135	Deleted state snapshot leftovers	{"kind": "accounts", "wiped": 0, "elapsed": "13.164µs"}
2025-09-08T01:30:11.397Z	INFO	snapshot/wipe.go:135	Deleted state snapshot leftovers	{"kind": "storage", "wiped": 0, "elapsed": "2.37µs"}
2025-09-08T01:30:11.397Z	INFO	snapshot/generate.go:321	Generated state snapshot	{"accounts": 1, "slots": 0, "storage": "48.00 B", "elapsed": "28.185µs"}
2025-09-08T01:30:11.397Z	INFO	core/blockchain.go:593	Not warming accepted cache because there are no accepted blocks
2025-09-08T01:30:11.397Z	INFO	core/blockchain.go:618	Starting Acceptor	{"queue length": 64}
2025-09-08T01:30:11.415Z	INFO	core/blockchain.go:417	
2025-09-08T01:30:11.415Z	INFO	core/blockchain.go:418	---------------------------------------------------------------------------------------------------------------------------------------------------------
2025-09-08T01:30:11.415Z	INFO	core/blockchain.go:420	Chain ID:  1 (mainnet)
2025-09-08T01:30:11.415Z	INFO	core/blockchain.go:420	Consensus: unknown
2025-09-08T01:30:11.415Z	INFO	core/blockchain.go:420	
2025-09-08T01:30:11.415Z	INFO	core/blockchain.go:420	Pre-Merge hard forks (block based):
2025-09-08T01:30:11.415Z	INFO	core/blockchain.go:420	 - Homestead:                   #0        (https://github.com/ethereum/execution-specs/blob/master/network-upgrades/mainnet-upgrades/homestead.md)
2025-09-08T01:30:11.415Z	INFO	core/blockchain.go:420	 - Tangerine Whistle (EIP 150): #0        (https://github.com/ethereum/execution-specs/blob/master/network-upgrades/mainnet-upgrades/tangerine-whistle.md)
2025-09-08T01:30:11.415Z	INFO	core/blockchain.go:420	 - Spurious Dragon/1 (EIP 155): #0        (https://github.com/ethereum/execution-specs/blob/master/network-upgrades/mainnet-upgrades/spurious-dragon.md)
2025-09-08T01:30:11.415Z	INFO	core/blockchain.go:420	 - Spurious Dragon/2 (EIP 158): #0        (https://github.com/ethereum/execution-specs/blob/master/network-upgrades/mainnet-upgrades/spurious-dragon.md)
2025-09-08T01:30:11.415Z	INFO	core/blockchain.go:420	 - Byzantium:                   #0        (https://github.com/ethereum/execution-specs/blob/master/network-upgrades/mainnet-upgrades/byzantium.md)
2025-09-08T01:30:11.415Z	INFO	core/blockchain.go:420	 - Constantinople:              #0        (https://github.com/ethereum/execution-specs/blob/master/network-upgrades/mainnet-upgrades/constantinople.md)
2025-09-08T01:30:11.415Z	INFO	core/blockchain.go:420	 - Petersburg:                  #0        (https://github.com/ethereum/execution-specs/blob/master/network-upgrades/mainnet-upgrades/petersburg.md)
2025-09-08T01:30:11.415Z	INFO	core/blockchain.go:420	 - Istanbul:                    #0        (https://github.com/ethereum/execution-specs/blob/master/network-upgrades/mainnet-upgrades/istanbul.md)
2025-09-08T01:30:11.415Z	INFO	core/blockchain.go:420	 - Muir Glacier:                #0        (https://github.com/ethereum/execution-specs/blob/master/network-upgrades/mainnet-upgrades/muir-glacier.md)
2025-09-08T01:30:11.415Z	INFO	core/blockchain.go:420	 - Berlin:                      #0        (https://github.com/ethereum/execution-specs/blob/master/network-upgrades/mainnet-upgrades/berlin.md)
2025-09-08T01:30:11.415Z	INFO	core/blockchain.go:420	 - London:                      #0        (https://github.com/ethereum/execution-specs/blob/master/network-upgrades/mainnet-upgrades/london.md)
2025-09-08T01:30:11.416Z	INFO	core/blockchain.go:420	
2025-09-08T01:30:11.416Z	INFO	core/blockchain.go:420	Merge configured:
2025-09-08T01:30:11.416Z	INFO	core/blockchain.go:420	 - Hard-fork specification:    https://github.com/ethereum/execution-specs/blob/master/network-upgrades/mainnet-upgrades/paris.md
2025-09-08T01:30:11.416Z	INFO	core/blockchain.go:420	 - Network known to be merged
2025-09-08T01:30:11.416Z	INFO	core/blockchain.go:420	 - Total terminal difficulty:  <nil>
2025-09-08T01:30:11.416Z	INFO	core/blockchain.go:420	
2025-09-08T01:30:11.416Z	INFO	core/blockchain.go:420	Post-Merge hard forks (timestamp based):
2025-09-08T01:30:11.416Z	INFO	core/blockchain.go:420	 - Shanghai:                    @0          (https://github.com/ethereum/execution-specs/blob/master/network-upgrades/mainnet-upgrades/shanghai.md)
2025-09-08T01:30:11.416Z	INFO	core/blockchain.go:420	 - Cancun:                      @0          (https://github.com/ethereum/execution-specs/blob/master/network-upgrades/mainnet-upgrades/cancun.md)
2025-09-08T01:30:11.416Z	INFO	core/blockchain.go:420	
2025-09-08T01:30:11.416Z	INFO	core/blockchain.go:422	---------------------------------------------------------------------------------------------------------------------------------------------------------
2025-09-08T01:30:11.416Z	INFO	core/blockchain.go:423	
2025-09-08T01:30:11.416Z	INFO	core/blockchain.go:1841	Initializing snapshots	{"async": false, "rebuild": true, "headHash": "0x1c464c5feb0443a0248b50da5338c02fcff0d8f1ae3ea18439fa9b38917476d3", "headRoot": "0x4d7abf56a39f4ee0283ec94129f35b91065c7c526a6f7bdc83fe6aba53bf9b3b"}
2025-09-08T01:30:11.416Z	WARN	snapshot/snapshot.go:219	Failed to load snapshot, regenerating	{"err": "missing or corrupted snapshot, no snapshot block hash"}
2025-09-08T01:30:11.416Z	INFO	snapshot/snapshot.go:826	Rebuilding state snapshot
2025-09-08T01:30:11.417Z	INFO	snapshot/wipe.go:135	Deleted state snapshot leftovers	{"kind": "accounts", "wiped": 0, "elapsed": "36.001µs"}
2025-09-08T01:30:11.417Z	INFO	snapshot/wipe.go:135	Deleted state snapshot leftovers	{"kind": "storage", "wiped": 0, "elapsed": "8.419µs"}
2025-09-08T01:30:11.417Z	INFO	snapshot/snapshot.go:390	Waiting for snapshot generation	{"root": "0x4d7abf56a39f4ee0283ec94129f35b91065c7c526a6f7bdc83fe6aba53bf9b3b"}
2025-09-08T01:30:11.417Z	INFO	snapshot/context.go:106	Wiper running, state snapshotting paused	{"accounts": 0, "slots": 0, "storage": "0.00 B", "elapsed": "281.249µs"}
2025-09-08T01:30:11.417Z	INFO	snapshot/generate.go:321	Generated state snapshot	{"accounts": 1, "slots": 0, "storage": "48.00 B", "elapsed": "34.336µs"}
2025-09-08T01:30:11.417Z	INFO	core/blockchain.go:593	Not warming accepted cache because there are no accepted blocks
2025-09-08T01:30:11.417Z	INFO	core/blockchain.go:618	Starting Acceptor	{"queue length": 64}
--- FAIL: TestFeeHistory (0.02s)
    gasprice_test.go:129: Failed to insert chain, could not apply tx 0 [0xd219c968c03f1198e30f272d26e80defd6411b8f36d04e27c5ff30e603617f5f]: insufficient funds for gas * price + value: address 0x71562b71999873DB5b286dF957af199Ec94617F7 have 0 want 546000000000000
2025-09-08T01:30:11.418Z	INFO	core/blockchain.go:417	
2025-09-08T01:30:11.418Z	INFO	core/blockchain.go:418	---------------------------------------------------------------------------------------------------------------------------------------------------------
2025-09-08T01:30:11.418Z	INFO	core/blockchain.go:420	Chain ID:  1 (mainnet)
2025-09-08T01:30:11.418Z	INFO	core/blockchain.go:420	Consensus: unknown
2025-09-08T01:30:11.418Z	INFO	core/blockchain.go:420	
2025-09-08T01:30:11.418Z	INFO	core/blockchain.go:420	Pre-Merge hard forks (block based):
2025-09-08T01:30:11.418Z	INFO	core/blockchain.go:420	 - Homestead:                   #0        (https://github.com/ethereum/execution-specs/blob/master/network-upgrades/mainnet-upgrades/homestead.md)
2025-09-08T01:30:11.418Z	INFO	core/blockchain.go:420	 - Tangerine Whistle (EIP 150): #0        (https://github.com/ethereum/execution-specs/blob/master/network-upgrades/mainnet-upgrades/tangerine-whistle.md)
2025-09-08T01:30:11.418Z	INFO	core/blockchain.go:420	 - Spurious Dragon/1 (EIP 155): #0        (https://github.com/ethereum/execution-specs/blob/master/network-upgrades/mainnet-upgrades/spurious-dragon.md)
2025-09-08T01:30:11.418Z	INFO	core/blockchain.go:420	 - Spurious Dragon/2 (EIP 158): #0        (https://github.com/ethereum/execution-specs/blob/master/network-upgrades/mainnet-upgrades/spurious-dragon.md)
2025-09-08T01:30:11.418Z	INFO	core/blockchain.go:420	 - Byzantium:                   #0        (https://github.com/ethereum/execution-specs/blob/master/network-upgrades/mainnet-upgrades/byzantium.md)
2025-09-08T01:30:11.418Z	INFO	core/blockchain.go:420	 - Constantinople:              #0        (https://github.com/ethereum/execution-specs/blob/master/network-upgrades/mainnet-upgrades/constantinople.md)
2025-09-08T01:30:11.418Z	INFO	core/blockchain.go:420	 - Petersburg:                  #0        (https://github.com/ethereum/execution-specs/blob/master/network-upgrades/mainnet-upgrades/petersburg.md)
2025-09-08T01:30:11.418Z	INFO	core/blockchain.go:420	 - Istanbul:                    #0        (https://github.com/ethereum/execution-specs/blob/master/network-upgrades/mainnet-upgrades/istanbul.md)
2025-09-08T01:30:11.418Z	INFO	core/blockchain.go:420	 - Muir Glacier:                #0        (https://github.com/ethereum/execution-specs/blob/master/network-upgrades/mainnet-upgrades/muir-glacier.md)
2025-09-08T01:30:11.419Z	INFO	core/blockchain.go:420	 - Berlin:                      #0        (https://github.com/ethereum/execution-specs/blob/master/network-upgrades/mainnet-upgrades/berlin.md)
2025-09-08T01:30:11.419Z	INFO	core/blockchain.go:420	 - London:                      #0        (https://github.com/ethereum/execution-specs/blob/master/network-upgrades/mainnet-upgrades/london.md)
2025-09-08T01:30:11.419Z	INFO	core/blockchain.go:420	
2025-09-08T01:30:11.419Z	INFO	core/blockchain.go:420	Merge configured:
2025-09-08T01:30:11.419Z	INFO	core/blockchain.go:420	 - Hard-fork specification:    https://github.com/ethereum/execution-specs/blob/master/network-upgrades/mainnet-upgrades/paris.md
2025-09-08T01:30:11.419Z	INFO	core/blockchain.go:420	 - Network known to be merged
2025-09-08T01:30:11.419Z	INFO	core/blockchain.go:420	 - Total terminal difficulty:  <nil>
2025-09-08T01:30:11.419Z	INFO	core/blockchain.go:420	
2025-09-08T01:30:11.419Z	INFO	core/blockchain.go:420	Post-Merge hard forks (timestamp based):
2025-09-08T01:30:11.419Z	INFO	core/blockchain.go:420	 - Shanghai:                    @0          (https://github.com/ethereum/execution-specs/blob/master/network-upgrades/mainnet-upgrades/shanghai.md)
2025-09-08T01:30:11.419Z	INFO	core/blockchain.go:420	 - Cancun:                      @0          (https://github.com/ethereum/execution-specs/blob/master/network-upgrades/mainnet-upgrades/cancun.md)
2025-09-08T01:30:11.419Z	INFO	core/blockchain.go:420	
2025-09-08T01:30:11.419Z	INFO	core/blockchain.go:422	---------------------------------------------------------------------------------------------------------------------------------------------------------
2025-09-08T01:30:11.419Z	INFO	core/blockchain.go:423	
2025-09-08T01:30:11.419Z	INFO	core/blockchain.go:1841	Initializing snapshots	{"async": false, "rebuild": true, "headHash": "0x1c464c5feb0443a0248b50da5338c02fcff0d8f1ae3ea18439fa9b38917476d3", "headRoot": "0x4d7abf56a39f4ee0283ec94129f35b91065c7c526a6f7bdc83fe6aba53bf9b3b"}
2025-09-08T01:30:11.419Z	WARN	snapshot/snapshot.go:219	Failed to load snapshot, regenerating	{"err": "missing or corrupted snapshot, no snapshot block hash"}
2025-09-08T01:30:11.419Z	INFO	snapshot/snapshot.go:826	Rebuilding state snapshot
2025-09-08T01:30:11.419Z	INFO	snapshot/wipe.go:135	Deleted state snapshot leftovers	{"kind": "accounts", "wiped": 0, "elapsed": "23.951µs"}
2025-09-08T01:30:11.420Z	INFO	snapshot/wipe.go:135	Deleted state snapshot leftovers	{"kind": "storage", "wiped": 0, "elapsed": "2.647µs"}
2025-09-08T01:30:11.420Z	INFO	snapshot/snapshot.go:390	Waiting for snapshot generation	{"root": "0x4d7abf56a39f4ee0283ec94129f35b91065c7c526a6f7bdc83fe6aba53bf9b3b"}
2025-09-08T01:30:11.420Z	INFO	snapshot/context.go:106	Wiper running, state snapshotting paused	{"accounts": 0, "slots": 0, "storage": "0.00 B", "elapsed": "452.117µs"}
2025-09-08T01:30:11.420Z	INFO	snapshot/generate.go:321	Generated state snapshot	{"accounts": 1, "slots": 0, "storage": "48.00 B", "elapsed": "28.722µs"}
2025-09-08T01:30:11.420Z	INFO	core/blockchain.go:593	Not warming accepted cache because there are no accepted blocks
2025-09-08T01:30:11.420Z	WARN	gasprice/gasprice.go:158	Sanitizing invalid gasprice oracle max price	{"provided": "<nil>", "updated": "150000000000"}
2025-09-08T01:30:11.420Z	WARN	gasprice/gasprice.go:163	Sanitizing invalid gasprice oracle min price	{"provided": "<nil>", "updated": "0"}
2025-09-08T01:30:11.420Z	WARN	gasprice/gasprice.go:168	Sanitizing invalid gasprice oracle min gas used	{"provided": "<nil>", "updated": "6000000"}
2025-09-08T01:30:11.420Z	WARN	gasprice/gasprice.go:173	Sanitizing invalid gasprice oracle max call block history	{"provided": 0, "updated": 2048}
2025-09-08T01:30:11.420Z	WARN	gasprice/gasprice.go:178	Sanitizing invalid gasprice oracle max block history	{"provided": 0, "updated": 25000}
2025-09-08T01:30:11.420Z	INFO	core/blockchain.go:987	Closing quit channel
2025-09-08T01:30:11.420Z	INFO	core/blockchain.go:990	Stopping Acceptor
2025-09-08T01:30:11.420Z	INFO	core/blockchain.go:618	Starting Acceptor	{"queue length": 64}
2025-09-08T01:30:11.420Z	INFO	core/blockchain.go:993	Acceptor queue drained	{"t": 0.000000596}
2025-09-08T01:30:11.420Z	INFO	core/blockchain.go:996	Shutting down sender cacher
2025-09-08T01:30:11.420Z	INFO	core/blockchain.go:1000	Closing scope
2025-09-08T01:30:11.420Z	INFO	core/blockchain.go:1004	Waiting for background processes to complete
2025-09-08T01:30:11.421Z	INFO	core/blockchain.go:1023	Shutting down state manager
2025-09-08T01:30:11.421Z	INFO	core/blockchain.go:1028	State manager shut down	{"t": 0.000000735}
2025-09-08T01:30:11.421Z	INFO	core/blockchain.go:1033	Blockchain stopped
2025-09-08T01:30:11.664Z	INFO	core/blockchain.go:417	
2025-09-08T01:30:11.664Z	INFO	core/blockchain.go:418	---------------------------------------------------------------------------------------------------------------------------------------------------------
2025-09-08T01:30:11.664Z	INFO	core/blockchain.go:420	Chain ID:  1 (mainnet)
2025-09-08T01:30:11.664Z	INFO	core/blockchain.go:420	Consensus: unknown
2025-09-08T01:30:11.664Z	INFO	core/blockchain.go:420	
2025-09-08T01:30:11.664Z	INFO	core/blockchain.go:420	Pre-Merge hard forks (block based):
2025-09-08T01:30:11.664Z	INFO	core/blockchain.go:420	 - Homestead:                   #0        (https://github.com/ethereum/execution-specs/blob/master/network-upgrades/mainnet-upgrades/homestead.md)
2025-09-08T01:30:11.664Z	INFO	core/blockchain.go:420	 - Tangerine Whistle (EIP 150): #0        (https://github.com/ethereum/execution-specs/blob/master/network-upgrades/mainnet-upgrades/tangerine-whistle.md)
2025-09-08T01:30:11.664Z	INFO	core/blockchain.go:420	 - Spurious Dragon/1 (EIP 155): #0        (https://github.com/ethereum/execution-specs/blob/master/network-upgrades/mainnet-upgrades/spurious-dragon.md)
2025-09-08T01:30:11.664Z	INFO	core/blockchain.go:420	 - Spurious Dragon/2 (EIP 158): #0        (https://github.com/ethereum/execution-specs/blob/master/network-upgrades/mainnet-upgrades/spurious-dragon.md)
2025-09-08T01:30:11.664Z	INFO	core/blockchain.go:420	 - Byzantium:                   #0        (https://github.com/ethereum/execution-specs/blob/master/network-upgrades/mainnet-upgrades/byzantium.md)
2025-09-08T01:30:11.664Z	INFO	core/blockchain.go:420	 - Constantinople:              #0        (https://github.com/ethereum/execution-specs/blob/master/network-upgrades/mainnet-upgrades/constantinople.md)
2025-09-08T01:30:11.664Z	INFO	core/blockchain.go:420	 - Petersburg:                  #0        (https://github.com/ethereum/execution-specs/blob/master/network-upgrades/mainnet-upgrades/petersburg.md)
2025-09-08T01:30:11.664Z	INFO	core/blockchain.go:420	 - Istanbul:                    #0        (https://github.com/ethereum/execution-specs/blob/master/network-upgrades/mainnet-upgrades/istanbul.md)
2025-09-08T01:30:11.664Z	INFO	core/blockchain.go:420	 - Muir Glacier:                #0        (https://github.com/ethereum/execution-specs/blob/master/network-upgrades/mainnet-upgrades/muir-glacier.md)
2025-09-08T01:30:11.664Z	INFO	core/blockchain.go:420	 - Berlin:                      #0        (https://github.com/ethereum/execution-specs/blob/master/network-upgrades/mainnet-upgrades/berlin.md)
2025-09-08T01:30:11.664Z	INFO	core/blockchain.go:420	 - London:                      #0        (https://github.com/ethereum/execution-specs/blob/master/network-upgrades/mainnet-upgrades/london.md)
2025-09-08T01:30:11.664Z	INFO	core/blockchain.go:420	
2025-09-08T01:30:11.664Z	INFO	core/blockchain.go:420	Merge configured:
2025-09-08T01:30:11.664Z	INFO	core/blockchain.go:420	 - Hard-fork specification:    https://github.com/ethereum/execution-specs/blob/master/network-upgrades/mainnet-upgrades/paris.md
2025-09-08T01:30:11.664Z	INFO	core/blockchain.go:420	 - Network known to be merged
2025-09-08T01:30:11.664Z	INFO	core/blockchain.go:420	 - Total terminal difficulty:  <nil>
2025-09-08T01:30:11.664Z	INFO	core/blockchain.go:420	
2025-09-08T01:30:11.664Z	INFO	core/blockchain.go:420	Post-Merge hard forks (timestamp based):
2025-09-08T01:30:11.664Z	INFO	core/blockchain.go:420	 - Shanghai:                    @0          (https://github.com/ethereum/execution-specs/blob/master/network-upgrades/mainnet-upgrades/shanghai.md)
2025-09-08T01:30:11.665Z	INFO	core/blockchain.go:420	 - Cancun:                      @0          (https://github.com/ethereum/execution-specs/blob/master/network-upgrades/mainnet-upgrades/cancun.md)
2025-09-08T01:30:11.665Z	INFO	core/blockchain.go:420	
2025-09-08T01:30:11.665Z	INFO	core/blockchain.go:422	---------------------------------------------------------------------------------------------------------------------------------------------------------
2025-09-08T01:30:11.665Z	INFO	core/blockchain.go:423	
2025-09-08T01:30:11.665Z	INFO	core/blockchain.go:1841	Initializing snapshots	{"async": false, "rebuild": true, "headHash": "0x1c464c5feb0443a0248b50da5338c02fcff0d8f1ae3ea18439fa9b38917476d3", "headRoot": "0x4d7abf56a39f4ee0283ec94129f35b91065c7c526a6f7bdc83fe6aba53bf9b3b"}
2025-09-08T01:30:11.665Z	WARN	snapshot/snapshot.go:219	Failed to load snapshot, regenerating	{"err": "missing or corrupted snapshot, no snapshot block hash"}
2025-09-08T01:30:11.665Z	INFO	snapshot/snapshot.go:826	Rebuilding state snapshot
2025-09-08T01:30:11.665Z	INFO	snapshot/wipe.go:135	Deleted state snapshot leftovers	{"kind": "accounts", "wiped": 0, "elapsed": "18.653µs"}
2025-09-08T01:30:11.666Z	INFO	snapshot/wipe.go:135	Deleted state snapshot leftovers	{"kind": "storage", "wiped": 0, "elapsed": "48.305µs"}
2025-09-08T01:30:11.667Z	INFO	snapshot/snapshot.go:390	Waiting for snapshot generation	{"root": "0x4d7abf56a39f4ee0283ec94129f35b91065c7c526a6f7bdc83fe6aba53bf9b3b"}
2025-09-08T01:30:11.667Z	INFO	snapshot/context.go:106	Wiper running, state snapshotting paused	{"accounts": 0, "slots": 0, "storage": "0.00 B", "elapsed": "1.336ms"}
2025-09-08T01:30:11.667Z	INFO	snapshot/generate.go:321	Generated state snapshot	{"accounts": 1, "slots": 0, "storage": "48.00 B", "elapsed": "443.143µs"}
2025-09-08T01:30:11.668Z	INFO	core/blockchain.go:593	Not warming accepted cache because there are no accepted blocks
2025-09-08T01:30:11.668Z	INFO	core/blockchain.go:618	Starting Acceptor	{"queue length": 64}
--- FAIL: TestSuggestTipCapSimple (0.25s)
    gasprice_test.go:156: Failed to insert chain, could not apply tx 0 [0x9f6f7460737a628070de5a504c69606194a67035182bdd2b4c41607e82daeaab]: insufficient funds for gas * price + value: address 0x71562b71999873DB5b286dF957af199Ec94617F7 have 0 want 1680000000000000
2025-09-08T01:30:11.754Z	INFO	core/blockchain.go:417	
2025-09-08T01:30:11.754Z	INFO	core/blockchain.go:418	---------------------------------------------------------------------------------------------------------------------------------------------------------
2025-09-08T01:30:11.754Z	INFO	core/blockchain.go:420	Chain ID:  1 (mainnet)
2025-09-08T01:30:11.754Z	INFO	core/blockchain.go:420	Consensus: unknown
2025-09-08T01:30:11.754Z	INFO	core/blockchain.go:420	
2025-09-08T01:30:11.754Z	INFO	core/blockchain.go:420	Pre-Merge hard forks (block based):
2025-09-08T01:30:11.754Z	INFO	core/blockchain.go:420	 - Homestead:                   #0        (https://github.com/ethereum/execution-specs/blob/master/network-upgrades/mainnet-upgrades/homestead.md)
2025-09-08T01:30:11.754Z	INFO	core/blockchain.go:420	 - Tangerine Whistle (EIP 150): #0        (https://github.com/ethereum/execution-specs/blob/master/network-upgrades/mainnet-upgrades/tangerine-whistle.md)
2025-09-08T01:30:11.754Z	INFO	core/blockchain.go:420	 - Spurious Dragon/1 (EIP 155): #0        (https://github.com/ethereum/execution-specs/blob/master/network-upgrades/mainnet-upgrades/spurious-dragon.md)
2025-09-08T01:30:11.754Z	INFO	core/blockchain.go:420	 - Spurious Dragon/2 (EIP 158): #0        (https://github.com/ethereum/execution-specs/blob/master/network-upgrades/mainnet-upgrades/spurious-dragon.md)
2025-09-08T01:30:11.754Z	INFO	core/blockchain.go:420	 - Byzantium:                   #0        (https://github.com/ethereum/execution-specs/blob/master/network-upgrades/mainnet-upgrades/byzantium.md)
2025-09-08T01:30:11.754Z	INFO	core/blockchain.go:420	 - Constantinople:              #0        (https://github.com/ethereum/execution-specs/blob/master/network-upgrades/mainnet-upgrades/constantinople.md)
2025-09-08T01:30:11.754Z	INFO	core/blockchain.go:420	 - Petersburg:                  #0        (https://github.com/ethereum/execution-specs/blob/master/network-upgrades/mainnet-upgrades/petersburg.md)
2025-09-08T01:30:11.754Z	INFO	core/blockchain.go:420	 - Istanbul:                    #0        (https://github.com/ethereum/execution-specs/blob/master/network-upgrades/mainnet-upgrades/istanbul.md)
2025-09-08T01:30:11.754Z	INFO	core/blockchain.go:420	 - Muir Glacier:                #0        (https://github.com/ethereum/execution-specs/blob/master/network-upgrades/mainnet-upgrades/muir-glacier.md)
2025-09-08T01:30:11.754Z	INFO	core/blockchain.go:420	 - Berlin:                      #0        (https://github.com/ethereum/execution-specs/blob/master/network-upgrades/mainnet-upgrades/berlin.md)
2025-09-08T01:30:11.754Z	INFO	core/blockchain.go:420	 - London:                      #0        (https://github.com/ethereum/execution-specs/blob/master/network-upgrades/mainnet-upgrades/london.md)
2025-09-08T01:30:11.754Z	INFO	core/blockchain.go:420	
2025-09-08T01:30:11.754Z	INFO	core/blockchain.go:420	Merge configured:
2025-09-08T01:30:11.754Z	INFO	core/blockchain.go:420	 - Hard-fork specification:    https://github.com/ethereum/execution-specs/blob/master/network-upgrades/mainnet-upgrades/paris.md
2025-09-08T01:30:11.754Z	INFO	core/blockchain.go:420	 - Network known to be merged
2025-09-08T01:30:11.754Z	INFO	core/blockchain.go:420	 - Total terminal difficulty:  <nil>
2025-09-08T01:30:11.754Z	INFO	core/blockchain.go:420	
2025-09-08T01:30:11.754Z	INFO	core/blockchain.go:420	Post-Merge hard forks (timestamp based):
2025-09-08T01:30:11.754Z	INFO	core/blockchain.go:420	 - Shanghai:                    @0          (https://github.com/ethereum/execution-specs/blob/master/network-upgrades/mainnet-upgrades/shanghai.md)
2025-09-08T01:30:11.754Z	INFO	core/blockchain.go:420	 - Cancun:                      @0          (https://github.com/ethereum/execution-specs/blob/master/network-upgrades/mainnet-upgrades/cancun.md)
2025-09-08T01:30:11.754Z	INFO	core/blockchain.go:420	
2025-09-08T01:30:11.754Z	INFO	core/blockchain.go:422	---------------------------------------------------------------------------------------------------------------------------------------------------------
2025-09-08T01:30:11.754Z	INFO	core/blockchain.go:423	
2025-09-08T01:30:11.754Z	INFO	core/blockchain.go:1841	Initializing snapshots	{"async": false, "rebuild": true, "headHash": "0x1c464c5feb0443a0248b50da5338c02fcff0d8f1ae3ea18439fa9b38917476d3", "headRoot": "0x4d7abf56a39f4ee0283ec94129f35b91065c7c526a6f7bdc83fe6aba53bf9b3b"}
2025-09-08T01:30:11.755Z	WARN	snapshot/snapshot.go:219	Failed to load snapshot, regenerating	{"err": "missing or corrupted snapshot, no snapshot block hash"}
2025-09-08T01:30:11.755Z	INFO	snapshot/snapshot.go:826	Rebuilding state snapshot
2025-09-08T01:30:11.755Z	INFO	snapshot/wipe.go:135	Deleted state snapshot leftovers	{"kind": "accounts", "wiped": 0, "elapsed": "14.46µs"}
2025-09-08T01:30:11.755Z	INFO	snapshot/wipe.go:135	Deleted state snapshot leftovers	{"kind": "storage", "wiped": 0, "elapsed": "1.622µs"}
2025-09-08T01:30:11.755Z	INFO	snapshot/snapshot.go:390	Waiting for snapshot generation	{"root": "0x4d7abf56a39f4ee0283ec94129f35b91065c7c526a6f7bdc83fe6aba53bf9b3b"}
2025-09-08T01:30:11.755Z	INFO	snapshot/context.go:106	Wiper running, state snapshotting paused	{"accounts": 0, "slots": 0, "storage": "0.00 B", "elapsed": "289.636µs"}
2025-09-08T01:30:11.755Z	INFO	snapshot/generate.go:321	Generated state snapshot	{"accounts": 1, "slots": 0, "storage": "48.00 B", "elapsed": "23.262µs"}
2025-09-08T01:30:11.755Z	INFO	core/blockchain.go:593	Not warming accepted cache because there are no accepted blocks
2025-09-08T01:30:11.755Z	INFO	core/blockchain.go:618	Starting Acceptor	{"queue length": 64}
--- FAIL: TestSuggestTipCapSimpleFloor (0.09s)
    gasprice_test.go:156: Failed to insert chain, could not apply tx 0 [0x9f6f7460737a628070de5a504c69606194a67035182bdd2b4c41607e82daeaab]: insufficient funds for gas * price + value: address 0x71562b71999873DB5b286dF957af199Ec94617F7 have 0 want 1680000000000000
2025-09-08T01:30:11.945Z	INFO	core/blockchain.go:417	
2025-09-08T01:30:11.945Z	INFO	core/blockchain.go:418	---------------------------------------------------------------------------------------------------------------------------------------------------------
2025-09-08T01:30:11.945Z	INFO	core/blockchain.go:420	Chain ID:  1 (mainnet)
2025-09-08T01:30:11.945Z	INFO	core/blockchain.go:420	Consensus: unknown
2025-09-08T01:30:11.945Z	INFO	core/blockchain.go:420	
2025-09-08T01:30:11.945Z	INFO	core/blockchain.go:420	Pre-Merge hard forks (block based):
2025-09-08T01:30:11.945Z	INFO	core/blockchain.go:420	 - Homestead:                   #0        (https://github.com/ethereum/execution-specs/blob/master/network-upgrades/mainnet-upgrades/homestead.md)
2025-09-08T01:30:11.945Z	INFO	core/blockchain.go:420	 - Tangerine Whistle (EIP 150): #0        (https://github.com/ethereum/execution-specs/blob/master/network-upgrades/mainnet-upgrades/tangerine-whistle.md)
2025-09-08T01:30:11.945Z	INFO	core/blockchain.go:420	 - Spurious Dragon/1 (EIP 155): #0        (https://github.com/ethereum/execution-specs/blob/master/network-upgrades/mainnet-upgrades/spurious-dragon.md)
2025-09-08T01:30:11.945Z	INFO	core/blockchain.go:420	 - Spurious Dragon/2 (EIP 158): #0        (https://github.com/ethereum/execution-specs/blob/master/network-upgrades/mainnet-upgrades/spurious-dragon.md)
2025-09-08T01:30:11.945Z	INFO	core/blockchain.go:420	 - Byzantium:                   #0        (https://github.com/ethereum/execution-specs/blob/master/network-upgrades/mainnet-upgrades/byzantium.md)
2025-09-08T01:30:11.945Z	INFO	core/blockchain.go:420	 - Constantinople:              #0        (https://github.com/ethereum/execution-specs/blob/master/network-upgrades/mainnet-upgrades/constantinople.md)
2025-09-08T01:30:11.945Z	INFO	core/blockchain.go:420	 - Petersburg:                  #0        (https://github.com/ethereum/execution-specs/blob/master/network-upgrades/mainnet-upgrades/petersburg.md)
2025-09-08T01:30:11.945Z	INFO	core/blockchain.go:420	 - Istanbul:                    #0        (https://github.com/ethereum/execution-specs/blob/master/network-upgrades/mainnet-upgrades/istanbul.md)
2025-09-08T01:30:11.945Z	INFO	core/blockchain.go:420	 - Muir Glacier:                #0        (https://github.com/ethereum/execution-specs/blob/master/network-upgrades/mainnet-upgrades/muir-glacier.md)
2025-09-08T01:30:11.945Z	INFO	core/blockchain.go:420	 - Berlin:                      #0        (https://github.com/ethereum/execution-specs/blob/master/network-upgrades/mainnet-upgrades/berlin.md)
2025-09-08T01:30:11.945Z	INFO	core/blockchain.go:420	 - London:                      #0        (https://github.com/ethereum/execution-specs/blob/master/network-upgrades/mainnet-upgrades/london.md)
2025-09-08T01:30:11.945Z	INFO	core/blockchain.go:420	
2025-09-08T01:30:11.945Z	INFO	core/blockchain.go:420	Merge configured:
2025-09-08T01:30:11.945Z	INFO	core/blockchain.go:420	 - Hard-fork specification:    https://github.com/ethereum/execution-specs/blob/master/network-upgrades/mainnet-upgrades/paris.md
2025-09-08T01:30:11.945Z	INFO	core/blockchain.go:420	 - Network known to be merged
2025-09-08T01:30:11.946Z	INFO	core/blockchain.go:420	 - Total terminal difficulty:  <nil>
2025-09-08T01:30:11.946Z	INFO	core/blockchain.go:420	
2025-09-08T01:30:11.946Z	INFO	core/blockchain.go:420	Post-Merge hard forks (timestamp based):
2025-09-08T01:30:11.946Z	INFO	core/blockchain.go:420	 - Shanghai:                    @0          (https://github.com/ethereum/execution-specs/blob/master/network-upgrades/mainnet-upgrades/shanghai.md)
2025-09-08T01:30:11.946Z	INFO	core/blockchain.go:420	 - Cancun:                      @0          (https://github.com/ethereum/execution-specs/blob/master/network-upgrades/mainnet-upgrades/cancun.md)
2025-09-08T01:30:11.946Z	INFO	core/blockchain.go:420	
2025-09-08T01:30:11.946Z	INFO	core/blockchain.go:422	---------------------------------------------------------------------------------------------------------------------------------------------------------
2025-09-08T01:30:11.946Z	INFO	core/blockchain.go:423	
2025-09-08T01:30:11.946Z	INFO	core/blockchain.go:1841	Initializing snapshots	{"async": false, "rebuild": true, "headHash": "0x1c464c5feb0443a0248b50da5338c02fcff0d8f1ae3ea18439fa9b38917476d3", "headRoot": "0x4d7abf56a39f4ee0283ec94129f35b91065c7c526a6f7bdc83fe6aba53bf9b3b"}
2025-09-08T01:30:11.946Z	WARN	snapshot/snapshot.go:219	Failed to load snapshot, regenerating	{"err": "missing or corrupted snapshot, no snapshot block hash"}
2025-09-08T01:30:11.946Z	INFO	snapshot/snapshot.go:826	Rebuilding state snapshot
2025-09-08T01:30:11.947Z	INFO	snapshot/wipe.go:135	Deleted state snapshot leftovers	{"kind": "accounts", "wiped": 0, "elapsed": "22.494µs"}
2025-09-08T01:30:11.947Z	INFO	snapshot/wipe.go:135	Deleted state snapshot leftovers	{"kind": "storage", "wiped": 0, "elapsed": "4.116µs"}
2025-09-08T01:30:11.947Z	INFO	snapshot/snapshot.go:390	Waiting for snapshot generation	{"root": "0x4d7abf56a39f4ee0283ec94129f35b91065c7c526a6f7bdc83fe6aba53bf9b3b"}
2025-09-08T01:30:11.947Z	INFO	snapshot/context.go:106	Wiper running, state snapshotting paused	{"accounts": 0, "slots": 0, "storage": "0.00 B", "elapsed": "458.899µs"}
2025-09-08T01:30:11.947Z	INFO	snapshot/generate.go:321	Generated state snapshot	{"accounts": 1, "slots": 0, "storage": "48.00 B", "elapsed": "30.835µs"}
2025-09-08T01:30:11.947Z	INFO	core/blockchain.go:593	Not warming accepted cache because there are no accepted blocks
2025-09-08T01:30:11.947Z	INFO	core/blockchain.go:618	Starting Acceptor	{"queue length": 64}
--- FAIL: TestSuggestTipCapSmallTips (0.19s)
    gasprice_test.go:156: Failed to insert chain, could not apply tx 0 [0x272c2364fe106928cf34617a45e986af358cb0857a2e0a41e8c099530330b975]: insufficient funds for gas * price + value: address 0x71562b71999873DB5b286dF957af199Ec94617F7 have 0 want 12075000000000000
2025-09-08T01:30:11.985Z	INFO	core/blockchain.go:417	
2025-09-08T01:30:11.985Z	INFO	core/blockchain.go:418	---------------------------------------------------------------------------------------------------------------------------------------------------------
2025-09-08T01:30:11.985Z	INFO	core/blockchain.go:420	Chain ID:  1 (mainnet)
2025-09-08T01:30:11.985Z	INFO	core/blockchain.go:420	Consensus: unknown
2025-09-08T01:30:11.985Z	INFO	core/blockchain.go:420	
2025-09-08T01:30:11.985Z	INFO	core/blockchain.go:420	Pre-Merge hard forks (block based):
2025-09-08T01:30:11.985Z	INFO	core/blockchain.go:420	 - Homestead:                   #0        (https://github.com/ethereum/execution-specs/blob/master/network-upgrades/mainnet-upgrades/homestead.md)
2025-09-08T01:30:11.985Z	INFO	core/blockchain.go:420	 - Tangerine Whistle (EIP 150): #0        (https://github.com/ethereum/execution-specs/blob/master/network-upgrades/mainnet-upgrades/tangerine-whistle.md)
2025-09-08T01:30:11.985Z	INFO	core/blockchain.go:420	 - Spurious Dragon/1 (EIP 155): #0        (https://github.com/ethereum/execution-specs/blob/master/network-upgrades/mainnet-upgrades/spurious-dragon.md)
2025-09-08T01:30:11.985Z	INFO	core/blockchain.go:420	 - Spurious Dragon/2 (EIP 158): #0        (https://github.com/ethereum/execution-specs/blob/master/network-upgrades/mainnet-upgrades/spurious-dragon.md)
2025-09-08T01:30:11.985Z	INFO	core/blockchain.go:420	 - Byzantium:                   #0        (https://github.com/ethereum/execution-specs/blob/master/network-upgrades/mainnet-upgrades/byzantium.md)
2025-09-08T01:30:11.985Z	INFO	core/blockchain.go:420	 - Constantinople:              #0        (https://github.com/ethereum/execution-specs/blob/master/network-upgrades/mainnet-upgrades/constantinople.md)
2025-09-08T01:30:11.985Z	INFO	core/blockchain.go:420	 - Petersburg:                  #0        (https://github.com/ethereum/execution-specs/blob/master/network-upgrades/mainnet-upgrades/petersburg.md)
2025-09-08T01:30:11.985Z	INFO	core/blockchain.go:420	 - Istanbul:                    #0        (https://github.com/ethereum/execution-specs/blob/master/network-upgrades/mainnet-upgrades/istanbul.md)
2025-09-08T01:30:11.986Z	INFO	core/blockchain.go:420	 - Muir Glacier:                #0        (https://github.com/ethereum/execution-specs/blob/master/network-upgrades/mainnet-upgrades/muir-glacier.md)
2025-09-08T01:30:11.986Z	INFO	core/blockchain.go:420	 - Berlin:                      #0        (https://github.com/ethereum/execution-specs/blob/master/network-upgrades/mainnet-upgrades/berlin.md)
2025-09-08T01:30:11.986Z	INFO	core/blockchain.go:420	 - London:                      #0        (https://github.com/ethereum/execution-specs/blob/master/network-upgrades/mainnet-upgrades/london.md)
2025-09-08T01:30:11.986Z	INFO	core/blockchain.go:420	
2025-09-08T01:30:11.986Z	INFO	core/blockchain.go:420	Merge configured:
2025-09-08T01:30:11.986Z	INFO	core/blockchain.go:420	 - Hard-fork specification:    https://github.com/ethereum/execution-specs/blob/master/network-upgrades/mainnet-upgrades/paris.md
2025-09-08T01:30:11.986Z	INFO	core/blockchain.go:420	 - Network known to be merged
2025-09-08T01:30:11.986Z	INFO	core/blockchain.go:420	 - Total terminal difficulty:  <nil>
2025-09-08T01:30:11.986Z	INFO	core/blockchain.go:420	
2025-09-08T01:30:11.986Z	INFO	core/blockchain.go:420	Post-Merge hard forks (timestamp based):
2025-09-08T01:30:11.986Z	INFO	core/blockchain.go:420	 - Shanghai:                    @0          (https://github.com/ethereum/execution-specs/blob/master/network-upgrades/mainnet-upgrades/shanghai.md)
2025-09-08T01:30:11.986Z	INFO	core/blockchain.go:420	 - Cancun:                      @0          (https://github.com/ethereum/execution-specs/blob/master/network-upgrades/mainnet-upgrades/cancun.md)
2025-09-08T01:30:11.986Z	INFO	core/blockchain.go:420	
2025-09-08T01:30:11.986Z	INFO	core/blockchain.go:422	---------------------------------------------------------------------------------------------------------------------------------------------------------
2025-09-08T01:30:11.986Z	INFO	core/blockchain.go:423	
2025-09-08T01:30:11.987Z	INFO	core/blockchain.go:1841	Initializing snapshots	{"async": false, "rebuild": true, "headHash": "0x1c464c5feb0443a0248b50da5338c02fcff0d8f1ae3ea18439fa9b38917476d3", "headRoot": "0x4d7abf56a39f4ee0283ec94129f35b91065c7c526a6f7bdc83fe6aba53bf9b3b"}
2025-09-08T01:30:11.988Z	WARN	snapshot/snapshot.go:219	Failed to load snapshot, regenerating	{"err": "missing or corrupted snapshot, no snapshot block hash"}
2025-09-08T01:30:11.989Z	INFO	snapshot/snapshot.go:826	Rebuilding state snapshot
2025-09-08T01:30:11.989Z	INFO	snapshot/wipe.go:135	Deleted state snapshot leftovers	{"kind": "accounts", "wiped": 0, "elapsed": "124.624µs"}
2025-09-08T01:30:11.989Z	INFO	snapshot/wipe.go:135	Deleted state snapshot leftovers	{"kind": "storage", "wiped": 0, "elapsed": "19.27µs"}
2025-09-08T01:30:11.989Z	INFO	snapshot/snapshot.go:390	Waiting for snapshot generation	{"root": "0x4d7abf56a39f4ee0283ec94129f35b91065c7c526a6f7bdc83fe6aba53bf9b3b"}
2025-09-08T01:30:11.989Z	INFO	snapshot/context.go:106	Wiper running, state snapshotting paused	{"accounts": 0, "slots": 0, "storage": "0.00 B", "elapsed": "812.822µs"}
2025-09-08T01:30:11.990Z	INFO	snapshot/generate.go:321	Generated state snapshot	{"accounts": 1, "slots": 0, "storage": "48.00 B", "elapsed": "512.708µs"}
2025-09-08T01:30:11.990Z	INFO	core/blockchain.go:593	Not warming accepted cache because there are no accepted blocks
2025-09-08T01:30:11.990Z	INFO	core/blockchain.go:618	Starting Acceptor	{"queue length": 64}
--- FAIL: TestSuggestTipCapMinGas (0.04s)
    gasprice_test.go:156: Failed to insert chain, could not apply tx 0 [0xa30de8c965125bd3742de730ef643a19fc98137d1c3cc2a63f202bd614d92f62]: insufficient funds for gas * price + value: address 0x71562b71999873DB5b286dF957af199Ec94617F7 have 0 want 11025000000000000
2025-09-08T01:30:12.054Z	INFO	core/blockchain.go:417	
2025-09-08T01:30:12.055Z	INFO	core/blockchain.go:418	---------------------------------------------------------------------------------------------------------------------------------------------------------
2025-09-08T01:30:12.055Z	INFO	core/blockchain.go:420	Chain ID:  1 (mainnet)
2025-09-08T01:30:12.055Z	INFO	core/blockchain.go:420	Consensus: unknown
2025-09-08T01:30:12.055Z	INFO	core/blockchain.go:420	
2025-09-08T01:30:12.055Z	INFO	core/blockchain.go:420	Pre-Merge hard forks (block based):
2025-09-08T01:30:12.055Z	INFO	core/blockchain.go:420	 - Homestead:                   #0        (https://github.com/ethereum/execution-specs/blob/master/network-upgrades/mainnet-upgrades/homestead.md)
2025-09-08T01:30:12.055Z	INFO	core/blockchain.go:420	 - Tangerine Whistle (EIP 150): #0        (https://github.com/ethereum/execution-specs/blob/master/network-upgrades/mainnet-upgrades/tangerine-whistle.md)
2025-09-08T01:30:12.055Z	INFO	core/blockchain.go:420	 - Spurious Dragon/1 (EIP 155): #0        (https://github.com/ethereum/execution-specs/blob/master/network-upgrades/mainnet-upgrades/spurious-dragon.md)
2025-09-08T01:30:12.055Z	INFO	core/blockchain.go:420	 - Spurious Dragon/2 (EIP 158): #0        (https://github.com/ethereum/execution-specs/blob/master/network-upgrades/mainnet-upgrades/spurious-dragon.md)
2025-09-08T01:30:12.055Z	INFO	core/blockchain.go:420	 - Byzantium:                   #0        (https://github.com/ethereum/execution-specs/blob/master/network-upgrades/mainnet-upgrades/byzantium.md)
2025-09-08T01:30:12.055Z	INFO	core/blockchain.go:420	 - Constantinople:              #0        (https://github.com/ethereum/execution-specs/blob/master/network-upgrades/mainnet-upgrades/constantinople.md)
2025-09-08T01:30:12.055Z	INFO	core/blockchain.go:420	 - Petersburg:                  #0        (https://github.com/ethereum/execution-specs/blob/master/network-upgrades/mainnet-upgrades/petersburg.md)
2025-09-08T01:30:12.055Z	INFO	core/blockchain.go:420	 - Istanbul:                    #0        (https://github.com/ethereum/execution-specs/blob/master/network-upgrades/mainnet-upgrades/istanbul.md)
2025-09-08T01:30:12.055Z	INFO	core/blockchain.go:420	 - Muir Glacier:                #0        (https://github.com/ethereum/execution-specs/blob/master/network-upgrades/mainnet-upgrades/muir-glacier.md)
2025-09-08T01:30:12.055Z	INFO	core/blockchain.go:420	 - Berlin:                      #0        (https://github.com/ethereum/execution-specs/blob/master/network-upgrades/mainnet-upgrades/berlin.md)
2025-09-08T01:30:12.055Z	INFO	core/blockchain.go:420	 - London:                      #0        (https://github.com/ethereum/execution-specs/blob/master/network-upgrades/mainnet-upgrades/london.md)
2025-09-08T01:30:12.055Z	INFO	core/blockchain.go:420	
2025-09-08T01:30:12.055Z	INFO	core/blockchain.go:420	Merge configured:
2025-09-08T01:30:12.055Z	INFO	core/blockchain.go:420	 - Hard-fork specification:    https://github.com/ethereum/execution-specs/blob/master/network-upgrades/mainnet-upgrades/paris.md
2025-09-08T01:30:12.055Z	INFO	core/blockchain.go:420	 - Network known to be merged
2025-09-08T01:30:12.055Z	INFO	core/blockchain.go:420	 - Total terminal difficulty:  <nil>
2025-09-08T01:30:12.055Z	INFO	core/blockchain.go:420	
2025-09-08T01:30:12.055Z	INFO	core/blockchain.go:420	Post-Merge hard forks (timestamp based):
2025-09-08T01:30:12.055Z	INFO	core/blockchain.go:420	 - Shanghai:                    @0          (https://github.com/ethereum/execution-specs/blob/master/network-upgrades/mainnet-upgrades/shanghai.md)
2025-09-08T01:30:12.055Z	INFO	core/blockchain.go:420	 - Cancun:                      @0          (https://github.com/ethereum/execution-specs/blob/master/network-upgrades/mainnet-upgrades/cancun.md)
2025-09-08T01:30:12.055Z	INFO	core/blockchain.go:420	
2025-09-08T01:30:12.055Z	INFO	core/blockchain.go:422	---------------------------------------------------------------------------------------------------------------------------------------------------------
2025-09-08T01:30:12.055Z	INFO	core/blockchain.go:423	
2025-09-08T01:30:12.056Z	INFO	core/blockchain.go:1841	Initializing snapshots	{"async": false, "rebuild": true, "headHash": "0x1c464c5feb0443a0248b50da5338c02fcff0d8f1ae3ea18439fa9b38917476d3", "headRoot": "0x4d7abf56a39f4ee0283ec94129f35b91065c7c526a6f7bdc83fe6aba53bf9b3b"}
2025-09-08T01:30:12.056Z	WARN	snapshot/snapshot.go:219	Failed to load snapshot, regenerating	{"err": "missing or corrupted snapshot, no snapshot block hash"}
2025-09-08T01:30:12.056Z	INFO	snapshot/snapshot.go:826	Rebuilding state snapshot
2025-09-08T01:30:12.056Z	INFO	snapshot/wipe.go:135	Deleted state snapshot leftovers	{"kind": "accounts", "wiped": 0, "elapsed": "68.777µs"}
2025-09-08T01:30:12.056Z	INFO	snapshot/wipe.go:135	Deleted state snapshot leftovers	{"kind": "storage", "wiped": 0, "elapsed": "4.754µs"}
2025-09-08T01:30:12.057Z	INFO	snapshot/snapshot.go:390	Waiting for snapshot generation	{"root": "0x4d7abf56a39f4ee0283ec94129f35b91065c7c526a6f7bdc83fe6aba53bf9b3b"}
2025-09-08T01:30:12.057Z	INFO	snapshot/context.go:106	Wiper running, state snapshotting paused	{"accounts": 0, "slots": 0, "storage": "0.00 B", "elapsed": "530.318µs"}
2025-09-08T01:30:12.057Z	INFO	snapshot/generate.go:321	Generated state snapshot	{"accounts": 1, "slots": 0, "storage": "48.00 B", "elapsed": "36.91µs"}
2025-09-08T01:30:12.057Z	INFO	core/blockchain.go:593	Not warming accepted cache because there are no accepted blocks
2025-09-08T01:30:12.057Z	INFO	core/blockchain.go:618	Starting Acceptor	{"queue length": 64}
--- FAIL: TestSuggestGasPriceSubnetEVM (0.07s)
    gasprice_test.go:156: Failed to insert chain, could not apply tx 0 [0x734d821c990099c6ae42d78072aadd3931c35328cf03ef4cf5b2a4ac9c398522]: insufficient funds for gas * price + value: address 0x71562b71999873DB5b286dF957af199Ec94617F7 have 0 want 4725000000000000
2025-09-08T01:30:13.521Z	INFO	core/blockchain.go:417	
2025-09-08T01:30:13.521Z	INFO	core/blockchain.go:418	---------------------------------------------------------------------------------------------------------------------------------------------------------
2025-09-08T01:30:13.521Z	INFO	core/blockchain.go:420	Chain ID:  1 (mainnet)
2025-09-08T01:30:13.521Z	INFO	core/blockchain.go:420	Consensus: unknown
2025-09-08T01:30:13.521Z	INFO	core/blockchain.go:420	
2025-09-08T01:30:13.521Z	INFO	core/blockchain.go:420	Pre-Merge hard forks (block based):
2025-09-08T01:30:13.521Z	INFO	core/blockchain.go:420	 - Homestead:                   #0        (https://github.com/ethereum/execution-specs/blob/master/network-upgrades/mainnet-upgrades/homestead.md)
2025-09-08T01:30:13.521Z	INFO	core/blockchain.go:420	 - Tangerine Whistle (EIP 150): #0        (https://github.com/ethereum/execution-specs/blob/master/network-upgrades/mainnet-upgrades/tangerine-whistle.md)
2025-09-08T01:30:13.521Z	INFO	core/blockchain.go:420	 - Spurious Dragon/1 (EIP 155): #0        (https://github.com/ethereum/execution-specs/blob/master/network-upgrades/mainnet-upgrades/spurious-dragon.md)
2025-09-08T01:30:13.521Z	INFO	core/blockchain.go:420	 - Spurious Dragon/2 (EIP 158): #0        (https://github.com/ethereum/execution-specs/blob/master/network-upgrades/mainnet-upgrades/spurious-dragon.md)
2025-09-08T01:30:13.521Z	INFO	core/blockchain.go:420	 - Byzantium:                   #0        (https://github.com/ethereum/execution-specs/blob/master/network-upgrades/mainnet-upgrades/byzantium.md)
2025-09-08T01:30:13.521Z	INFO	core/blockchain.go:420	 - Constantinople:              #0        (https://github.com/ethereum/execution-specs/blob/master/network-upgrades/mainnet-upgrades/constantinople.md)
2025-09-08T01:30:13.521Z	INFO	core/blockchain.go:420	 - Petersburg:                  #0        (https://github.com/ethereum/execution-specs/blob/master/network-upgrades/mainnet-upgrades/petersburg.md)
2025-09-08T01:30:13.521Z	INFO	core/blockchain.go:420	 - Istanbul:                    #0        (https://github.com/ethereum/execution-specs/blob/master/network-upgrades/mainnet-upgrades/istanbul.md)
2025-09-08T01:30:13.521Z	INFO	core/blockchain.go:420	 - Muir Glacier:                #0        (https://github.com/ethereum/execution-specs/blob/master/network-upgrades/mainnet-upgrades/muir-glacier.md)
2025-09-08T01:30:13.521Z	INFO	core/blockchain.go:420	 - Berlin:                      #0        (https://github.com/ethereum/execution-specs/blob/master/network-upgrades/mainnet-upgrades/berlin.md)
2025-09-08T01:30:13.521Z	INFO	core/blockchain.go:420	 - London:                      #0        (https://github.com/ethereum/execution-specs/blob/master/network-upgrades/mainnet-upgrades/london.md)
2025-09-08T01:30:13.521Z	INFO	core/blockchain.go:420	
2025-09-08T01:30:13.521Z	INFO	core/blockchain.go:420	Merge configured:
2025-09-08T01:30:13.521Z	INFO	core/blockchain.go:420	 - Hard-fork specification:    https://github.com/ethereum/execution-specs/blob/master/network-upgrades/mainnet-upgrades/paris.md
2025-09-08T01:30:13.522Z	INFO	core/blockchain.go:420	 - Network known to be merged
2025-09-08T01:30:13.522Z	INFO	core/blockchain.go:420	 - Total terminal difficulty:  <nil>
2025-09-08T01:30:13.522Z	INFO	core/blockchain.go:420	
2025-09-08T01:30:13.522Z	INFO	core/blockchain.go:420	Post-Merge hard forks (timestamp based):
2025-09-08T01:30:13.522Z	INFO	core/blockchain.go:420	 - Shanghai:                    @0          (https://github.com/ethereum/execution-specs/blob/master/network-upgrades/mainnet-upgrades/shanghai.md)
2025-09-08T01:30:13.522Z	INFO	core/blockchain.go:420	 - Cancun:                      @0          (https://github.com/ethereum/execution-specs/blob/master/network-upgrades/mainnet-upgrades/cancun.md)
2025-09-08T01:30:13.522Z	INFO	core/blockchain.go:420	
2025-09-08T01:30:13.522Z	INFO	core/blockchain.go:422	---------------------------------------------------------------------------------------------------------------------------------------------------------
2025-09-08T01:30:13.522Z	INFO	core/blockchain.go:423	
2025-09-08T01:30:13.522Z	INFO	core/blockchain.go:1841	Initializing snapshots	{"async": false, "rebuild": true, "headHash": "0x1c464c5feb0443a0248b50da5338c02fcff0d8f1ae3ea18439fa9b38917476d3", "headRoot": "0x4d7abf56a39f4ee0283ec94129f35b91065c7c526a6f7bdc83fe6aba53bf9b3b"}
2025-09-08T01:30:13.523Z	WARN	snapshot/snapshot.go:219	Failed to load snapshot, regenerating	{"err": "missing or corrupted snapshot, no snapshot block hash"}
2025-09-08T01:30:13.523Z	INFO	snapshot/snapshot.go:826	Rebuilding state snapshot
2025-09-08T01:30:13.523Z	INFO	snapshot/wipe.go:135	Deleted state snapshot leftovers	{"kind": "accounts", "wiped": 0, "elapsed": "33.461µs"}
2025-09-08T01:30:13.523Z	INFO	snapshot/wipe.go:135	Deleted state snapshot leftovers	{"kind": "storage", "wiped": 0, "elapsed": "8.078µs"}
2025-09-08T01:30:13.523Z	INFO	snapshot/snapshot.go:390	Waiting for snapshot generation	{"root": "0x4d7abf56a39f4ee0283ec94129f35b91065c7c526a6f7bdc83fe6aba53bf9b3b"}
2025-09-08T01:30:13.523Z	INFO	snapshot/context.go:106	Wiper running, state snapshotting paused	{"accounts": 0, "slots": 0, "storage": "0.00 B", "elapsed": "473.761µs"}
2025-09-08T01:30:13.523Z	INFO	snapshot/generate.go:321	Generated state snapshot	{"accounts": 1, "slots": 0, "storage": "48.00 B", "elapsed": "78.444µs"}
2025-09-08T01:30:13.523Z	INFO	core/blockchain.go:593	Not warming accepted cache because there are no accepted blocks
2025-09-08T01:30:13.524Z	INFO	core/blockchain.go:618	Starting Acceptor	{"queue length": 64}
--- FAIL: TestSuggestTipCapMaxBlocksLookback (1.47s)
    gasprice_test.go:156: Failed to insert chain, could not apply tx 0 [0x272c2364fe106928cf34617a45e986af358cb0857a2e0a41e8c099530330b975]: insufficient funds for gas * price + value: address 0x71562b71999873DB5b286dF957af199Ec94617F7 have 0 want 12075000000000000
2025-09-08T01:30:15.098Z	INFO	core/blockchain.go:417	
2025-09-08T01:30:15.098Z	INFO	core/blockchain.go:418	---------------------------------------------------------------------------------------------------------------------------------------------------------
2025-09-08T01:30:15.098Z	INFO	core/blockchain.go:420	Chain ID:  1 (mainnet)
2025-09-08T01:30:15.098Z	INFO	core/blockchain.go:420	Consensus: unknown
2025-09-08T01:30:15.098Z	INFO	core/blockchain.go:420	
2025-09-08T01:30:15.098Z	INFO	core/blockchain.go:420	Pre-Merge hard forks (block based):
2025-09-08T01:30:15.098Z	INFO	core/blockchain.go:420	 - Homestead:                   #0        (https://github.com/ethereum/execution-specs/blob/master/network-upgrades/mainnet-upgrades/homestead.md)
2025-09-08T01:30:15.098Z	INFO	core/blockchain.go:420	 - Tangerine Whistle (EIP 150): #0        (https://github.com/ethereum/execution-specs/blob/master/network-upgrades/mainnet-upgrades/tangerine-whistle.md)
2025-09-08T01:30:15.098Z	INFO	core/blockchain.go:420	 - Spurious Dragon/1 (EIP 155): #0        (https://github.com/ethereum/execution-specs/blob/master/network-upgrades/mainnet-upgrades/spurious-dragon.md)
2025-09-08T01:30:15.098Z	INFO	core/blockchain.go:420	 - Spurious Dragon/2 (EIP 158): #0        (https://github.com/ethereum/execution-specs/blob/master/network-upgrades/mainnet-upgrades/spurious-dragon.md)
2025-09-08T01:30:15.098Z	INFO	core/blockchain.go:420	 - Byzantium:                   #0        (https://github.com/ethereum/execution-specs/blob/master/network-upgrades/mainnet-upgrades/byzantium.md)
2025-09-08T01:30:15.098Z	INFO	core/blockchain.go:420	 - Constantinople:              #0        (https://github.com/ethereum/execution-specs/blob/master/network-upgrades/mainnet-upgrades/constantinople.md)
2025-09-08T01:30:15.098Z	INFO	core/blockchain.go:420	 - Petersburg:                  #0        (https://github.com/ethereum/execution-specs/blob/master/network-upgrades/mainnet-upgrades/petersburg.md)
2025-09-08T01:30:15.098Z	INFO	core/blockchain.go:420	 - Istanbul:                    #0        (https://github.com/ethereum/execution-specs/blob/master/network-upgrades/mainnet-upgrades/istanbul.md)
2025-09-08T01:30:15.098Z	INFO	core/blockchain.go:420	 - Muir Glacier:                #0        (https://github.com/ethereum/execution-specs/blob/master/network-upgrades/mainnet-upgrades/muir-glacier.md)
2025-09-08T01:30:15.098Z	INFO	core/blockchain.go:420	 - Berlin:                      #0        (https://github.com/ethereum/execution-specs/blob/master/network-upgrades/mainnet-upgrades/berlin.md)
2025-09-08T01:30:15.098Z	INFO	core/blockchain.go:420	 - London:                      #0        (https://github.com/ethereum/execution-specs/blob/master/network-upgrades/mainnet-upgrades/london.md)
2025-09-08T01:30:15.098Z	INFO	core/blockchain.go:420	
2025-09-08T01:30:15.098Z	INFO	core/blockchain.go:420	Merge configured:
2025-09-08T01:30:15.098Z	INFO	core/blockchain.go:420	 - Hard-fork specification:    https://github.com/ethereum/execution-specs/blob/master/network-upgrades/mainnet-upgrades/paris.md
2025-09-08T01:30:15.098Z	INFO	core/blockchain.go:420	 - Network known to be merged
2025-09-08T01:30:15.098Z	INFO	core/blockchain.go:420	 - Total terminal difficulty:  <nil>
2025-09-08T01:30:15.098Z	INFO	core/blockchain.go:420	
2025-09-08T01:30:15.098Z	INFO	core/blockchain.go:420	Post-Merge hard forks (timestamp based):
2025-09-08T01:30:15.098Z	INFO	core/blockchain.go:420	 - Shanghai:                    @0          (https://github.com/ethereum/execution-specs/blob/master/network-upgrades/mainnet-upgrades/shanghai.md)
2025-09-08T01:30:15.098Z	INFO	core/blockchain.go:420	 - Cancun:                      @0          (https://github.com/ethereum/execution-specs/blob/master/network-upgrades/mainnet-upgrades/cancun.md)
2025-09-08T01:30:15.098Z	INFO	core/blockchain.go:420	
2025-09-08T01:30:15.098Z	INFO	core/blockchain.go:422	---------------------------------------------------------------------------------------------------------------------------------------------------------
2025-09-08T01:30:15.098Z	INFO	core/blockchain.go:423	
2025-09-08T01:30:15.099Z	INFO	core/blockchain.go:1841	Initializing snapshots	{"async": false, "rebuild": true, "headHash": "0x1c464c5feb0443a0248b50da5338c02fcff0d8f1ae3ea18439fa9b38917476d3", "headRoot": "0x4d7abf56a39f4ee0283ec94129f35b91065c7c526a6f7bdc83fe6aba53bf9b3b"}
2025-09-08T01:30:15.099Z	WARN	snapshot/snapshot.go:219	Failed to load snapshot, regenerating	{"err": "missing or corrupted snapshot, no snapshot block hash"}
2025-09-08T01:30:15.099Z	INFO	snapshot/snapshot.go:826	Rebuilding state snapshot
2025-09-08T01:30:15.099Z	INFO	snapshot/wipe.go:135	Deleted state snapshot leftovers	{"kind": "accounts", "wiped": 0, "elapsed": "27.53µs"}
2025-09-08T01:30:15.099Z	INFO	snapshot/wipe.go:135	Deleted state snapshot leftovers	{"kind": "storage", "wiped": 0, "elapsed": "4.285µs"}
2025-09-08T01:30:15.099Z	INFO	snapshot/snapshot.go:390	Waiting for snapshot generation	{"root": "0x4d7abf56a39f4ee0283ec94129f35b91065c7c526a6f7bdc83fe6aba53bf9b3b"}
2025-09-08T01:30:15.099Z	INFO	snapshot/context.go:106	Wiper running, state snapshotting paused	{"accounts": 0, "slots": 0, "storage": "0.00 B", "elapsed": "493.627µs"}
2025-09-08T01:30:15.100Z	INFO	snapshot/generate.go:321	Generated state snapshot	{"accounts": 1, "slots": 0, "storage": "48.00 B", "elapsed": "40.281µs"}
2025-09-08T01:30:15.100Z	INFO	core/blockchain.go:593	Not warming accepted cache because there are no accepted blocks
2025-09-08T01:30:15.100Z	INFO	core/blockchain.go:618	Starting Acceptor	{"queue length": 64}
--- FAIL: TestSuggestTipCapMaxBlocksSecondsLookback (1.58s)
    gasprice_test.go:156: Failed to insert chain, could not apply tx 0 [0x272c2364fe106928cf34617a45e986af358cb0857a2e0a41e8c099530330b975]: insufficient funds for gas * price + value: address 0x71562b71999873DB5b286dF957af199Ec94617F7 have 0 want 12075000000000000
2025-09-08T01:30:15.102Z	INFO	core/state_processor_ext.go:56	Activating new precompile	{"name": "feeManagerConfig", "config": "{\"adminAddresses\":[\"0x71562b71999873db5b286df957af199ec94617f7\"],\"blockTimestamp\":0}"}
--- FAIL: TestSuggestGasPriceAfterFeeConfigUpdate (0.00s)
panic: unable to configure precompiles in genesis block: could not configure precompile, name: feeManagerConfig, reason: cannot configure fee config in chain config: cannot verify fee config: gasLimit cannot be nil [recovered]
	panic: unable to configure precompiles in genesis block: could not configure precompile, name: feeManagerConfig, reason: cannot configure fee config in chain config: cannot verify fee config: gasLimit cannot be nil

goroutine 1150 [running]:
testing.tRunner.func1.2({0xc3dd60, 0xc0014662d0})
	/usr/local/go/src/testing/testing.go:1734 +0x21c
testing.tRunner.func1()
	/usr/local/go/src/testing/testing.go:1737 +0x35e
panic({0xc3dd60?, 0xc0014662d0?})
	/usr/local/go/src/runtime/panic.go:792 +0x132
github.com/luxfi/evm/core.(*Genesis).toBlock(0xc000053b28, {0xc0008998c0?, 0x479719?}, 0xc0021faae0)
	/home/z/work/lux/evm/core/genesis.go:335 +0x1339
github.com/luxfi/evm/core.(*Genesis).Commit(0xc000053b28, {0xfa3290, 0xc0014661c0}, 0xc0021faa80?)
	/home/z/work/lux/evm/core/genesis.go:418 +0x37
github.com/luxfi/evm/core.GenerateChainWithGenesis(0xc000053b28, {0xf9c718, 0xc0014661b0}, 0x0, 0xffffffffffffffff, 0xe9b7f0)
	/home/z/work/lux/evm/core/chain_makers.go:382 +0x17f
github.com/luxfi/evm/eth/gasprice.newTestBackend(0xc0014cc000, 0xc00147c120, 0x0, 0xe9b7f0)
	/home/z/work/lux/evm/eth/gasprice/gasprice_test.go:146 +0x1c6
github.com/luxfi/evm/eth/gasprice.TestSuggestGasPriceAfterFeeConfigUpdate(0xc0014cc000)
	/home/z/work/lux/evm/eth/gasprice/gasprice_test.go:419 +0x3eb
testing.tRunner(0xc0014cc000, 0xe9b6a0)
	/usr/local/go/src/testing/testing.go:1792 +0xf4
created by testing.(*T).Run in goroutine 1
	/usr/local/go/src/testing/testing.go:1851 +0x413
FAIL	github.com/luxfi/evm/eth/gasprice	3.920s
2025-09-08T01:30:11.324Z	INFO	core/state_processor_ext.go:56	Activating new precompile	{"name": "txAllowListConfig", "config": "{\"adminAddresses\":[\"0x070cb69004d08af008a53f1515e7a09bda44898f\"],\"blockTimestamp\":30}"}
2025-09-08T01:30:11.324Z	INFO	core/state_processor_ext.go:56	Activating new precompile	{"name": "txAllowListConfig", "config": "{\"adminAddresses\":[\"0x1a62dd892d82e340305555d7b0fff754f0070f65\"],\"blockTimestamp\":30}"}
2025-09-08T01:30:11.326Z	INFO	core/state_processor_ext.go:39	Disabling precompile	{"name": "txAllowListConfig"}
2025-09-08T01:30:11.326Z	INFO	core/state_processor_ext.go:39	Disabling precompile	{"name": "txAllowListConfig"}
2025-09-08T01:30:11.330Z	INFO	core/genesis.go:165	Writing genesis to database
2025-09-08T01:30:11.331Z	INFO	core/genesis.go:165	Writing genesis to database
2025-09-08T01:30:11.331Z	INFO	core/blockchain.go:417	
2025-09-08T01:30:11.331Z	INFO	core/blockchain.go:418	---------------------------------------------------------------------------------------------------------------------------------------------------------
2025-09-08T01:30:11.331Z	INFO	core/blockchain.go:417	
2025-09-08T01:30:11.331Z	INFO	core/blockchain.go:418	---------------------------------------------------------------------------------------------------------------------------------------------------------
2025-09-08T01:30:11.331Z	INFO	core/blockchain.go:420	Chain ID:  1 (mainnet)
2025-09-08T01:30:11.332Z	INFO	core/blockchain.go:420	Consensus: unknown
2025-09-08T01:30:11.332Z	INFO	core/blockchain.go:420	Chain ID:  1 (mainnet)
2025-09-08T01:30:11.332Z	INFO	core/blockchain.go:420	
2025-09-08T01:30:11.332Z	INFO	core/blockchain.go:420	Consensus: unknown
2025-09-08T01:30:11.332Z	INFO	core/blockchain.go:420	Pre-Merge hard forks (block based):
2025-09-08T01:30:11.332Z	INFO	core/blockchain.go:420	 - Homestead:                   #0        (https://github.com/ethereum/execution-specs/blob/master/network-upgrades/mainnet-upgrades/homestead.md)
2025-09-08T01:30:11.332Z	INFO	core/blockchain.go:420	
2025-09-08T01:30:11.332Z	INFO	core/blockchain.go:420	 - Tangerine Whistle (EIP 150): #0        (https://github.com/ethereum/execution-specs/blob/master/network-upgrades/mainnet-upgrades/tangerine-whistle.md)
2025-09-08T01:30:11.332Z	INFO	core/blockchain.go:420	Pre-Merge hard forks (block based):
2025-09-08T01:30:11.332Z	INFO	core/blockchain.go:420	 - Homestead:                   #0        (https://github.com/ethereum/execution-specs/blob/master/network-upgrades/mainnet-upgrades/homestead.md)
2025-09-08T01:30:11.332Z	INFO	core/blockchain.go:420	 - Spurious Dragon/1 (EIP 155): #0        (https://github.com/ethereum/execution-specs/blob/master/network-upgrades/mainnet-upgrades/spurious-dragon.md)
2025-09-08T01:30:11.332Z	INFO	core/blockchain.go:420	 - Tangerine Whistle (EIP 150): #0        (https://github.com/ethereum/execution-specs/blob/master/network-upgrades/mainnet-upgrades/tangerine-whistle.md)
2025-09-08T01:30:11.332Z	INFO	core/blockchain.go:420	 - Spurious Dragon/2 (EIP 158): #0        (https://github.com/ethereum/execution-specs/blob/master/network-upgrades/mainnet-upgrades/spurious-dragon.md)
2025-09-08T01:30:11.332Z	INFO	core/blockchain.go:420	 - Spurious Dragon/1 (EIP 155): #0        (https://github.com/ethereum/execution-specs/blob/master/network-upgrades/mainnet-upgrades/spurious-dragon.md)
2025-09-08T01:30:11.332Z	INFO	core/blockchain.go:420	 - Spurious Dragon/2 (EIP 158): #0        (https://github.com/ethereum/execution-specs/blob/master/network-upgrades/mainnet-upgrades/spurious-dragon.md)
2025-09-08T01:30:11.332Z	INFO	core/blockchain.go:420	 - Byzantium:                   #0        (https://github.com/ethereum/execution-specs/blob/master/network-upgrades/mainnet-upgrades/byzantium.md)
2025-09-08T01:30:11.332Z	INFO	core/blockchain.go:420	 - Constantinople:              #0        (https://github.com/ethereum/execution-specs/blob/master/network-upgrades/mainnet-upgrades/constantinople.md)
2025-09-08T01:30:11.332Z	INFO	core/blockchain.go:420	 - Petersburg:                  #0        (https://github.com/ethereum/execution-specs/blob/master/network-upgrades/mainnet-upgrades/petersburg.md)
2025-09-08T01:30:11.332Z	INFO	core/blockchain.go:420	 - Istanbul:                    #0        (https://github.com/ethereum/execution-specs/blob/master/network-upgrades/mainnet-upgrades/istanbul.md)
2025-09-08T01:30:11.332Z	INFO	core/blockchain.go:420	 - Muir Glacier:                #0        (https://github.com/ethereum/execution-specs/blob/master/network-upgrades/mainnet-upgrades/muir-glacier.md)
2025-09-08T01:30:11.332Z	INFO	core/blockchain.go:420	 - Berlin:                      #0        (https://github.com/ethereum/execution-specs/blob/master/network-upgrades/mainnet-upgrades/berlin.md)
2025-09-08T01:30:11.332Z	INFO	core/blockchain.go:420	 - London:                      #0        (https://github.com/ethereum/execution-specs/blob/master/network-upgrades/mainnet-upgrades/london.md)
2025-09-08T01:30:11.332Z	INFO	core/blockchain.go:420	
2025-09-08T01:30:11.332Z	INFO	core/blockchain.go:420	Merge configured:
2025-09-08T01:30:11.332Z	INFO	core/blockchain.go:420	 - Hard-fork specification:    https://github.com/ethereum/execution-specs/blob/master/network-upgrades/mainnet-upgrades/paris.md
2025-09-08T01:30:11.332Z	INFO	core/blockchain.go:420	 - Network known to be merged
2025-09-08T01:30:11.332Z	INFO	core/blockchain.go:420	 - Total terminal difficulty:  <nil>
2025-09-08T01:30:11.332Z	INFO	core/blockchain.go:420	
2025-09-08T01:30:11.332Z	INFO	core/blockchain.go:420	Post-Merge hard forks (timestamp based):
2025-09-08T01:30:11.332Z	INFO	core/blockchain.go:420	 - Shanghai:                    @0          (https://github.com/ethereum/execution-specs/blob/master/network-upgrades/mainnet-upgrades/shanghai.md)
2025-09-08T01:30:11.332Z	INFO	core/blockchain.go:420	 - Cancun:                      @0          (https://github.com/ethereum/execution-specs/blob/master/network-upgrades/mainnet-upgrades/cancun.md)
2025-09-08T01:30:11.332Z	INFO	core/blockchain.go:420	
2025-09-08T01:30:11.332Z	INFO	core/blockchain.go:422	---------------------------------------------------------------------------------------------------------------------------------------------------------
2025-09-08T01:30:11.332Z	INFO	core/blockchain.go:423	
2025-09-08T01:30:11.332Z	INFO	core/blockchain.go:420	 - Byzantium:                   #0        (https://github.com/ethereum/execution-specs/blob/master/network-upgrades/mainnet-upgrades/byzantium.md)
2025-09-08T01:30:11.333Z	INFO	core/blockchain.go:420	 - Constantinople:              #0        (https://github.com/ethereum/execution-specs/blob/master/network-upgrades/mainnet-upgrades/constantinople.md)
2025-09-08T01:30:11.333Z	INFO	core/blockchain.go:420	 - Petersburg:                  #0        (https://github.com/ethereum/execution-specs/blob/master/network-upgrades/mainnet-upgrades/petersburg.md)
2025-09-08T01:30:11.333Z	INFO	core/blockchain.go:420	 - Istanbul:                    #0        (https://github.com/ethereum/execution-specs/blob/master/network-upgrades/mainnet-upgrades/istanbul.md)
2025-09-08T01:30:11.333Z	INFO	core/blockchain.go:420	 - Muir Glacier:                #0        (https://github.com/ethereum/execution-specs/blob/master/network-upgrades/mainnet-upgrades/muir-glacier.md)
2025-09-08T01:30:11.333Z	INFO	core/blockchain.go:420	 - Berlin:                      #0        (https://github.com/ethereum/execution-specs/blob/master/network-upgrades/mainnet-upgrades/berlin.md)
2025-09-08T01:30:11.333Z	INFO	core/blockchain.go:420	 - London:                      #0        (https://github.com/ethereum/execution-specs/blob/master/network-upgrades/mainnet-upgrades/london.md)
2025-09-08T01:30:11.333Z	INFO	core/blockchain.go:420	
2025-09-08T01:30:11.333Z	INFO	core/blockchain.go:420	Merge configured:
2025-09-08T01:30:11.333Z	INFO	core/blockchain.go:420	 - Hard-fork specification:    https://github.com/ethereum/execution-specs/blob/master/network-upgrades/mainnet-upgrades/paris.md
2025-09-08T01:30:11.333Z	INFO	core/blockchain.go:420	 - Network known to be merged
2025-09-08T01:30:11.333Z	INFO	core/blockchain.go:420	 - Total terminal difficulty:  <nil>
2025-09-08T01:30:11.333Z	INFO	core/blockchain.go:420	
2025-09-08T01:30:11.333Z	INFO	core/blockchain.go:420	Post-Merge hard forks (timestamp based):
2025-09-08T01:30:11.333Z	INFO	core/blockchain.go:420	 - Shanghai:                    @0          (https://github.com/ethereum/execution-specs/blob/master/network-upgrades/mainnet-upgrades/shanghai.md)
2025-09-08T01:30:11.333Z	INFO	core/blockchain.go:420	 - Cancun:                      @0          (https://github.com/ethereum/execution-specs/blob/master/network-upgrades/mainnet-upgrades/cancun.md)
2025-09-08T01:30:11.333Z	INFO	core/blockchain.go:420	
2025-09-08T01:30:11.333Z	INFO	core/blockchain.go:422	---------------------------------------------------------------------------------------------------------------------------------------------------------
2025-09-08T01:30:11.333Z	INFO	core/blockchain.go:423	
2025-09-08T01:30:11.334Z	INFO	core/blockchain.go:1841	Initializing snapshots	{"async": false, "rebuild": true, "headHash": "0xd2a58f1d39a8ba240a600c3f9d7c73b8c8728fc822ba96268eb471a57b2bb634", "headRoot": "0x5489206e8228220e443c58d1fb27f3816ec4f5ea114fecf57de952e0e0bfcf25"}
2025-09-08T01:30:11.334Z	INFO	core/blockchain.go:588	Not warming accepted cache because disabled
2025-09-08T01:30:11.334Z	WARN	snapshot/snapshot.go:219	Failed to load snapshot, regenerating	{"err": "missing or corrupted snapshot, no snapshot block hash"}
2025-09-08T01:30:11.334Z	INFO	snapshot/snapshot.go:826	Rebuilding state snapshot
2025-09-08T01:30:11.334Z	INFO	core/blockchain.go:618	Starting Acceptor	{"queue length": 0}
2025-09-08T01:30:11.335Z	INFO	snapshot/wipe.go:135	Deleted state snapshot leftovers	{"kind": "accounts", "wiped": 0, "elapsed": "29.329µs"}
2025-09-08T01:30:11.335Z	INFO	snapshot/wipe.go:135	Deleted state snapshot leftovers	{"kind": "storage", "wiped": 0, "elapsed": "3.216µs"}
2025-09-08T01:30:11.335Z	INFO	snapshot/snapshot.go:390	Waiting for snapshot generation	{"root": "0x5489206e8228220e443c58d1fb27f3816ec4f5ea114fecf57de952e0e0bfcf25"}
2025-09-08T01:30:11.335Z	INFO	snapshot/context.go:106	Wiper running, state snapshotting paused	{"accounts": 0, "slots": 0, "storage": "0.00 B", "elapsed": "575.464µs"}
2025-09-08T01:30:11.335Z	INFO	snapshot/generate.go:321	Generated state snapshot	{"accounts": 3, "slots": 0, "storage": "138.00 B", "elapsed": "59.041µs"}
2025-09-08T01:30:11.335Z	INFO	core/blockchain.go:588	Not warming accepted cache because disabled
2025-09-08T01:30:11.335Z	INFO	core/blockchain.go:618	Starting Acceptor	{"queue length": 0}
--- FAIL: TestTraceBlockPrecompileActivation (0.00s)
    --- FAIL: TestTraceBlockPrecompileActivation/#00 (0.02s)
        api_test.go:111: block 0: failed to insert into chain: could not apply tx 0 [0x997bbfbfddd804aede12dddce88b797ff8e4cd2c31a70070c755a915a55e766a]: insufficient funds for gas * price + value: address 0x1a62DD892d82e340305555D7B0FFf754F0070F65 have 0 want 525000000001000
    --- FAIL: TestTraceBlockPrecompileActivation/hash (0.02s)
        api_test.go:111: block 0: failed to insert into chain: could not apply tx 0 [0xd436dd137abb8ed707d0c72ad29b9eab6d5d920fb245c95b0c8b2a2289f8776a]: insufficient funds for gas * price + value: address 0x070CB69004D08AF008a53F1515E7A09BDA44898f have 0 want 525000000001000
2025-09-08T01:30:11.338Z	INFO	core/state_processor_ext.go:56	Activating new precompile	{"name": "txAllowListConfig", "config": "{\"adminAddresses\":[\"0x26142601f6c2ab881f4ed2e1d9bbaeb5b45cb882\"],\"blockTimestamp\":20}"}
2025-09-08T01:30:11.338Z	INFO	core/state_processor_ext.go:56	Activating new precompile	{"name": "txAllowListConfig", "config": "{\"adminAddresses\":[\"0x140e9f91ee3dc996cc62a5e845d77de80c305bf5\"],\"blockTimestamp\":20}"}
2025-09-08T01:30:11.340Z	INFO	core/state_processor_ext.go:39	Disabling precompile	{"name": "txAllowListConfig"}
2025-09-08T01:30:11.340Z	INFO	core/state_processor_ext.go:39	Disabling precompile	{"name": "txAllowListConfig"}
2025-09-08T01:30:11.341Z	INFO	core/genesis.go:165	Writing genesis to database
2025-09-08T01:30:11.341Z	INFO	core/genesis.go:165	Writing genesis to database
2025-09-08T01:30:11.342Z	INFO	core/blockchain.go:417	
2025-09-08T01:30:11.342Z	INFO	core/blockchain.go:417	
2025-09-08T01:30:11.342Z	INFO	core/blockchain.go:418	---------------------------------------------------------------------------------------------------------------------------------------------------------
2025-09-08T01:30:11.342Z	INFO	core/blockchain.go:418	---------------------------------------------------------------------------------------------------------------------------------------------------------
2025-09-08T01:30:11.342Z	INFO	core/blockchain.go:420	Chain ID:  1 (mainnet)
2025-09-08T01:30:11.342Z	INFO	core/blockchain.go:420	Chain ID:  1 (mainnet)
2025-09-08T01:30:11.342Z	INFO	core/blockchain.go:420	Consensus: unknown
2025-09-08T01:30:11.342Z	INFO	core/blockchain.go:420	Consensus: unknown
2025-09-08T01:30:11.342Z	INFO	core/blockchain.go:420	
2025-09-08T01:30:11.342Z	INFO	core/blockchain.go:420	Pre-Merge hard forks (block based):
2025-09-08T01:30:11.342Z	INFO	core/blockchain.go:420	 - Homestead:                   #0        (https://github.com/ethereum/execution-specs/blob/master/network-upgrades/mainnet-upgrades/homestead.md)
2025-09-08T01:30:11.342Z	INFO	core/blockchain.go:420	 - Tangerine Whistle (EIP 150): #0        (https://github.com/ethereum/execution-specs/blob/master/network-upgrades/mainnet-upgrades/tangerine-whistle.md)
2025-09-08T01:30:11.342Z	INFO	core/blockchain.go:420	 - Spurious Dragon/1 (EIP 155): #0        (https://github.com/ethereum/execution-specs/blob/master/network-upgrades/mainnet-upgrades/spurious-dragon.md)
2025-09-08T01:30:11.342Z	INFO	core/blockchain.go:420	
2025-09-08T01:30:11.342Z	INFO	core/blockchain.go:420	 - Spurious Dragon/2 (EIP 158): #0        (https://github.com/ethereum/execution-specs/blob/master/network-upgrades/mainnet-upgrades/spurious-dragon.md)
2025-09-08T01:30:11.342Z	INFO	core/blockchain.go:420	 - Byzantium:                   #0        (https://github.com/ethereum/execution-specs/blob/master/network-upgrades/mainnet-upgrades/byzantium.md)
2025-09-08T01:30:11.342Z	INFO	core/blockchain.go:420	Pre-Merge hard forks (block based):
2025-09-08T01:30:11.342Z	INFO	core/blockchain.go:420	 - Homestead:                   #0        (https://github.com/ethereum/execution-specs/blob/master/network-upgrades/mainnet-upgrades/homestead.md)
2025-09-08T01:30:11.342Z	INFO	core/blockchain.go:420	 - Tangerine Whistle (EIP 150): #0        (https://github.com/ethereum/execution-specs/blob/master/network-upgrades/mainnet-upgrades/tangerine-whistle.md)
2025-09-08T01:30:11.342Z	INFO	core/blockchain.go:420	 - Spurious Dragon/1 (EIP 155): #0        (https://github.com/ethereum/execution-specs/blob/master/network-upgrades/mainnet-upgrades/spurious-dragon.md)
2025-09-08T01:30:11.342Z	INFO	core/blockchain.go:420	 - Spurious Dragon/2 (EIP 158): #0        (https://github.com/ethereum/execution-specs/blob/master/network-upgrades/mainnet-upgrades/spurious-dragon.md)
2025-09-08T01:30:11.342Z	INFO	core/blockchain.go:420	 - Byzantium:                   #0        (https://github.com/ethereum/execution-specs/blob/master/network-upgrades/mainnet-upgrades/byzantium.md)
2025-09-08T01:30:11.342Z	INFO	core/blockchain.go:420	 - Constantinople:              #0        (https://github.com/ethereum/execution-specs/blob/master/network-upgrades/mainnet-upgrades/constantinople.md)
2025-09-08T01:30:11.342Z	INFO	core/blockchain.go:420	 - Constantinople:              #0        (https://github.com/ethereum/execution-specs/blob/master/network-upgrades/mainnet-upgrades/constantinople.md)
2025-09-08T01:30:11.342Z	INFO	core/blockchain.go:420	 - Petersburg:                  #0        (https://github.com/ethereum/execution-specs/blob/master/network-upgrades/mainnet-upgrades/petersburg.md)
2025-09-08T01:30:11.342Z	INFO	core/blockchain.go:420	 - Istanbul:                    #0        (https://github.com/ethereum/execution-specs/blob/master/network-upgrades/mainnet-upgrades/istanbul.md)
2025-09-08T01:30:11.342Z	INFO	core/blockchain.go:420	 - Muir Glacier:                #0        (https://github.com/ethereum/execution-specs/blob/master/network-upgrades/mainnet-upgrades/muir-glacier.md)
2025-09-08T01:30:11.342Z	INFO	core/blockchain.go:420	 - Berlin:                      #0        (https://github.com/ethereum/execution-specs/blob/master/network-upgrades/mainnet-upgrades/berlin.md)
2025-09-08T01:30:11.342Z	INFO	core/blockchain.go:420	 - Petersburg:                  #0        (https://github.com/ethereum/execution-specs/blob/master/network-upgrades/mainnet-upgrades/petersburg.md)
2025-09-08T01:30:11.342Z	INFO	core/blockchain.go:420	 - Istanbul:                    #0        (https://github.com/ethereum/execution-specs/blob/master/network-upgrades/mainnet-upgrades/istanbul.md)
2025-09-08T01:30:11.342Z	INFO	core/blockchain.go:420	 - Muir Glacier:                #0        (https://github.com/ethereum/execution-specs/blob/master/network-upgrades/mainnet-upgrades/muir-glacier.md)
2025-09-08T01:30:11.342Z	INFO	core/blockchain.go:420	 - Berlin:                      #0        (https://github.com/ethereum/execution-specs/blob/master/network-upgrades/mainnet-upgrades/berlin.md)
2025-09-08T01:30:11.342Z	INFO	core/blockchain.go:420	 - London:                      #0        (https://github.com/ethereum/execution-specs/blob/master/network-upgrades/mainnet-upgrades/london.md)
2025-09-08T01:30:11.342Z	INFO	core/blockchain.go:420	 - London:                      #0        (https://github.com/ethereum/execution-specs/blob/master/network-upgrades/mainnet-upgrades/london.md)
2025-09-08T01:30:11.342Z	INFO	core/blockchain.go:420	
2025-09-08T01:30:11.342Z	INFO	core/blockchain.go:420	
2025-09-08T01:30:11.342Z	INFO	core/blockchain.go:420	Merge configured:
2025-09-08T01:30:11.342Z	INFO	core/blockchain.go:420	Merge configured:
2025-09-08T01:30:11.342Z	INFO	core/blockchain.go:420	 - Hard-fork specification:    https://github.com/ethereum/execution-specs/blob/master/network-upgrades/mainnet-upgrades/paris.md
2025-09-08T01:30:11.342Z	INFO	core/blockchain.go:420	 - Network known to be merged
2025-09-08T01:30:11.342Z	INFO	core/blockchain.go:420	 - Total terminal difficulty:  <nil>
2025-09-08T01:30:11.342Z	INFO	core/blockchain.go:420	
2025-09-08T01:30:11.342Z	INFO	core/blockchain.go:420	 - Hard-fork specification:    https://github.com/ethereum/execution-specs/blob/master/network-upgrades/mainnet-upgrades/paris.md
2025-09-08T01:30:11.342Z	INFO	core/blockchain.go:420	Post-Merge hard forks (timestamp based):
2025-09-08T01:30:11.342Z	INFO	core/blockchain.go:420	 - Network known to be merged
2025-09-08T01:30:11.342Z	INFO	core/blockchain.go:420	 - Shanghai:                    @0          (https://github.com/ethereum/execution-specs/blob/master/network-upgrades/mainnet-upgrades/shanghai.md)
2025-09-08T01:30:11.342Z	INFO	core/blockchain.go:420	 - Total terminal difficulty:  <nil>
2025-09-08T01:30:11.342Z	INFO	core/blockchain.go:420	 - Cancun:                      @0          (https://github.com/ethereum/execution-specs/blob/master/network-upgrades/mainnet-upgrades/cancun.md)
2025-09-08T01:30:11.342Z	INFO	core/blockchain.go:420	
2025-09-08T01:30:11.342Z	INFO	core/blockchain.go:420	Post-Merge hard forks (timestamp based):
2025-09-08T01:30:11.342Z	INFO	core/blockchain.go:420	
2025-09-08T01:30:11.342Z	INFO	core/blockchain.go:420	 - Shanghai:                    @0          (https://github.com/ethereum/execution-specs/blob/master/network-upgrades/mainnet-upgrades/shanghai.md)
2025-09-08T01:30:11.342Z	INFO	core/blockchain.go:422	---------------------------------------------------------------------------------------------------------------------------------------------------------
2025-09-08T01:30:11.342Z	INFO	core/blockchain.go:420	 - Cancun:                      @0          (https://github.com/ethereum/execution-specs/blob/master/network-upgrades/mainnet-upgrades/cancun.md)
2025-09-08T01:30:11.342Z	INFO	core/blockchain.go:420	
2025-09-08T01:30:11.342Z	INFO	core/blockchain.go:422	---------------------------------------------------------------------------------------------------------------------------------------------------------
2025-09-08T01:30:11.342Z	INFO	core/blockchain.go:423	
2025-09-08T01:30:11.342Z	INFO	core/blockchain.go:423	
2025-09-08T01:30:11.343Z	INFO	core/blockchain.go:588	Not warming accepted cache because disabled
2025-09-08T01:30:11.343Z	INFO	core/blockchain.go:618	Starting Acceptor	{"queue length": 0}
2025-09-08T01:30:11.343Z	INFO	core/blockchain.go:1841	Initializing snapshots	{"async": false, "rebuild": true, "headHash": "0xf5b292944e8879d2c3ae9be520852225b4927f15fe3f40d8d2ede84754ef885c", "headRoot": "0x6cf04031608b797cec117613a2575b26eea7835b5494205940f691f53f3a94d6"}
2025-09-08T01:30:11.343Z	WARN	snapshot/snapshot.go:219	Failed to load snapshot, regenerating	{"err": "missing or corrupted snapshot, no snapshot block hash"}
2025-09-08T01:30:11.343Z	INFO	snapshot/snapshot.go:826	Rebuilding state snapshot
2025-09-08T01:30:11.343Z	INFO	snapshot/wipe.go:135	Deleted state snapshot leftovers	{"kind": "accounts", "wiped": 0, "elapsed": "20.804µs"}
2025-09-08T01:30:11.343Z	INFO	snapshot/wipe.go:135	Deleted state snapshot leftovers	{"kind": "storage", "wiped": 0, "elapsed": "2.542µs"}
2025-09-08T01:30:11.343Z	INFO	snapshot/snapshot.go:390	Waiting for snapshot generation	{"root": "0x6cf04031608b797cec117613a2575b26eea7835b5494205940f691f53f3a94d6"}
2025-09-08T01:30:11.343Z	INFO	snapshot/context.go:106	Wiper running, state snapshotting paused	{"accounts": 0, "slots": 0, "storage": "0.00 B", "elapsed": "340.696µs"}
2025-09-08T01:30:11.344Z	INFO	snapshot/generate.go:321	Generated state snapshot	{"accounts": 3, "slots": 0, "storage": "138.00 B", "elapsed": "64.712µs"}
2025-09-08T01:30:11.344Z	INFO	core/blockchain.go:588	Not warming accepted cache because disabled
2025-09-08T01:30:11.344Z	INFO	core/blockchain.go:618	Starting Acceptor	{"queue length": 0}
--- FAIL: TestTraceTransactionPrecompileActivation (0.00s)
    --- FAIL: TestTraceTransactionPrecompileActivation/#00 (0.01s)
        api_test.go:111: block 0: failed to insert into chain: could not apply tx 0 [0x25a2c89930bea3a5e6a216c5b49424448fda978a0ee258a00149d919a78bb3b7]: insufficient funds for gas * price + value: address 0x140E9F91eE3DC996cc62a5E845d77de80C305bf5 have 0 want 10500000000022000
    --- FAIL: TestTraceTransactionPrecompileActivation/hash (0.01s)
        api_test.go:111: block 0: failed to insert into chain: could not apply tx 0 [0x8c1dc17ce91d4273aac66186528201651866873666dd7ffb9edd0c550b04218c]: insufficient funds for gas * price + value: address 0x26142601F6c2Ab881f4ED2e1D9bbaeB5B45CB882 have 0 want 10500000000022000
2025-09-08T01:30:11.399Z	INFO	core/state_processor_ext.go:56	Activating new precompile	{"name": "txAllowListConfig", "config": "{\"adminAddresses\":[\"0x88f63f63448f0eb96da968bad7cf9aea352469e9\"],\"blockTimestamp\":200}"}
2025-09-08T01:30:11.462Z	INFO	core/state_processor_ext.go:39	Disabling precompile	{"name": "txAllowListConfig"}
2025-09-08T01:30:11.641Z	INFO	core/genesis.go:165	Writing genesis to database
2025-09-08T01:30:11.642Z	INFO	core/blockchain.go:417	
2025-09-08T01:30:11.642Z	INFO	core/blockchain.go:418	---------------------------------------------------------------------------------------------------------------------------------------------------------
2025-09-08T01:30:11.642Z	INFO	core/blockchain.go:420	Chain ID:  1 (mainnet)
2025-09-08T01:30:11.642Z	INFO	core/blockchain.go:420	Consensus: unknown
2025-09-08T01:30:11.642Z	INFO	core/blockchain.go:420	
2025-09-08T01:30:11.642Z	INFO	core/blockchain.go:420	Pre-Merge hard forks (block based):
2025-09-08T01:30:11.642Z	INFO	core/blockchain.go:420	 - Homestead:                   #0        (https://github.com/ethereum/execution-specs/blob/master/network-upgrades/mainnet-upgrades/homestead.md)
2025-09-08T01:30:11.642Z	INFO	core/blockchain.go:420	 - Tangerine Whistle (EIP 150): #0        (https://github.com/ethereum/execution-specs/blob/master/network-upgrades/mainnet-upgrades/tangerine-whistle.md)
2025-09-08T01:30:11.642Z	INFO	core/blockchain.go:420	 - Spurious Dragon/1 (EIP 155): #0        (https://github.com/ethereum/execution-specs/blob/master/network-upgrades/mainnet-upgrades/spurious-dragon.md)
2025-09-08T01:30:11.642Z	INFO	core/blockchain.go:420	 - Spurious Dragon/2 (EIP 158): #0        (https://github.com/ethereum/execution-specs/blob/master/network-upgrades/mainnet-upgrades/spurious-dragon.md)
2025-09-08T01:30:11.642Z	INFO	core/blockchain.go:420	 - Byzantium:                   #0        (https://github.com/ethereum/execution-specs/blob/master/network-upgrades/mainnet-upgrades/byzantium.md)
2025-09-08T01:30:11.642Z	INFO	core/blockchain.go:420	 - Constantinople:              #0        (https://github.com/ethereum/execution-specs/blob/master/network-upgrades/mainnet-upgrades/constantinople.md)
2025-09-08T01:30:11.642Z	INFO	core/blockchain.go:420	 - Petersburg:                  #0        (https://github.com/ethereum/execution-specs/blob/master/network-upgrades/mainnet-upgrades/petersburg.md)
2025-09-08T01:30:11.642Z	INFO	core/blockchain.go:420	 - Istanbul:                    #0        (https://github.com/ethereum/execution-specs/blob/master/network-upgrades/mainnet-upgrades/istanbul.md)
2025-09-08T01:30:11.642Z	INFO	core/blockchain.go:420	 - Muir Glacier:                #0        (https://github.com/ethereum/execution-specs/blob/master/network-upgrades/mainnet-upgrades/muir-glacier.md)
2025-09-08T01:30:11.642Z	INFO	core/blockchain.go:420	 - Berlin:                      #0        (https://github.com/ethereum/execution-specs/blob/master/network-upgrades/mainnet-upgrades/berlin.md)
2025-09-08T01:30:11.642Z	INFO	core/blockchain.go:420	 - London:                      #0        (https://github.com/ethereum/execution-specs/blob/master/network-upgrades/mainnet-upgrades/london.md)
2025-09-08T01:30:11.642Z	INFO	core/blockchain.go:420	
2025-09-08T01:30:11.643Z	INFO	core/blockchain.go:420	Merge configured:
2025-09-08T01:30:11.643Z	INFO	core/blockchain.go:420	 - Hard-fork specification:    https://github.com/ethereum/execution-specs/blob/master/network-upgrades/mainnet-upgrades/paris.md
2025-09-08T01:30:11.643Z	INFO	core/blockchain.go:420	 - Network known to be merged
2025-09-08T01:30:11.643Z	INFO	core/blockchain.go:420	 - Total terminal difficulty:  <nil>
2025-09-08T01:30:11.643Z	INFO	core/blockchain.go:420	
2025-09-08T01:30:11.643Z	INFO	core/blockchain.go:420	Post-Merge hard forks (timestamp based):
2025-09-08T01:30:11.643Z	INFO	core/blockchain.go:420	 - Shanghai:                    @0          (https://github.com/ethereum/execution-specs/blob/master/network-upgrades/mainnet-upgrades/shanghai.md)
2025-09-08T01:30:11.643Z	INFO	core/blockchain.go:420	 - Cancun:                      @0          (https://github.com/ethereum/execution-specs/blob/master/network-upgrades/mainnet-upgrades/cancun.md)
2025-09-08T01:30:11.643Z	INFO	core/blockchain.go:420	
2025-09-08T01:30:11.643Z	INFO	core/blockchain.go:422	---------------------------------------------------------------------------------------------------------------------------------------------------------
2025-09-08T01:30:11.643Z	INFO	core/blockchain.go:423	
2025-09-08T01:30:11.643Z	INFO	core/blockchain.go:1841	Initializing snapshots	{"async": false, "rebuild": true, "headHash": "0xdc90963258dfc2337d0938910dc1b90cca50d062d26dd8c5c5425c97ec521b9a", "headRoot": "0xb1bc50140799afeb6f3a1da4382ab5788a102942fd29fa39eebf546290bb7e12"}
2025-09-08T01:30:11.644Z	WARN	snapshot/snapshot.go:219	Failed to load snapshot, regenerating	{"err": "missing or corrupted snapshot, no snapshot block hash"}
2025-09-08T01:30:11.644Z	INFO	snapshot/snapshot.go:826	Rebuilding state snapshot
2025-09-08T01:30:11.644Z	INFO	snapshot/wipe.go:135	Deleted state snapshot leftovers	{"kind": "accounts", "wiped": 0, "elapsed": "33.298µs"}
2025-09-08T01:30:11.644Z	INFO	snapshot/wipe.go:135	Deleted state snapshot leftovers	{"kind": "storage", "wiped": 0, "elapsed": "3.376µs"}
2025-09-08T01:30:11.644Z	INFO	snapshot/snapshot.go:390	Waiting for snapshot generation	{"root": "0xb1bc50140799afeb6f3a1da4382ab5788a102942fd29fa39eebf546290bb7e12"}
2025-09-08T01:30:11.644Z	INFO	snapshot/context.go:106	Wiper running, state snapshotting paused	{"accounts": 0, "slots": 0, "storage": "0.00 B", "elapsed": "447.675µs"}
2025-09-08T01:30:11.644Z	INFO	snapshot/generate.go:321	Generated state snapshot	{"accounts": 3, "slots": 0, "storage": "138.00 B", "elapsed": "87.054µs"}
2025-09-08T01:30:11.644Z	INFO	core/blockchain.go:588	Not warming accepted cache because disabled
2025-09-08T01:30:11.645Z	INFO	core/blockchain.go:618	Starting Acceptor	{"queue length": 0}
2025-09-08T01:30:11.697Z	INFO	core/state_processor_ext.go:56	Activating new precompile	{"name": "txAllowListConfig", "config": "{\"adminAddresses\":[\"0x8583a9735debe9a2773deb9098727b0963b6e6c6\"],\"blockTimestamp\":200}"}
2025-09-08T01:30:11.758Z	INFO	core/state_processor_ext.go:39	Disabling precompile	{"name": "txAllowListConfig"}
2025-09-08T01:30:11.968Z	INFO	core/genesis.go:165	Writing genesis to database
2025-09-08T01:30:11.971Z	INFO	core/blockchain.go:417	
2025-09-08T01:30:11.971Z	INFO	core/blockchain.go:418	---------------------------------------------------------------------------------------------------------------------------------------------------------
2025-09-08T01:30:11.971Z	INFO	core/blockchain.go:420	Chain ID:  1 (mainnet)
2025-09-08T01:30:11.971Z	INFO	core/blockchain.go:420	Consensus: unknown
2025-09-08T01:30:11.971Z	INFO	core/blockchain.go:420	
2025-09-08T01:30:11.971Z	INFO	core/blockchain.go:420	Pre-Merge hard forks (block based):
2025-09-08T01:30:11.971Z	INFO	core/blockchain.go:420	 - Homestead:                   #0        (https://github.com/ethereum/execution-specs/blob/master/network-upgrades/mainnet-upgrades/homestead.md)
2025-09-08T01:30:11.971Z	INFO	core/blockchain.go:420	 - Tangerine Whistle (EIP 150): #0        (https://github.com/ethereum/execution-specs/blob/master/network-upgrades/mainnet-upgrades/tangerine-whistle.md)
2025-09-08T01:30:11.971Z	INFO	core/blockchain.go:420	 - Spurious Dragon/1 (EIP 155): #0        (https://github.com/ethereum/execution-specs/blob/master/network-upgrades/mainnet-upgrades/spurious-dragon.md)
2025-09-08T01:30:11.971Z	INFO	core/blockchain.go:420	 - Spurious Dragon/2 (EIP 158): #0        (https://github.com/ethereum/execution-specs/blob/master/network-upgrades/mainnet-upgrades/spurious-dragon.md)
2025-09-08T01:30:11.971Z	INFO	core/blockchain.go:420	 - Byzantium:                   #0        (https://github.com/ethereum/execution-specs/blob/master/network-upgrades/mainnet-upgrades/byzantium.md)
2025-09-08T01:30:11.971Z	INFO	core/blockchain.go:420	 - Constantinople:              #0        (https://github.com/ethereum/execution-specs/blob/master/network-upgrades/mainnet-upgrades/constantinople.md)
2025-09-08T01:30:11.971Z	INFO	core/blockchain.go:420	 - Petersburg:                  #0        (https://github.com/ethereum/execution-specs/blob/master/network-upgrades/mainnet-upgrades/petersburg.md)
2025-09-08T01:30:11.971Z	INFO	core/blockchain.go:420	 - Istanbul:                    #0        (https://github.com/ethereum/execution-specs/blob/master/network-upgrades/mainnet-upgrades/istanbul.md)
2025-09-08T01:30:11.971Z	INFO	core/blockchain.go:420	 - Muir Glacier:                #0        (https://github.com/ethereum/execution-specs/blob/master/network-upgrades/mainnet-upgrades/muir-glacier.md)
2025-09-08T01:30:11.971Z	INFO	core/blockchain.go:420	 - Berlin:                      #0        (https://github.com/ethereum/execution-specs/blob/master/network-upgrades/mainnet-upgrades/berlin.md)
2025-09-08T01:30:11.971Z	INFO	core/blockchain.go:420	 - London:                      #0        (https://github.com/ethereum/execution-specs/blob/master/network-upgrades/mainnet-upgrades/london.md)
2025-09-08T01:30:11.971Z	INFO	core/blockchain.go:420	
2025-09-08T01:30:11.972Z	INFO	core/blockchain.go:420	Merge configured:
2025-09-08T01:30:11.972Z	INFO	core/blockchain.go:420	 - Hard-fork specification:    https://github.com/ethereum/execution-specs/blob/master/network-upgrades/mainnet-upgrades/paris.md
2025-09-08T01:30:11.972Z	INFO	core/blockchain.go:420	 - Network known to be merged
2025-09-08T01:30:11.972Z	INFO	core/blockchain.go:420	 - Total terminal difficulty:  <nil>
2025-09-08T01:30:11.972Z	INFO	core/blockchain.go:420	
2025-09-08T01:30:11.972Z	INFO	core/blockchain.go:420	Post-Merge hard forks (timestamp based):
2025-09-08T01:30:11.972Z	INFO	core/blockchain.go:420	 - Shanghai:                    @0          (https://github.com/ethereum/execution-specs/blob/master/network-upgrades/mainnet-upgrades/shanghai.md)
2025-09-08T01:30:11.972Z	INFO	core/blockchain.go:420	 - Cancun:                      @0          (https://github.com/ethereum/execution-specs/blob/master/network-upgrades/mainnet-upgrades/cancun.md)
2025-09-08T01:30:11.972Z	INFO	core/blockchain.go:420	
2025-09-08T01:30:11.972Z	INFO	core/blockchain.go:422	---------------------------------------------------------------------------------------------------------------------------------------------------------
2025-09-08T01:30:11.972Z	INFO	core/blockchain.go:423	
2025-09-08T01:30:11.972Z	INFO	core/blockchain.go:588	Not warming accepted cache because disabled
2025-09-08T01:30:11.973Z	INFO	core/blockchain.go:618	Starting Acceptor	{"queue length": 0}
--- FAIL: TestTraceChainPrecompileActivation (0.63s)
    --- FAIL: TestTraceChainPrecompileActivation/hash (0.30s)
        api_test.go:111: block 0: failed to insert into chain: invalid gas limit: have 4712388, want 8000000 += 7812
    --- FAIL: TestTraceChainPrecompileActivation/#00 (0.33s)
        api_test.go:111: block 0: failed to insert into chain: invalid gas limit: have 4712388, want 8000000 += 7812
2025-09-08T01:30:11.975Z	INFO	core/state_processor_ext.go:81	Applying state upgrade	{"blockNumber": "2", "upgrade": {"blockTimestamp":20,"accounts":{"0xd4c76a21fd4ef3ae482f445660b2a4a387a29ca6":{"balanceChange":"-0x4563918244f40000"}}}}
2025-09-08T01:30:11.975Z	INFO	core/state_processor_ext.go:81	Applying state upgrade	{"blockNumber": "2", "upgrade": {"blockTimestamp":20,"accounts":{"0x91407c3bef3e8ba8c84ce79dd970aa786fde5a5f":{"balanceChange":"-0x4563918244f40000"}}}}
2025-09-08T01:30:11.977Z	INFO	core/genesis.go:165	Writing genesis to database
2025-09-08T01:30:11.977Z	INFO	core/genesis.go:165	Writing genesis to database
2025-09-08T01:30:11.978Z	INFO	core/blockchain.go:417	
2025-09-08T01:30:11.978Z	INFO	core/blockchain.go:418	---------------------------------------------------------------------------------------------------------------------------------------------------------
2025-09-08T01:30:11.978Z	INFO	core/blockchain.go:417	
2025-09-08T01:30:11.978Z	INFO	core/blockchain.go:418	---------------------------------------------------------------------------------------------------------------------------------------------------------
2025-09-08T01:30:11.978Z	INFO	core/blockchain.go:420	Chain ID:  1 (mainnet)
2025-09-08T01:30:11.978Z	INFO	core/blockchain.go:420	Consensus: unknown
2025-09-08T01:30:11.978Z	INFO	core/blockchain.go:420	
2025-09-08T01:30:11.978Z	INFO	core/blockchain.go:420	Pre-Merge hard forks (block based):
2025-09-08T01:30:11.978Z	INFO	core/blockchain.go:420	 - Homestead:                   #0        (https://github.com/ethereum/execution-specs/blob/master/network-upgrades/mainnet-upgrades/homestead.md)
2025-09-08T01:30:11.978Z	INFO	core/blockchain.go:420	Chain ID:  1 (mainnet)
2025-09-08T01:30:11.978Z	INFO	core/blockchain.go:420	 - Tangerine Whistle (EIP 150): #0        (https://github.com/ethereum/execution-specs/blob/master/network-upgrades/mainnet-upgrades/tangerine-whistle.md)
2025-09-08T01:30:11.978Z	INFO	core/blockchain.go:420	Consensus: unknown
2025-09-08T01:30:11.978Z	INFO	core/blockchain.go:420	 - Spurious Dragon/1 (EIP 155): #0        (https://github.com/ethereum/execution-specs/blob/master/network-upgrades/mainnet-upgrades/spurious-dragon.md)
2025-09-08T01:30:11.978Z	INFO	core/blockchain.go:420	
2025-09-08T01:30:11.978Z	INFO	core/blockchain.go:420	 - Spurious Dragon/2 (EIP 158): #0        (https://github.com/ethereum/execution-specs/blob/master/network-upgrades/mainnet-upgrades/spurious-dragon.md)
2025-09-08T01:30:11.978Z	INFO	core/blockchain.go:420	Pre-Merge hard forks (block based):
2025-09-08T01:30:11.978Z	INFO	core/blockchain.go:420	 - Byzantium:                   #0        (https://github.com/ethereum/execution-specs/blob/master/network-upgrades/mainnet-upgrades/byzantium.md)
2025-09-08T01:30:11.978Z	INFO	core/blockchain.go:420	 - Homestead:                   #0        (https://github.com/ethereum/execution-specs/blob/master/network-upgrades/mainnet-upgrades/homestead.md)
2025-09-08T01:30:11.978Z	INFO	core/blockchain.go:420	 - Constantinople:              #0        (https://github.com/ethereum/execution-specs/blob/master/network-upgrades/mainnet-upgrades/constantinople.md)
2025-09-08T01:30:11.978Z	INFO	core/blockchain.go:420	 - Tangerine Whistle (EIP 150): #0        (https://github.com/ethereum/execution-specs/blob/master/network-upgrades/mainnet-upgrades/tangerine-whistle.md)
2025-09-08T01:30:11.978Z	INFO	core/blockchain.go:420	 - Petersburg:                  #0        (https://github.com/ethereum/execution-specs/blob/master/network-upgrades/mainnet-upgrades/petersburg.md)
2025-09-08T01:30:11.978Z	INFO	core/blockchain.go:420	 - Istanbul:                    #0        (https://github.com/ethereum/execution-specs/blob/master/network-upgrades/mainnet-upgrades/istanbul.md)
2025-09-08T01:30:11.978Z	INFO	core/blockchain.go:420	 - Muir Glacier:                #0        (https://github.com/ethereum/execution-specs/blob/master/network-upgrades/mainnet-upgrades/muir-glacier.md)
2025-09-08T01:30:11.978Z	INFO	core/blockchain.go:420	 - Spurious Dragon/1 (EIP 155): #0        (https://github.com/ethereum/execution-specs/blob/master/network-upgrades/mainnet-upgrades/spurious-dragon.md)
2025-09-08T01:30:11.978Z	INFO	core/blockchain.go:420	 - Berlin:                      #0        (https://github.com/ethereum/execution-specs/blob/master/network-upgrades/mainnet-upgrades/berlin.md)
2025-09-08T01:30:11.978Z	INFO	core/blockchain.go:420	 - Spurious Dragon/2 (EIP 158): #0        (https://github.com/ethereum/execution-specs/blob/master/network-upgrades/mainnet-upgrades/spurious-dragon.md)
2025-09-08T01:30:11.978Z	INFO	core/blockchain.go:420	 - London:                      #0        (https://github.com/ethereum/execution-specs/blob/master/network-upgrades/mainnet-upgrades/london.md)
2025-09-08T01:30:11.978Z	INFO	core/blockchain.go:420	 - Byzantium:                   #0        (https://github.com/ethereum/execution-specs/blob/master/network-upgrades/mainnet-upgrades/byzantium.md)
2025-09-08T01:30:11.978Z	INFO	core/blockchain.go:420	
2025-09-08T01:30:11.978Z	INFO	core/blockchain.go:420	 - Constantinople:              #0        (https://github.com/ethereum/execution-specs/blob/master/network-upgrades/mainnet-upgrades/constantinople.md)
2025-09-08T01:30:11.978Z	INFO	core/blockchain.go:420	 - Petersburg:                  #0        (https://github.com/ethereum/execution-specs/blob/master/network-upgrades/mainnet-upgrades/petersburg.md)
2025-09-08T01:30:11.978Z	INFO	core/blockchain.go:420	Merge configured:
2025-09-08T01:30:11.978Z	INFO	core/blockchain.go:420	 - Istanbul:                    #0        (https://github.com/ethereum/execution-specs/blob/master/network-upgrades/mainnet-upgrades/istanbul.md)
2025-09-08T01:30:11.978Z	INFO	core/blockchain.go:420	 - Hard-fork specification:    https://github.com/ethereum/execution-specs/blob/master/network-upgrades/mainnet-upgrades/paris.md
2025-09-08T01:30:11.978Z	INFO	core/blockchain.go:420	 - Muir Glacier:                #0        (https://github.com/ethereum/execution-specs/blob/master/network-upgrades/mainnet-upgrades/muir-glacier.md)
2025-09-08T01:30:11.978Z	INFO	core/blockchain.go:420	 - Network known to be merged
2025-09-08T01:30:11.978Z	INFO	core/blockchain.go:420	 - Berlin:                      #0        (https://github.com/ethereum/execution-specs/blob/master/network-upgrades/mainnet-upgrades/berlin.md)
2025-09-08T01:30:11.978Z	INFO	core/blockchain.go:420	 - London:                      #0        (https://github.com/ethereum/execution-specs/blob/master/network-upgrades/mainnet-upgrades/london.md)
2025-09-08T01:30:11.978Z	INFO	core/blockchain.go:420	
2025-09-08T01:30:11.978Z	INFO	core/blockchain.go:420	 - Total terminal difficulty:  <nil>
2025-09-08T01:30:11.978Z	INFO	core/blockchain.go:420	Merge configured:
2025-09-08T01:30:11.979Z	INFO	core/blockchain.go:420	
2025-09-08T01:30:11.979Z	INFO	core/blockchain.go:420	 - Hard-fork specification:    https://github.com/ethereum/execution-specs/blob/master/network-upgrades/mainnet-upgrades/paris.md
2025-09-08T01:30:11.979Z	INFO	core/blockchain.go:420	Post-Merge hard forks (timestamp based):
2025-09-08T01:30:11.979Z	INFO	core/blockchain.go:420	 - Network known to be merged
2025-09-08T01:30:11.979Z	INFO	core/blockchain.go:420	 - Shanghai:                    @0          (https://github.com/ethereum/execution-specs/blob/master/network-upgrades/mainnet-upgrades/shanghai.md)
2025-09-08T01:30:11.979Z	INFO	core/blockchain.go:420	 - Total terminal difficulty:  <nil>
2025-09-08T01:30:11.979Z	INFO	core/blockchain.go:420	 - Cancun:                      @0          (https://github.com/ethereum/execution-specs/blob/master/network-upgrades/mainnet-upgrades/cancun.md)
2025-09-08T01:30:11.979Z	INFO	core/blockchain.go:420	
2025-09-08T01:30:11.979Z	INFO	core/blockchain.go:420	
2025-09-08T01:30:11.979Z	INFO	core/blockchain.go:420	Post-Merge hard forks (timestamp based):
2025-09-08T01:30:11.979Z	INFO	core/blockchain.go:422	---------------------------------------------------------------------------------------------------------------------------------------------------------
2025-09-08T01:30:11.979Z	INFO	core/blockchain.go:420	 - Shanghai:                    @0          (https://github.com/ethereum/execution-specs/blob/master/network-upgrades/mainnet-upgrades/shanghai.md)
2025-09-08T01:30:11.979Z	INFO	core/blockchain.go:423	
2025-09-08T01:30:11.979Z	INFO	core/blockchain.go:420	 - Cancun:                      @0          (https://github.com/ethereum/execution-specs/blob/master/network-upgrades/mainnet-upgrades/cancun.md)
2025-09-08T01:30:11.979Z	INFO	core/blockchain.go:420	
2025-09-08T01:30:11.979Z	INFO	core/blockchain.go:422	---------------------------------------------------------------------------------------------------------------------------------------------------------
2025-09-08T01:30:11.979Z	INFO	core/blockchain.go:423	
2025-09-08T01:30:11.979Z	INFO	core/blockchain.go:588	Not warming accepted cache because disabled
2025-09-08T01:30:11.979Z	INFO	core/blockchain.go:618	Starting Acceptor	{"queue length": 0}
2025-09-08T01:30:11.979Z	INFO	core/blockchain.go:1841	Initializing snapshots	{"async": false, "rebuild": true, "headHash": "0x41d960574c1b18011d370ce8107f084757177129685c1f7ebd5b1222e9bdcfb9", "headRoot": "0x4d56fac3ee052fcb37a8d2f5372c0e248d22fc64a257dd8122ad658bf20a85ae"}
2025-09-08T01:30:11.980Z	WARN	snapshot/snapshot.go:219	Failed to load snapshot, regenerating	{"err": "missing or corrupted snapshot, no snapshot block hash"}
2025-09-08T01:30:11.980Z	INFO	snapshot/snapshot.go:826	Rebuilding state snapshot
2025-09-08T01:30:11.980Z	INFO	snapshot/wipe.go:135	Deleted state snapshot leftovers	{"kind": "accounts", "wiped": 0, "elapsed": "22.011µs"}
2025-09-08T01:30:11.980Z	INFO	snapshot/wipe.go:135	Deleted state snapshot leftovers	{"kind": "storage", "wiped": 0, "elapsed": "3.534µs"}
2025-09-08T01:30:11.980Z	INFO	snapshot/snapshot.go:390	Waiting for snapshot generation	{"root": "0x4d56fac3ee052fcb37a8d2f5372c0e248d22fc64a257dd8122ad658bf20a85ae"}
2025-09-08T01:30:11.980Z	INFO	snapshot/context.go:106	Wiper running, state snapshotting paused	{"accounts": 0, "slots": 0, "storage": "0.00 B", "elapsed": "427.603µs"}
2025-09-08T01:30:11.980Z	INFO	snapshot/generate.go:321	Generated state snapshot	{"accounts": 3, "slots": 0, "storage": "138.00 B", "elapsed": "51.797µs"}
2025-09-08T01:30:11.980Z	INFO	core/blockchain.go:588	Not warming accepted cache because disabled
2025-09-08T01:30:11.980Z	INFO	core/blockchain.go:618	Starting Acceptor	{"queue length": 0}
--- FAIL: TestTraceCallWithOverridesStateUpgrade (0.00s)
    --- FAIL: TestTraceCallWithOverridesStateUpgrade/#00 (0.01s)
        api_test.go:111: block 0: failed to insert into chain: invalid gas limit: have 4712388, want 8000000 += 7812
    --- FAIL: TestTraceCallWithOverridesStateUpgrade/hash (0.01s)
        api_test.go:111: block 0: failed to insert into chain: invalid gas limit: have 4712388, want 8000000 += 7812
2025-09-08T01:30:11.988Z	INFO	core/genesis.go:165	Writing genesis to database
2025-09-08T01:30:11.989Z	INFO	core/blockchain.go:417	
2025-09-08T01:30:11.989Z	INFO	core/blockchain.go:418	---------------------------------------------------------------------------------------------------------------------------------------------------------
2025-09-08T01:30:11.989Z	INFO	core/blockchain.go:420	Chain ID:  1 (mainnet)
2025-09-08T01:30:11.989Z	INFO	core/blockchain.go:420	Consensus: unknown
2025-09-08T01:30:11.989Z	INFO	core/blockchain.go:420	
2025-09-08T01:30:11.989Z	INFO	core/blockchain.go:420	Pre-Merge hard forks (block based):
2025-09-08T01:30:11.989Z	INFO	core/blockchain.go:420	 - Homestead:                   #0        (https://github.com/ethereum/execution-specs/blob/master/network-upgrades/mainnet-upgrades/homestead.md)
2025-09-08T01:30:11.989Z	INFO	core/blockchain.go:420	 - Tangerine Whistle (EIP 150): #0        (https://github.com/ethereum/execution-specs/blob/master/network-upgrades/mainnet-upgrades/tangerine-whistle.md)
2025-09-08T01:30:11.989Z	INFO	core/blockchain.go:420	 - Spurious Dragon/1 (EIP 155): #0        (https://github.com/ethereum/execution-specs/blob/master/network-upgrades/mainnet-upgrades/spurious-dragon.md)
2025-09-08T01:30:11.989Z	INFO	core/blockchain.go:420	 - Spurious Dragon/2 (EIP 158): #0        (https://github.com/ethereum/execution-specs/blob/master/network-upgrades/mainnet-upgrades/spurious-dragon.md)
2025-09-08T01:30:11.989Z	INFO	core/blockchain.go:420	 - Byzantium:                   #0        (https://github.com/ethereum/execution-specs/blob/master/network-upgrades/mainnet-upgrades/byzantium.md)
2025-09-08T01:30:11.990Z	INFO	core/blockchain.go:420	 - Constantinople:              #0        (https://github.com/ethereum/execution-specs/blob/master/network-upgrades/mainnet-upgrades/constantinople.md)
2025-09-08T01:30:11.990Z	INFO	core/blockchain.go:420	 - Petersburg:                  #0        (https://github.com/ethereum/execution-specs/blob/master/network-upgrades/mainnet-upgrades/petersburg.md)
2025-09-08T01:30:11.990Z	INFO	core/blockchain.go:420	 - Istanbul:                    #0        (https://github.com/ethereum/execution-specs/blob/master/network-upgrades/mainnet-upgrades/istanbul.md)
2025-09-08T01:30:11.990Z	INFO	core/blockchain.go:420	 - Muir Glacier:                #0        (https://github.com/ethereum/execution-specs/blob/master/network-upgrades/mainnet-upgrades/muir-glacier.md)
2025-09-08T01:30:11.990Z	INFO	core/blockchain.go:420	 - Berlin:                      #0        (https://github.com/ethereum/execution-specs/blob/master/network-upgrades/mainnet-upgrades/berlin.md)
2025-09-08T01:30:11.990Z	INFO	core/blockchain.go:420	 - London:                      #0        (https://github.com/ethereum/execution-specs/blob/master/network-upgrades/mainnet-upgrades/london.md)
2025-09-08T01:30:11.990Z	INFO	core/blockchain.go:420	
2025-09-08T01:30:11.990Z	INFO	core/blockchain.go:420	Merge configured:
2025-09-08T01:30:11.990Z	INFO	core/blockchain.go:420	 - Hard-fork specification:    https://github.com/ethereum/execution-specs/blob/master/network-upgrades/mainnet-upgrades/paris.md
2025-09-08T01:30:11.990Z	INFO	core/blockchain.go:420	 - Network known to be merged
2025-09-08T01:30:11.990Z	INFO	core/blockchain.go:420	 - Total terminal difficulty:  <nil>
2025-09-08T01:30:11.990Z	INFO	core/blockchain.go:420	
2025-09-08T01:30:11.990Z	INFO	core/blockchain.go:420	Post-Merge hard forks (timestamp based):
2025-09-08T01:30:11.990Z	INFO	core/blockchain.go:420	 - Shanghai:                    @0          (https://github.com/ethereum/execution-specs/blob/master/network-upgrades/mainnet-upgrades/shanghai.md)
2025-09-08T01:30:11.990Z	INFO	core/blockchain.go:420	 - Cancun:                      @0          (https://github.com/ethereum/execution-specs/blob/master/network-upgrades/mainnet-upgrades/cancun.md)
2025-09-08T01:30:11.990Z	INFO	core/blockchain.go:420	
2025-09-08T01:30:11.990Z	INFO	core/blockchain.go:422	---------------------------------------------------------------------------------------------------------------------------------------------------------
2025-09-08T01:30:11.990Z	INFO	core/blockchain.go:423	
2025-09-08T01:30:11.990Z	INFO	core/genesis.go:165	Writing genesis to database
2025-09-08T01:30:11.991Z	INFO	core/blockchain.go:1841	Initializing snapshots	{"async": false, "rebuild": true, "headHash": "0x27c2d2e49ded399a0ec432397dc5352b5261dce180888f19f915fe5e12155952", "headRoot": "0x0f089daa1717a2b802de2214534bdd7afa252e5168b252761e420349d9e581b1"}
2025-09-08T01:30:11.991Z	INFO	core/blockchain.go:417	
2025-09-08T01:30:11.991Z	INFO	core/blockchain.go:418	---------------------------------------------------------------------------------------------------------------------------------------------------------
2025-09-08T01:30:11.991Z	WARN	snapshot/snapshot.go:219	Failed to load snapshot, regenerating	{"err": "missing or corrupted snapshot, no snapshot block hash"}
2025-09-08T01:30:11.991Z	INFO	core/blockchain.go:420	Chain ID:  1 (mainnet)
2025-09-08T01:30:11.991Z	INFO	snapshot/snapshot.go:826	Rebuilding state snapshot
2025-09-08T01:30:11.991Z	INFO	core/blockchain.go:420	Consensus: unknown
2025-09-08T01:30:11.991Z	INFO	core/blockchain.go:420	
2025-09-08T01:30:11.991Z	INFO	core/blockchain.go:420	Pre-Merge hard forks (block based):
2025-09-08T01:30:11.991Z	INFO	core/blockchain.go:420	 - Homestead:                   #0        (https://github.com/ethereum/execution-specs/blob/master/network-upgrades/mainnet-upgrades/homestead.md)
2025-09-08T01:30:11.991Z	INFO	core/blockchain.go:420	 - Tangerine Whistle (EIP 150): #0        (https://github.com/ethereum/execution-specs/blob/master/network-upgrades/mainnet-upgrades/tangerine-whistle.md)
2025-09-08T01:30:11.991Z	INFO	core/blockchain.go:420	 - Spurious Dragon/1 (EIP 155): #0        (https://github.com/ethereum/execution-specs/blob/master/network-upgrades/mainnet-upgrades/spurious-dragon.md)
2025-09-08T01:30:11.991Z	INFO	core/blockchain.go:420	 - Spurious Dragon/2 (EIP 158): #0        (https://github.com/ethereum/execution-specs/blob/master/network-upgrades/mainnet-upgrades/spurious-dragon.md)
2025-09-08T01:30:11.991Z	INFO	core/blockchain.go:420	 - Byzantium:                   #0        (https://github.com/ethereum/execution-specs/blob/master/network-upgrades/mainnet-upgrades/byzantium.md)
2025-09-08T01:30:11.991Z	INFO	core/blockchain.go:420	 - Constantinople:              #0        (https://github.com/ethereum/execution-specs/blob/master/network-upgrades/mainnet-upgrades/constantinople.md)
2025-09-08T01:30:11.991Z	INFO	core/blockchain.go:420	 - Petersburg:                  #0        (https://github.com/ethereum/execution-specs/blob/master/network-upgrades/mainnet-upgrades/petersburg.md)
2025-09-08T01:30:11.991Z	INFO	core/blockchain.go:420	 - Istanbul:                    #0        (https://github.com/ethereum/execution-specs/blob/master/network-upgrades/mainnet-upgrades/istanbul.md)
2025-09-08T01:30:11.991Z	INFO	core/blockchain.go:420	 - Muir Glacier:                #0        (https://github.com/ethereum/execution-specs/blob/master/network-upgrades/mainnet-upgrades/muir-glacier.md)
2025-09-08T01:30:11.991Z	INFO	core/blockchain.go:420	 - Berlin:                      #0        (https://github.com/ethereum/execution-specs/blob/master/network-upgrades/mainnet-upgrades/berlin.md)
2025-09-08T01:30:11.991Z	INFO	snapshot/wipe.go:135	Deleted state snapshot leftovers	{"kind": "accounts", "wiped": 0, "elapsed": "22.688µs"}
2025-09-08T01:30:11.991Z	INFO	core/blockchain.go:420	 - London:                      #0        (https://github.com/ethereum/execution-specs/blob/master/network-upgrades/mainnet-upgrades/london.md)
2025-09-08T01:30:11.991Z	INFO	core/blockchain.go:420	
2025-09-08T01:30:11.991Z	INFO	snapshot/wipe.go:135	Deleted state snapshot leftovers	{"kind": "storage", "wiped": 0, "elapsed": "3.115µs"}
2025-09-08T01:30:11.991Z	INFO	core/blockchain.go:420	Merge configured:
2025-09-08T01:30:11.991Z	INFO	core/blockchain.go:420	 - Hard-fork specification:    https://github.com/ethereum/execution-specs/blob/master/network-upgrades/mainnet-upgrades/paris.md
2025-09-08T01:30:11.991Z	INFO	core/blockchain.go:420	 - Network known to be merged
2025-09-08T01:30:11.991Z	INFO	core/blockchain.go:420	 - Total terminal difficulty:  <nil>
2025-09-08T01:30:11.991Z	INFO	core/blockchain.go:420	
2025-09-08T01:30:11.991Z	INFO	core/blockchain.go:420	Post-Merge hard forks (timestamp based):
2025-09-08T01:30:11.991Z	INFO	core/blockchain.go:420	 - Shanghai:                    @0          (https://github.com/ethereum/execution-specs/blob/master/network-upgrades/mainnet-upgrades/shanghai.md)
2025-09-08T01:30:11.991Z	INFO	core/blockchain.go:420	 - Cancun:                      @0          (https://github.com/ethereum/execution-specs/blob/master/network-upgrades/mainnet-upgrades/cancun.md)
2025-09-08T01:30:11.991Z	INFO	core/blockchain.go:420	
2025-09-08T01:30:11.991Z	INFO	core/blockchain.go:422	---------------------------------------------------------------------------------------------------------------------------------------------------------
2025-09-08T01:30:11.991Z	INFO	core/blockchain.go:423	
2025-09-08T01:30:11.991Z	INFO	snapshot/snapshot.go:390	Waiting for snapshot generation	{"root": "0x0f089daa1717a2b802de2214534bdd7afa252e5168b252761e420349d9e581b1"}
2025-09-08T01:30:11.991Z	INFO	snapshot/context.go:106	Wiper running, state snapshotting paused	{"accounts": 0, "slots": 0, "storage": "0.00 B", "elapsed": "520.128µs"}
2025-09-08T01:30:11.992Z	INFO	snapshot/generate.go:321	Generated state snapshot	{"accounts": 3, "slots": 0, "storage": "138.00 B", "elapsed": "53.15µs"}
2025-09-08T01:30:11.992Z	INFO	core/blockchain.go:588	Not warming accepted cache because disabled
2025-09-08T01:30:11.992Z	INFO	core/blockchain.go:618	Starting Acceptor	{"queue length": 0}
2025-09-08T01:30:11.992Z	INFO	core/blockchain.go:588	Not warming accepted cache because disabled
2025-09-08T01:30:11.992Z	INFO	core/blockchain.go:618	Starting Acceptor	{"queue length": 0}
--- FAIL: TestTraceCall (0.00s)
    --- FAIL: TestTraceCall/hash (0.01s)
        api_test.go:111: block 0: failed to insert into chain: could not apply tx 0 [0x1e14ac04445157932b3ac8e2f600221f70cd2eed82c9cffb5fc8fc95ecec1dac]: insufficient funds for gas * price + value: address 0x845f697c3579cc87089Fd153c5e5F269Ae99F996 have 0 want 525000000001000
    --- FAIL: TestTraceCall/#00 (0.01s)
        api_test.go:111: block 0: failed to insert into chain: could not apply tx 0 [0x680e33a3ef9e089824c4f83bd999fe80c727c1b9b05bd5a00712e20fc00a401d]: insufficient funds for gas * price + value: address 0x2a5CaF3b034FBF830FB4c79b5221D8360A0f0897 have 0 want 525000000001000
2025-09-08T01:30:11.996Z	INFO	core/genesis.go:165	Writing genesis to database
2025-09-08T01:30:11.996Z	INFO	core/genesis.go:165	Writing genesis to database
2025-09-08T01:30:11.997Z	INFO	core/blockchain.go:417	
2025-09-08T01:30:11.997Z	INFO	core/blockchain.go:417	
2025-09-08T01:30:11.997Z	INFO	core/blockchain.go:418	---------------------------------------------------------------------------------------------------------------------------------------------------------
2025-09-08T01:30:11.997Z	INFO	core/blockchain.go:418	---------------------------------------------------------------------------------------------------------------------------------------------------------
2025-09-08T01:30:11.997Z	INFO	core/blockchain.go:420	Chain ID:  1 (mainnet)
2025-09-08T01:30:11.997Z	INFO	core/blockchain.go:420	Consensus: unknown
2025-09-08T01:30:11.997Z	INFO	core/blockchain.go:420	
2025-09-08T01:30:11.997Z	INFO	core/blockchain.go:420	Chain ID:  1 (mainnet)
2025-09-08T01:30:11.997Z	INFO	core/blockchain.go:420	Consensus: unknown
2025-09-08T01:30:11.997Z	INFO	core/blockchain.go:420	
2025-09-08T01:30:11.997Z	INFO	core/blockchain.go:420	Pre-Merge hard forks (block based):
2025-09-08T01:30:11.997Z	INFO	core/blockchain.go:420	Pre-Merge hard forks (block based):
2025-09-08T01:30:11.997Z	INFO	core/blockchain.go:420	 - Homestead:                   #0        (https://github.com/ethereum/execution-specs/blob/master/network-upgrades/mainnet-upgrades/homestead.md)
2025-09-08T01:30:11.997Z	INFO	core/blockchain.go:420	 - Homestead:                   #0        (https://github.com/ethereum/execution-specs/blob/master/network-upgrades/mainnet-upgrades/homestead.md)
2025-09-08T01:30:11.997Z	INFO	core/blockchain.go:420	 - Tangerine Whistle (EIP 150): #0        (https://github.com/ethereum/execution-specs/blob/master/network-upgrades/mainnet-upgrades/tangerine-whistle.md)
2025-09-08T01:30:11.997Z	INFO	core/blockchain.go:420	 - Spurious Dragon/1 (EIP 155): #0        (https://github.com/ethereum/execution-specs/blob/master/network-upgrades/mainnet-upgrades/spurious-dragon.md)
2025-09-08T01:30:11.997Z	INFO	core/blockchain.go:420	 - Spurious Dragon/2 (EIP 158): #0        (https://github.com/ethereum/execution-specs/blob/master/network-upgrades/mainnet-upgrades/spurious-dragon.md)
2025-09-08T01:30:11.997Z	INFO	core/blockchain.go:420	 - Tangerine Whistle (EIP 150): #0        (https://github.com/ethereum/execution-specs/blob/master/network-upgrades/mainnet-upgrades/tangerine-whistle.md)
2025-09-08T01:30:11.997Z	INFO	core/blockchain.go:420	 - Byzantium:                   #0        (https://github.com/ethereum/execution-specs/blob/master/network-upgrades/mainnet-upgrades/byzantium.md)
2025-09-08T01:30:11.997Z	INFO	core/blockchain.go:420	 - Constantinople:              #0        (https://github.com/ethereum/execution-specs/blob/master/network-upgrades/mainnet-upgrades/constantinople.md)
2025-09-08T01:30:11.997Z	INFO	core/blockchain.go:420	 - Petersburg:                  #0        (https://github.com/ethereum/execution-specs/blob/master/network-upgrades/mainnet-upgrades/petersburg.md)
2025-09-08T01:30:11.997Z	INFO	core/blockchain.go:420	 - Istanbul:                    #0        (https://github.com/ethereum/execution-specs/blob/master/network-upgrades/mainnet-upgrades/istanbul.md)
2025-09-08T01:30:11.997Z	INFO	core/blockchain.go:420	 - Muir Glacier:                #0        (https://github.com/ethereum/execution-specs/blob/master/network-upgrades/mainnet-upgrades/muir-glacier.md)
2025-09-08T01:30:11.997Z	INFO	core/blockchain.go:420	 - Spurious Dragon/1 (EIP 155): #0        (https://github.com/ethereum/execution-specs/blob/master/network-upgrades/mainnet-upgrades/spurious-dragon.md)
2025-09-08T01:30:11.997Z	INFO	core/blockchain.go:420	 - Berlin:                      #0        (https://github.com/ethereum/execution-specs/blob/master/network-upgrades/mainnet-upgrades/berlin.md)
2025-09-08T01:30:11.997Z	INFO	core/blockchain.go:420	 - Spurious Dragon/2 (EIP 158): #0        (https://github.com/ethereum/execution-specs/blob/master/network-upgrades/mainnet-upgrades/spurious-dragon.md)
2025-09-08T01:30:11.997Z	INFO	core/blockchain.go:420	 - London:                      #0        (https://github.com/ethereum/execution-specs/blob/master/network-upgrades/mainnet-upgrades/london.md)
2025-09-08T01:30:11.997Z	INFO	core/blockchain.go:420	 - Byzantium:                   #0        (https://github.com/ethereum/execution-specs/blob/master/network-upgrades/mainnet-upgrades/byzantium.md)
2025-09-08T01:30:11.997Z	INFO	core/blockchain.go:420	
2025-09-08T01:30:11.997Z	INFO	core/blockchain.go:420	 - Constantinople:              #0        (https://github.com/ethereum/execution-specs/blob/master/network-upgrades/mainnet-upgrades/constantinople.md)
2025-09-08T01:30:11.997Z	INFO	core/blockchain.go:420	 - Petersburg:                  #0        (https://github.com/ethereum/execution-specs/blob/master/network-upgrades/mainnet-upgrades/petersburg.md)
2025-09-08T01:30:11.997Z	INFO	core/blockchain.go:420	 - Istanbul:                    #0        (https://github.com/ethereum/execution-specs/blob/master/network-upgrades/mainnet-upgrades/istanbul.md)
2025-09-08T01:30:11.997Z	INFO	core/blockchain.go:420	 - Muir Glacier:                #0        (https://github.com/ethereum/execution-specs/blob/master/network-upgrades/mainnet-upgrades/muir-glacier.md)
2025-09-08T01:30:11.997Z	INFO	core/blockchain.go:420	Merge configured:
2025-09-08T01:30:11.997Z	INFO	core/blockchain.go:420	 - Berlin:                      #0        (https://github.com/ethereum/execution-specs/blob/master/network-upgrades/mainnet-upgrades/berlin.md)
2025-09-08T01:30:11.997Z	INFO	core/blockchain.go:420	 - London:                      #0        (https://github.com/ethereum/execution-specs/blob/master/network-upgrades/mainnet-upgrades/london.md)
2025-09-08T01:30:11.997Z	INFO	core/blockchain.go:420	 - Hard-fork specification:    https://github.com/ethereum/execution-specs/blob/master/network-upgrades/mainnet-upgrades/paris.md
2025-09-08T01:30:11.997Z	INFO	core/blockchain.go:420	
2025-09-08T01:30:11.997Z	INFO	core/blockchain.go:420	Merge configured:
2025-09-08T01:30:11.997Z	INFO	core/blockchain.go:420	 - Hard-fork specification:    https://github.com/ethereum/execution-specs/blob/master/network-upgrades/mainnet-upgrades/paris.md
2025-09-08T01:30:11.997Z	INFO	core/blockchain.go:420	 - Network known to be merged
2025-09-08T01:30:11.997Z	INFO	core/blockchain.go:420	 - Total terminal difficulty:  <nil>
2025-09-08T01:30:11.997Z	INFO	core/blockchain.go:420	
2025-09-08T01:30:11.997Z	INFO	core/blockchain.go:420	Post-Merge hard forks (timestamp based):
2025-09-08T01:30:11.997Z	INFO	core/blockchain.go:420	 - Network known to be merged
2025-09-08T01:30:11.997Z	INFO	core/blockchain.go:420	 - Shanghai:                    @0          (https://github.com/ethereum/execution-specs/blob/master/network-upgrades/mainnet-upgrades/shanghai.md)
2025-09-08T01:30:11.997Z	INFO	core/blockchain.go:420	 - Total terminal difficulty:  <nil>
2025-09-08T01:30:11.998Z	INFO	core/blockchain.go:420	 - Cancun:                      @0          (https://github.com/ethereum/execution-specs/blob/master/network-upgrades/mainnet-upgrades/cancun.md)
2025-09-08T01:30:11.998Z	INFO	core/blockchain.go:420	
2025-09-08T01:30:11.998Z	INFO	core/blockchain.go:420	
2025-09-08T01:30:11.998Z	INFO	core/blockchain.go:420	Post-Merge hard forks (timestamp based):
2025-09-08T01:30:11.998Z	INFO	core/blockchain.go:422	---------------------------------------------------------------------------------------------------------------------------------------------------------
2025-09-08T01:30:11.998Z	INFO	core/blockchain.go:420	 - Shanghai:                    @0          (https://github.com/ethereum/execution-specs/blob/master/network-upgrades/mainnet-upgrades/shanghai.md)
2025-09-08T01:30:11.998Z	INFO	core/blockchain.go:423	
2025-09-08T01:30:11.998Z	INFO	core/blockchain.go:420	 - Cancun:                      @0          (https://github.com/ethereum/execution-specs/blob/master/network-upgrades/mainnet-upgrades/cancun.md)
2025-09-08T01:30:11.998Z	INFO	core/blockchain.go:420	
2025-09-08T01:30:11.998Z	INFO	core/blockchain.go:422	---------------------------------------------------------------------------------------------------------------------------------------------------------
2025-09-08T01:30:11.998Z	INFO	core/blockchain.go:423	
2025-09-08T01:30:11.998Z	INFO	core/blockchain.go:588	Not warming accepted cache because disabled
2025-09-08T01:30:11.998Z	INFO	core/blockchain.go:1841	Initializing snapshots	{"async": false, "rebuild": true, "headHash": "0x11893d6411e4dd4dce2003dfccd5899810be256d3ba9ae969fc783c2e4dfd0a4", "headRoot": "0x8d3840355f6c503dd73d53321b8ee69d31a1a5e13fed241b5ff57ccc114273bd"}
2025-09-08T01:30:11.998Z	INFO	core/blockchain.go:618	Starting Acceptor	{"queue length": 0}
2025-09-08T01:30:11.998Z	WARN	snapshot/snapshot.go:219	Failed to load snapshot, regenerating	{"err": "missing or corrupted snapshot, no snapshot block hash"}
2025-09-08T01:30:11.998Z	INFO	snapshot/snapshot.go:826	Rebuilding state snapshot
2025-09-08T01:30:11.998Z	INFO	snapshot/wipe.go:135	Deleted state snapshot leftovers	{"kind": "accounts", "wiped": 0, "elapsed": "25.333µs"}
2025-09-08T01:30:11.998Z	INFO	snapshot/wipe.go:135	Deleted state snapshot leftovers	{"kind": "storage", "wiped": 0, "elapsed": "2.737µs"}
2025-09-08T01:30:11.999Z	INFO	snapshot/snapshot.go:390	Waiting for snapshot generation	{"root": "0x8d3840355f6c503dd73d53321b8ee69d31a1a5e13fed241b5ff57ccc114273bd"}
2025-09-08T01:30:11.999Z	INFO	snapshot/context.go:106	Wiper running, state snapshotting paused	{"accounts": 0, "slots": 0, "storage": "0.00 B", "elapsed": "444.732µs"}
2025-09-08T01:30:11.999Z	INFO	snapshot/generate.go:321	Generated state snapshot	{"accounts": 2, "slots": 0, "storage": "92.00 B", "elapsed": "42.305µs"}
2025-09-08T01:30:11.999Z	INFO	core/blockchain.go:588	Not warming accepted cache because disabled
2025-09-08T01:30:11.999Z	INFO	core/blockchain.go:618	Starting Acceptor	{"queue length": 0}
--- FAIL: TestTraceTransaction (0.00s)
    --- FAIL: TestTraceTransaction/#00 (0.01s)
        api_test.go:111: block 0: failed to insert into chain: could not apply tx 0 [0xb23498b3b7d6bb9f132cc3e23109f0dee69d5a6263fe14294c11efcb3a1f3923]: insufficient funds for gas * price + value: address 0x85B883520a1fC4a800a5bc57BC2c6838E17e2476 have 0 want 11025000000001000
    --- FAIL: TestTraceTransaction/hash (0.01s)
        api_test.go:111: block 0: failed to insert into chain: could not apply tx 0 [0x190aada2cf5ee00578c4777d330a304743acce2b536f45fd4912419a2df72b85]: insufficient funds for gas * price + value: address 0x64A92c96F462583DBF03f48ec496ECC23De03422 have 0 want 11025000000001000
2025-09-08T01:30:12.007Z	INFO	core/genesis.go:165	Writing genesis to database
2025-09-08T01:30:12.007Z	INFO	core/genesis.go:165	Writing genesis to database
2025-09-08T01:30:12.007Z	INFO	core/blockchain.go:417	
2025-09-08T01:30:12.008Z	INFO	core/blockchain.go:418	---------------------------------------------------------------------------------------------------------------------------------------------------------
2025-09-08T01:30:12.008Z	INFO	core/blockchain.go:420	Chain ID:  1 (mainnet)
2025-09-08T01:30:12.008Z	INFO	core/blockchain.go:420	Consensus: unknown
2025-09-08T01:30:12.008Z	INFO	core/blockchain.go:420	
2025-09-08T01:30:12.008Z	INFO	core/blockchain.go:420	Pre-Merge hard forks (block based):
2025-09-08T01:30:12.008Z	INFO	core/blockchain.go:420	 - Homestead:                   #0        (https://github.com/ethereum/execution-specs/blob/master/network-upgrades/mainnet-upgrades/homestead.md)
2025-09-08T01:30:12.008Z	INFO	core/blockchain.go:420	 - Tangerine Whistle (EIP 150): #0        (https://github.com/ethereum/execution-specs/blob/master/network-upgrades/mainnet-upgrades/tangerine-whistle.md)
2025-09-08T01:30:12.008Z	INFO	core/blockchain.go:417	
2025-09-08T01:30:12.008Z	INFO	core/blockchain.go:418	---------------------------------------------------------------------------------------------------------------------------------------------------------
2025-09-08T01:30:12.008Z	INFO	core/blockchain.go:420	 - Spurious Dragon/1 (EIP 155): #0        (https://github.com/ethereum/execution-specs/blob/master/network-upgrades/mainnet-upgrades/spurious-dragon.md)
2025-09-08T01:30:12.008Z	INFO	core/blockchain.go:420	Chain ID:  1 (mainnet)
2025-09-08T01:30:12.008Z	INFO	core/blockchain.go:420	 - Spurious Dragon/2 (EIP 158): #0        (https://github.com/ethereum/execution-specs/blob/master/network-upgrades/mainnet-upgrades/spurious-dragon.md)
2025-09-08T01:30:12.008Z	INFO	core/blockchain.go:420	Consensus: unknown
2025-09-08T01:30:12.008Z	INFO	core/blockchain.go:420	 - Byzantium:                   #0        (https://github.com/ethereum/execution-specs/blob/master/network-upgrades/mainnet-upgrades/byzantium.md)
2025-09-08T01:30:12.008Z	INFO	core/blockchain.go:420	
2025-09-08T01:30:12.008Z	INFO	core/blockchain.go:420	 - Constantinople:              #0        (https://github.com/ethereum/execution-specs/blob/master/network-upgrades/mainnet-upgrades/constantinople.md)
2025-09-08T01:30:12.008Z	INFO	core/blockchain.go:420	Pre-Merge hard forks (block based):
2025-09-08T01:30:12.008Z	INFO	core/blockchain.go:420	 - Petersburg:                  #0        (https://github.com/ethereum/execution-specs/blob/master/network-upgrades/mainnet-upgrades/petersburg.md)
2025-09-08T01:30:12.008Z	INFO	core/blockchain.go:420	 - Homestead:                   #0        (https://github.com/ethereum/execution-specs/blob/master/network-upgrades/mainnet-upgrades/homestead.md)
2025-09-08T01:30:12.008Z	INFO	core/blockchain.go:420	 - Istanbul:                    #0        (https://github.com/ethereum/execution-specs/blob/master/network-upgrades/mainnet-upgrades/istanbul.md)
2025-09-08T01:30:12.008Z	INFO	core/blockchain.go:420	 - Tangerine Whistle (EIP 150): #0        (https://github.com/ethereum/execution-specs/blob/master/network-upgrades/mainnet-upgrades/tangerine-whistle.md)
2025-09-08T01:30:12.008Z	INFO	core/blockchain.go:420	 - Muir Glacier:                #0        (https://github.com/ethereum/execution-specs/blob/master/network-upgrades/mainnet-upgrades/muir-glacier.md)
2025-09-08T01:30:12.008Z	INFO	core/blockchain.go:420	 - Spurious Dragon/1 (EIP 155): #0        (https://github.com/ethereum/execution-specs/blob/master/network-upgrades/mainnet-upgrades/spurious-dragon.md)
2025-09-08T01:30:12.008Z	INFO	core/blockchain.go:420	 - Berlin:                      #0        (https://github.com/ethereum/execution-specs/blob/master/network-upgrades/mainnet-upgrades/berlin.md)
2025-09-08T01:30:12.008Z	INFO	core/blockchain.go:420	 - Spurious Dragon/2 (EIP 158): #0        (https://github.com/ethereum/execution-specs/blob/master/network-upgrades/mainnet-upgrades/spurious-dragon.md)
2025-09-08T01:30:12.008Z	INFO	core/blockchain.go:420	 - London:                      #0        (https://github.com/ethereum/execution-specs/blob/master/network-upgrades/mainnet-upgrades/london.md)
2025-09-08T01:30:12.008Z	INFO	core/blockchain.go:420	 - Byzantium:                   #0        (https://github.com/ethereum/execution-specs/blob/master/network-upgrades/mainnet-upgrades/byzantium.md)
2025-09-08T01:30:12.008Z	INFO	core/blockchain.go:420	
2025-09-08T01:30:12.008Z	INFO	core/blockchain.go:420	 - Constantinople:              #0        (https://github.com/ethereum/execution-specs/blob/master/network-upgrades/mainnet-upgrades/constantinople.md)
2025-09-08T01:30:12.008Z	INFO	core/blockchain.go:420	Merge configured:
2025-09-08T01:30:12.008Z	INFO	core/blockchain.go:420	 - Petersburg:                  #0        (https://github.com/ethereum/execution-specs/blob/master/network-upgrades/mainnet-upgrades/petersburg.md)
2025-09-08T01:30:12.008Z	INFO	core/blockchain.go:420	 - Hard-fork specification:    https://github.com/ethereum/execution-specs/blob/master/network-upgrades/mainnet-upgrades/paris.md
2025-09-08T01:30:12.008Z	INFO	core/blockchain.go:420	 - Istanbul:                    #0        (https://github.com/ethereum/execution-specs/blob/master/network-upgrades/mainnet-upgrades/istanbul.md)
2025-09-08T01:30:12.008Z	INFO	core/blockchain.go:420	 - Network known to be merged
2025-09-08T01:30:12.008Z	INFO	core/blockchain.go:420	 - Muir Glacier:                #0        (https://github.com/ethereum/execution-specs/blob/master/network-upgrades/mainnet-upgrades/muir-glacier.md)
2025-09-08T01:30:12.008Z	INFO	core/blockchain.go:420	 - Total terminal difficulty:  <nil>
2025-09-08T01:30:12.008Z	INFO	core/blockchain.go:420	 - Berlin:                      #0        (https://github.com/ethereum/execution-specs/blob/master/network-upgrades/mainnet-upgrades/berlin.md)
2025-09-08T01:30:12.008Z	INFO	core/blockchain.go:420	
2025-09-08T01:30:12.008Z	INFO	core/blockchain.go:420	 - London:                      #0        (https://github.com/ethereum/execution-specs/blob/master/network-upgrades/mainnet-upgrades/london.md)
2025-09-08T01:30:12.008Z	INFO	core/blockchain.go:420	Post-Merge hard forks (timestamp based):
2025-09-08T01:30:12.008Z	INFO	core/blockchain.go:420	 - Shanghai:                    @0          (https://github.com/ethereum/execution-specs/blob/master/network-upgrades/mainnet-upgrades/shanghai.md)
2025-09-08T01:30:12.008Z	INFO	core/blockchain.go:420	
2025-09-08T01:30:12.008Z	INFO	core/blockchain.go:420	 - Cancun:                      @0          (https://github.com/ethereum/execution-specs/blob/master/network-upgrades/mainnet-upgrades/cancun.md)
2025-09-08T01:30:12.008Z	INFO	core/blockchain.go:420	Merge configured:
2025-09-08T01:30:12.008Z	INFO	core/blockchain.go:420	
2025-09-08T01:30:12.008Z	INFO	core/blockchain.go:420	 - Hard-fork specification:    https://github.com/ethereum/execution-specs/blob/master/network-upgrades/mainnet-upgrades/paris.md
2025-09-08T01:30:12.008Z	INFO	core/blockchain.go:422	---------------------------------------------------------------------------------------------------------------------------------------------------------
2025-09-08T01:30:12.008Z	INFO	core/blockchain.go:420	 - Network known to be merged
2025-09-08T01:30:12.008Z	INFO	core/blockchain.go:423	
2025-09-08T01:30:12.008Z	INFO	core/blockchain.go:420	 - Total terminal difficulty:  <nil>
2025-09-08T01:30:12.009Z	INFO	core/blockchain.go:420	
2025-09-08T01:30:12.009Z	INFO	core/blockchain.go:420	Post-Merge hard forks (timestamp based):
2025-09-08T01:30:12.009Z	INFO	core/blockchain.go:420	 - Shanghai:                    @0          (https://github.com/ethereum/execution-specs/blob/master/network-upgrades/mainnet-upgrades/shanghai.md)
2025-09-08T01:30:12.009Z	INFO	core/blockchain.go:420	 - Cancun:                      @0          (https://github.com/ethereum/execution-specs/blob/master/network-upgrades/mainnet-upgrades/cancun.md)
2025-09-08T01:30:12.009Z	INFO	core/blockchain.go:420	
2025-09-08T01:30:12.009Z	INFO	core/blockchain.go:422	---------------------------------------------------------------------------------------------------------------------------------------------------------
2025-09-08T01:30:12.009Z	INFO	core/blockchain.go:423	
2025-09-08T01:30:12.009Z	INFO	core/blockchain.go:1841	Initializing snapshots	{"async": false, "rebuild": true, "headHash": "0xf65ab5a09c1120b698fb3bfe8a7a78b3b369b745e6ed5cfb7aaaffc9871a90cf", "headRoot": "0xc93c9a161eaafa2d756115d3cea287f18f9c32b786c8b1bb6b3ecb37bfc4f5b0"}
2025-09-08T01:30:12.009Z	WARN	snapshot/snapshot.go:219	Failed to load snapshot, regenerating	{"err": "missing or corrupted snapshot, no snapshot block hash"}
2025-09-08T01:30:12.009Z	INFO	snapshot/snapshot.go:826	Rebuilding state snapshot
2025-09-08T01:30:12.009Z	INFO	snapshot/wipe.go:135	Deleted state snapshot leftovers	{"kind": "accounts", "wiped": 0, "elapsed": "18.99µs"}
2025-09-08T01:30:12.009Z	INFO	snapshot/snapshot.go:390	Waiting for snapshot generation	{"root": "0xc93c9a161eaafa2d756115d3cea287f18f9c32b786c8b1bb6b3ecb37bfc4f5b0"}
2025-09-08T01:30:12.009Z	INFO	snapshot/wipe.go:135	Deleted state snapshot leftovers	{"kind": "storage", "wiped": 0, "elapsed": "3.132µs"}
2025-09-08T01:30:12.009Z	INFO	snapshot/context.go:106	Wiper running, state snapshotting paused	{"accounts": 0, "slots": 0, "storage": "0.00 B", "elapsed": "236.605µs"}
2025-09-08T01:30:12.009Z	INFO	core/blockchain.go:588	Not warming accepted cache because disabled
2025-09-08T01:30:12.009Z	INFO	snapshot/generate.go:321	Generated state snapshot	{"accounts": 3, "slots": 0, "storage": "138.00 B", "elapsed": "39.288µs"}
2025-09-08T01:30:12.009Z	INFO	core/blockchain.go:588	Not warming accepted cache because disabled
2025-09-08T01:30:12.009Z	INFO	core/blockchain.go:618	Starting Acceptor	{"queue length": 0}
2025-09-08T01:30:12.009Z	INFO	core/blockchain.go:618	Starting Acceptor	{"queue length": 0}
--- FAIL: TestTraceBlock (0.00s)
    --- FAIL: TestTraceBlock/hash (0.01s)
        api_test.go:111: block 0: failed to insert into chain: could not apply tx 0 [0x45b438d31879053c58cc3b70bea04e5149701c17fc5eaba1a417e78e0f46842a]: insufficient funds for gas * price + value: address 0x1ff81abAbF451D1B3710428f1573542a35725504 have 0 want 525000000001000
    --- FAIL: TestTraceBlock/#00 (0.01s)
        api_test.go:111: block 0: failed to insert into chain: could not apply tx 0 [0x4b14debe5e8b39464dfc28dd962b69c4e98447419f39a11a74786e1a089145b5]: insufficient funds for gas * price + value: address 0x29fd87A6E36101B4765FA1236171cdF70E3B773C have 0 want 525000000001000
2025-09-08T01:30:12.020Z	INFO	core/genesis.go:165	Writing genesis to database
2025-09-08T01:30:12.021Z	INFO	core/blockchain.go:417	
2025-09-08T01:30:12.021Z	INFO	core/genesis.go:165	Writing genesis to database
2025-09-08T01:30:12.021Z	INFO	core/blockchain.go:418	---------------------------------------------------------------------------------------------------------------------------------------------------------
2025-09-08T01:30:12.021Z	INFO	core/blockchain.go:420	Chain ID:  1 (mainnet)
2025-09-08T01:30:12.021Z	INFO	core/blockchain.go:420	Consensus: unknown
2025-09-08T01:30:12.021Z	INFO	core/blockchain.go:420	
2025-09-08T01:30:12.021Z	INFO	core/blockchain.go:420	Pre-Merge hard forks (block based):
2025-09-08T01:30:12.021Z	INFO	core/blockchain.go:420	 - Homestead:                   #0        (https://github.com/ethereum/execution-specs/blob/master/network-upgrades/mainnet-upgrades/homestead.md)
2025-09-08T01:30:12.021Z	INFO	core/blockchain.go:420	 - Tangerine Whistle (EIP 150): #0        (https://github.com/ethereum/execution-specs/blob/master/network-upgrades/mainnet-upgrades/tangerine-whistle.md)
2025-09-08T01:30:12.021Z	INFO	core/blockchain.go:420	 - Spurious Dragon/1 (EIP 155): #0        (https://github.com/ethereum/execution-specs/blob/master/network-upgrades/mainnet-upgrades/spurious-dragon.md)
2025-09-08T01:30:12.021Z	INFO	core/blockchain.go:420	 - Spurious Dragon/2 (EIP 158): #0        (https://github.com/ethereum/execution-specs/blob/master/network-upgrades/mainnet-upgrades/spurious-dragon.md)
2025-09-08T01:30:12.021Z	INFO	core/blockchain.go:420	 - Byzantium:                   #0        (https://github.com/ethereum/execution-specs/blob/master/network-upgrades/mainnet-upgrades/byzantium.md)
2025-09-08T01:30:12.021Z	INFO	core/blockchain.go:420	 - Constantinople:              #0        (https://github.com/ethereum/execution-specs/blob/master/network-upgrades/mainnet-upgrades/constantinople.md)
2025-09-08T01:30:12.021Z	INFO	core/blockchain.go:420	 - Petersburg:                  #0        (https://github.com/ethereum/execution-specs/blob/master/network-upgrades/mainnet-upgrades/petersburg.md)
2025-09-08T01:30:12.021Z	INFO	core/blockchain.go:420	 - Istanbul:                    #0        (https://github.com/ethereum/execution-specs/blob/master/network-upgrades/mainnet-upgrades/istanbul.md)
2025-09-08T01:30:12.021Z	INFO	core/blockchain.go:420	 - Muir Glacier:                #0        (https://github.com/ethereum/execution-specs/blob/master/network-upgrades/mainnet-upgrades/muir-glacier.md)
2025-09-08T01:30:12.022Z	INFO	core/blockchain.go:420	 - Berlin:                      #0        (https://github.com/ethereum/execution-specs/blob/master/network-upgrades/mainnet-upgrades/berlin.md)
2025-09-08T01:30:12.022Z	INFO	core/blockchain.go:420	 - London:                      #0        (https://github.com/ethereum/execution-specs/blob/master/network-upgrades/mainnet-upgrades/london.md)
2025-09-08T01:30:12.022Z	INFO	core/blockchain.go:420	
2025-09-08T01:30:12.022Z	INFO	core/blockchain.go:420	Merge configured:
2025-09-08T01:30:12.022Z	INFO	core/blockchain.go:420	 - Hard-fork specification:    https://github.com/ethereum/execution-specs/blob/master/network-upgrades/mainnet-upgrades/paris.md
2025-09-08T01:30:12.022Z	INFO	core/blockchain.go:420	 - Network known to be merged
2025-09-08T01:30:12.022Z	INFO	core/blockchain.go:420	 - Total terminal difficulty:  <nil>
2025-09-08T01:30:12.022Z	INFO	core/blockchain.go:420	
2025-09-08T01:30:12.022Z	INFO	core/blockchain.go:420	Post-Merge hard forks (timestamp based):
2025-09-08T01:30:12.022Z	INFO	core/blockchain.go:417	
2025-09-08T01:30:12.022Z	INFO	core/blockchain.go:420	 - Shanghai:                    @0          (https://github.com/ethereum/execution-specs/blob/master/network-upgrades/mainnet-upgrades/shanghai.md)
2025-09-08T01:30:12.022Z	INFO	core/blockchain.go:420	 - Cancun:                      @0          (https://github.com/ethereum/execution-specs/blob/master/network-upgrades/mainnet-upgrades/cancun.md)
2025-09-08T01:30:12.022Z	INFO	core/blockchain.go:418	---------------------------------------------------------------------------------------------------------------------------------------------------------
2025-09-08T01:30:12.022Z	INFO	core/blockchain.go:420	
2025-09-08T01:30:12.022Z	INFO	core/blockchain.go:422	---------------------------------------------------------------------------------------------------------------------------------------------------------
2025-09-08T01:30:12.022Z	INFO	core/blockchain.go:423	
2025-09-08T01:30:12.022Z	INFO	core/blockchain.go:420	Chain ID:  1 (mainnet)
2025-09-08T01:30:12.022Z	INFO	core/blockchain.go:420	Consensus: unknown
2025-09-08T01:30:12.022Z	INFO	core/blockchain.go:420	
2025-09-08T01:30:12.022Z	INFO	core/blockchain.go:420	Pre-Merge hard forks (block based):
2025-09-08T01:30:12.022Z	INFO	core/blockchain.go:420	 - Homestead:                   #0        (https://github.com/ethereum/execution-specs/blob/master/network-upgrades/mainnet-upgrades/homestead.md)
2025-09-08T01:30:12.022Z	INFO	core/blockchain.go:420	 - Tangerine Whistle (EIP 150): #0        (https://github.com/ethereum/execution-specs/blob/master/network-upgrades/mainnet-upgrades/tangerine-whistle.md)
2025-09-08T01:30:12.022Z	INFO	core/blockchain.go:420	 - Spurious Dragon/1 (EIP 155): #0        (https://github.com/ethereum/execution-specs/blob/master/network-upgrades/mainnet-upgrades/spurious-dragon.md)
2025-09-08T01:30:12.022Z	INFO	core/blockchain.go:420	 - Spurious Dragon/2 (EIP 158): #0        (https://github.com/ethereum/execution-specs/blob/master/network-upgrades/mainnet-upgrades/spurious-dragon.md)
2025-09-08T01:30:12.022Z	INFO	core/blockchain.go:420	 - Byzantium:                   #0        (https://github.com/ethereum/execution-specs/blob/master/network-upgrades/mainnet-upgrades/byzantium.md)
2025-09-08T01:30:12.022Z	INFO	core/blockchain.go:420	 - Constantinople:              #0        (https://github.com/ethereum/execution-specs/blob/master/network-upgrades/mainnet-upgrades/constantinople.md)
2025-09-08T01:30:12.023Z	INFO	core/blockchain.go:420	 - Petersburg:                  #0        (https://github.com/ethereum/execution-specs/blob/master/network-upgrades/mainnet-upgrades/petersburg.md)
2025-09-08T01:30:12.023Z	INFO	core/blockchain.go:420	 - Istanbul:                    #0        (https://github.com/ethereum/execution-specs/blob/master/network-upgrades/mainnet-upgrades/istanbul.md)
2025-09-08T01:30:12.023Z	INFO	core/blockchain.go:420	 - Muir Glacier:                #0        (https://github.com/ethereum/execution-specs/blob/master/network-upgrades/mainnet-upgrades/muir-glacier.md)
2025-09-08T01:30:12.023Z	INFO	core/blockchain.go:420	 - Berlin:                      #0        (https://github.com/ethereum/execution-specs/blob/master/network-upgrades/mainnet-upgrades/berlin.md)
2025-09-08T01:30:12.023Z	INFO	core/blockchain.go:588	Not warming accepted cache because disabled
2025-09-08T01:30:12.023Z	INFO	core/blockchain.go:420	 - London:                      #0        (https://github.com/ethereum/execution-specs/blob/master/network-upgrades/mainnet-upgrades/london.md)
2025-09-08T01:30:12.023Z	INFO	core/blockchain.go:420	
2025-09-08T01:30:12.023Z	INFO	core/blockchain.go:420	Merge configured:
2025-09-08T01:30:12.023Z	INFO	core/blockchain.go:420	 - Hard-fork specification:    https://github.com/ethereum/execution-specs/blob/master/network-upgrades/mainnet-upgrades/paris.md
2025-09-08T01:30:12.023Z	INFO	core/blockchain.go:618	Starting Acceptor	{"queue length": 0}
2025-09-08T01:30:12.023Z	INFO	core/blockchain.go:420	 - Network known to be merged
2025-09-08T01:30:12.023Z	INFO	core/blockchain.go:420	 - Total terminal difficulty:  <nil>
2025-09-08T01:30:12.023Z	INFO	core/blockchain.go:420	
2025-09-08T01:30:12.023Z	INFO	core/blockchain.go:420	Post-Merge hard forks (timestamp based):
2025-09-08T01:30:12.023Z	INFO	core/blockchain.go:420	 - Shanghai:                    @0          (https://github.com/ethereum/execution-specs/blob/master/network-upgrades/mainnet-upgrades/shanghai.md)
2025-09-08T01:30:12.023Z	INFO	core/blockchain.go:420	 - Cancun:                      @0          (https://github.com/ethereum/execution-specs/blob/master/network-upgrades/mainnet-upgrades/cancun.md)
2025-09-08T01:30:12.023Z	INFO	core/blockchain.go:420	
2025-09-08T01:30:12.023Z	INFO	core/blockchain.go:422	---------------------------------------------------------------------------------------------------------------------------------------------------------
2025-09-08T01:30:12.023Z	INFO	core/blockchain.go:423	
2025-09-08T01:30:12.024Z	INFO	core/blockchain.go:1841	Initializing snapshots	{"async": false, "rebuild": true, "headHash": "0x760415088991600524b9ded975ac1342b44381eaf7c49dc2232c2c919c2c933e", "headRoot": "0x334620a4cb163cf33a49323f431871b1966d54a04a69cfa57852f51996b9cb19"}
2025-09-08T01:30:12.024Z	WARN	snapshot/snapshot.go:219	Failed to load snapshot, regenerating	{"err": "missing or corrupted snapshot, no snapshot block hash"}
2025-09-08T01:30:12.024Z	INFO	snapshot/snapshot.go:826	Rebuilding state snapshot
2025-09-08T01:30:12.024Z	INFO	snapshot/wipe.go:135	Deleted state snapshot leftovers	{"kind": "accounts", "wiped": 0, "elapsed": "21.006µs"}
2025-09-08T01:30:12.024Z	INFO	snapshot/wipe.go:135	Deleted state snapshot leftovers	{"kind": "storage", "wiped": 0, "elapsed": "3.418µs"}
2025-09-08T01:30:12.025Z	INFO	snapshot/snapshot.go:390	Waiting for snapshot generation	{"root": "0x334620a4cb163cf33a49323f431871b1966d54a04a69cfa57852f51996b9cb19"}
2025-09-08T01:30:12.025Z	INFO	snapshot/context.go:106	Wiper running, state snapshotting paused	{"accounts": 0, "slots": 0, "storage": "0.00 B", "elapsed": "570.055µs"}
2025-09-08T01:30:12.025Z	INFO	snapshot/generate.go:321	Generated state snapshot	{"accounts": 4, "slots": 2, "storage": "340.00 B", "elapsed": "111.771µs"}
2025-09-08T01:30:12.025Z	INFO	core/blockchain.go:588	Not warming accepted cache because disabled
2025-09-08T01:30:12.025Z	INFO	core/blockchain.go:618	Starting Acceptor	{"queue length": 0}
--- FAIL: TestTracingWithOverrides (0.00s)
    --- FAIL: TestTracingWithOverrides/#00 (0.01s)
        api_test.go:111: block 0: failed to insert into chain: could not apply tx 0 [0xce2c87c116672327423e5ace96455e597d748e56fb9a93e404687c5c076807af]: insufficient funds for gas * price + value: address 0x83E72d1542BFC7e550f45232941923890B9767c8 have 0 want 525000000001000
    --- FAIL: TestTracingWithOverrides/hash (0.02s)
        api_test.go:111: block 0: failed to insert into chain: could not apply tx 0 [0xda7a30879acffe6411b6842c033a88a51aae4c03f722886805559eba1e0e8853]: insufficient funds for gas * price + value: address 0x079578223B251bA656239da19204404f6bc7060F have 0 want 525000000001000
2025-09-08T01:30:12.414Z	INFO	core/genesis.go:165	Writing genesis to database
2025-09-08T01:30:12.414Z	INFO	core/blockchain.go:417	
2025-09-08T01:30:12.414Z	INFO	core/blockchain.go:418	---------------------------------------------------------------------------------------------------------------------------------------------------------
2025-09-08T01:30:12.415Z	INFO	core/blockchain.go:420	Chain ID:  1 (mainnet)
2025-09-08T01:30:12.415Z	INFO	core/blockchain.go:420	Consensus: unknown
2025-09-08T01:30:12.415Z	INFO	core/blockchain.go:420	
2025-09-08T01:30:12.415Z	INFO	core/blockchain.go:420	Pre-Merge hard forks (block based):
2025-09-08T01:30:12.415Z	INFO	core/blockchain.go:420	 - Homestead:                   #0        (https://github.com/ethereum/execution-specs/blob/master/network-upgrades/mainnet-upgrades/homestead.md)
2025-09-08T01:30:12.415Z	INFO	core/blockchain.go:420	 - Tangerine Whistle (EIP 150): #0        (https://github.com/ethereum/execution-specs/blob/master/network-upgrades/mainnet-upgrades/tangerine-whistle.md)
2025-09-08T01:30:12.415Z	INFO	core/blockchain.go:420	 - Spurious Dragon/1 (EIP 155): #0        (https://github.com/ethereum/execution-specs/blob/master/network-upgrades/mainnet-upgrades/spurious-dragon.md)
2025-09-08T01:30:12.415Z	INFO	core/blockchain.go:420	 - Spurious Dragon/2 (EIP 158): #0        (https://github.com/ethereum/execution-specs/blob/master/network-upgrades/mainnet-upgrades/spurious-dragon.md)
2025-09-08T01:30:12.415Z	INFO	core/blockchain.go:420	 - Byzantium:                   #0        (https://github.com/ethereum/execution-specs/blob/master/network-upgrades/mainnet-upgrades/byzantium.md)
2025-09-08T01:30:12.415Z	INFO	core/blockchain.go:420	 - Constantinople:              #0        (https://github.com/ethereum/execution-specs/blob/master/network-upgrades/mainnet-upgrades/constantinople.md)
2025-09-08T01:30:12.415Z	INFO	core/blockchain.go:420	 - Petersburg:                  #0        (https://github.com/ethereum/execution-specs/blob/master/network-upgrades/mainnet-upgrades/petersburg.md)
2025-09-08T01:30:12.415Z	INFO	core/blockchain.go:420	 - Istanbul:                    #0        (https://github.com/ethereum/execution-specs/blob/master/network-upgrades/mainnet-upgrades/istanbul.md)
2025-09-08T01:30:12.415Z	INFO	core/blockchain.go:420	 - Muir Glacier:                #0        (https://github.com/ethereum/execution-specs/blob/master/network-upgrades/mainnet-upgrades/muir-glacier.md)
2025-09-08T01:30:12.415Z	INFO	core/blockchain.go:420	 - Berlin:                      #0        (https://github.com/ethereum/execution-specs/blob/master/network-upgrades/mainnet-upgrades/berlin.md)
2025-09-08T01:30:12.415Z	INFO	core/blockchain.go:420	 - London:                      #0        (https://github.com/ethereum/execution-specs/blob/master/network-upgrades/mainnet-upgrades/london.md)
2025-09-08T01:30:12.415Z	INFO	core/blockchain.go:420	
2025-09-08T01:30:12.415Z	INFO	core/blockchain.go:420	Merge configured:
2025-09-08T01:30:12.415Z	INFO	core/blockchain.go:420	 - Hard-fork specification:    https://github.com/ethereum/execution-specs/blob/master/network-upgrades/mainnet-upgrades/paris.md
2025-09-08T01:30:12.415Z	INFO	core/blockchain.go:420	 - Network known to be merged
2025-09-08T01:30:12.415Z	INFO	core/blockchain.go:420	 - Total terminal difficulty:  <nil>
2025-09-08T01:30:12.415Z	INFO	core/blockchain.go:420	
2025-09-08T01:30:12.415Z	INFO	core/blockchain.go:420	Post-Merge hard forks (timestamp based):
2025-09-08T01:30:12.415Z	INFO	core/blockchain.go:420	 - Shanghai:                    @0          (https://github.com/ethereum/execution-specs/blob/master/network-upgrades/mainnet-upgrades/shanghai.md)
2025-09-08T01:30:12.415Z	INFO	core/blockchain.go:420	 - Cancun:                      @0          (https://github.com/ethereum/execution-specs/blob/master/network-upgrades/mainnet-upgrades/cancun.md)
2025-09-08T01:30:12.415Z	INFO	core/blockchain.go:420	
2025-09-08T01:30:12.415Z	INFO	core/blockchain.go:422	---------------------------------------------------------------------------------------------------------------------------------------------------------
2025-09-08T01:30:12.415Z	INFO	core/blockchain.go:423	
2025-09-08T01:30:12.416Z	INFO	core/blockchain.go:588	Not warming accepted cache because disabled
2025-09-08T01:30:12.416Z	INFO	core/blockchain.go:618	Starting Acceptor	{"queue length": 0}
2025-09-08T01:30:12.424Z	INFO	core/genesis.go:165	Writing genesis to database
2025-09-08T01:30:12.424Z	INFO	core/blockchain.go:417	
2025-09-08T01:30:12.424Z	INFO	core/blockchain.go:418	---------------------------------------------------------------------------------------------------------------------------------------------------------
2025-09-08T01:30:12.424Z	INFO	core/blockchain.go:420	Chain ID:  1 (mainnet)
2025-09-08T01:30:12.424Z	INFO	core/blockchain.go:420	Consensus: unknown
2025-09-08T01:30:12.424Z	INFO	core/blockchain.go:420	
2025-09-08T01:30:12.424Z	INFO	core/blockchain.go:420	Pre-Merge hard forks (block based):
2025-09-08T01:30:12.424Z	INFO	core/blockchain.go:420	 - Homestead:                   #0        (https://github.com/ethereum/execution-specs/blob/master/network-upgrades/mainnet-upgrades/homestead.md)
2025-09-08T01:30:12.424Z	INFO	core/blockchain.go:420	 - Tangerine Whistle (EIP 150): #0        (https://github.com/ethereum/execution-specs/blob/master/network-upgrades/mainnet-upgrades/tangerine-whistle.md)
2025-09-08T01:30:12.424Z	INFO	core/blockchain.go:420	 - Spurious Dragon/1 (EIP 155): #0        (https://github.com/ethereum/execution-specs/blob/master/network-upgrades/mainnet-upgrades/spurious-dragon.md)
2025-09-08T01:30:12.424Z	INFO	core/blockchain.go:420	 - Spurious Dragon/2 (EIP 158): #0        (https://github.com/ethereum/execution-specs/blob/master/network-upgrades/mainnet-upgrades/spurious-dragon.md)
2025-09-08T01:30:12.424Z	INFO	core/blockchain.go:420	 - Byzantium:                   #0        (https://github.com/ethereum/execution-specs/blob/master/network-upgrades/mainnet-upgrades/byzantium.md)
2025-09-08T01:30:12.424Z	INFO	core/blockchain.go:420	 - Constantinople:              #0        (https://github.com/ethereum/execution-specs/blob/master/network-upgrades/mainnet-upgrades/constantinople.md)
2025-09-08T01:30:12.424Z	INFO	core/blockchain.go:420	 - Petersburg:                  #0        (https://github.com/ethereum/execution-specs/blob/master/network-upgrades/mainnet-upgrades/petersburg.md)
2025-09-08T01:30:12.425Z	INFO	core/blockchain.go:420	 - Istanbul:                    #0        (https://github.com/ethereum/execution-specs/blob/master/network-upgrades/mainnet-upgrades/istanbul.md)
2025-09-08T01:30:12.425Z	INFO	core/blockchain.go:420	 - Muir Glacier:                #0        (https://github.com/ethereum/execution-specs/blob/master/network-upgrades/mainnet-upgrades/muir-glacier.md)
2025-09-08T01:30:12.425Z	INFO	core/blockchain.go:420	 - Berlin:                      #0        (https://github.com/ethereum/execution-specs/blob/master/network-upgrades/mainnet-upgrades/berlin.md)
2025-09-08T01:30:12.425Z	INFO	core/blockchain.go:420	 - London:                      #0        (https://github.com/ethereum/execution-specs/blob/master/network-upgrades/mainnet-upgrades/london.md)
2025-09-08T01:30:12.425Z	INFO	core/blockchain.go:420	
2025-09-08T01:30:12.425Z	INFO	core/blockchain.go:420	Merge configured:
2025-09-08T01:30:12.425Z	INFO	core/blockchain.go:420	 - Hard-fork specification:    https://github.com/ethereum/execution-specs/blob/master/network-upgrades/mainnet-upgrades/paris.md
2025-09-08T01:30:12.425Z	INFO	core/blockchain.go:420	 - Network known to be merged
2025-09-08T01:30:12.425Z	INFO	core/blockchain.go:420	 - Total terminal difficulty:  <nil>
2025-09-08T01:30:12.425Z	INFO	core/blockchain.go:420	
2025-09-08T01:30:12.425Z	INFO	core/blockchain.go:420	Post-Merge hard forks (timestamp based):
2025-09-08T01:30:12.425Z	INFO	core/blockchain.go:420	 - Shanghai:                    @0          (https://github.com/ethereum/execution-specs/blob/master/network-upgrades/mainnet-upgrades/shanghai.md)
2025-09-08T01:30:12.425Z	INFO	core/blockchain.go:420	 - Cancun:                      @0          (https://github.com/ethereum/execution-specs/blob/master/network-upgrades/mainnet-upgrades/cancun.md)
2025-09-08T01:30:12.425Z	INFO	core/blockchain.go:420	
2025-09-08T01:30:12.425Z	INFO	core/blockchain.go:422	---------------------------------------------------------------------------------------------------------------------------------------------------------
2025-09-08T01:30:12.425Z	INFO	core/blockchain.go:423	
2025-09-08T01:30:12.425Z	INFO	core/blockchain.go:1841	Initializing snapshots	{"async": false, "rebuild": true, "headHash": "0xcdd0a9b6d32a63ab5746c145a6c08558dbf2549fd95f9d58b113c9e6c2782faa", "headRoot": "0xd47d3c5bf6e38d7437f3447c4afae8bdb3f61f845b98fecff39cc381298f6332"}
2025-09-08T01:30:12.426Z	WARN	snapshot/snapshot.go:219	Failed to load snapshot, regenerating	{"err": "missing or corrupted snapshot, no snapshot block hash"}
2025-09-08T01:30:12.426Z	INFO	snapshot/snapshot.go:826	Rebuilding state snapshot
2025-09-08T01:30:12.426Z	INFO	snapshot/wipe.go:135	Deleted state snapshot leftovers	{"kind": "accounts", "wiped": 0, "elapsed": "15.444µs"}
2025-09-08T01:30:12.426Z	INFO	snapshot/wipe.go:135	Deleted state snapshot leftovers	{"kind": "storage", "wiped": 0, "elapsed": "2.14µs"}
2025-09-08T01:30:12.426Z	INFO	snapshot/snapshot.go:390	Waiting for snapshot generation	{"root": "0xd47d3c5bf6e38d7437f3447c4afae8bdb3f61f845b98fecff39cc381298f6332"}
2025-09-08T01:30:12.426Z	INFO	snapshot/context.go:106	Wiper running, state snapshotting paused	{"accounts": 0, "slots": 0, "storage": "0.00 B", "elapsed": "415.356µs"}
2025-09-08T01:30:12.426Z	INFO	snapshot/generate.go:321	Generated state snapshot	{"accounts": 3, "slots": 0, "storage": "138.00 B", "elapsed": "52.314µs"}
2025-09-08T01:30:12.426Z	INFO	core/blockchain.go:588	Not warming accepted cache because disabled
2025-09-08T01:30:12.426Z	INFO	core/blockchain.go:618	Starting Acceptor	{"queue length": 0}
--- FAIL: TestTraceChain (0.00s)
    --- FAIL: TestTraceChain/#00 (0.39s)
        api_test.go:111: block 0: failed to insert into chain: could not apply tx 0 [0x58ca70b8f86798ef780b169f4ade048771095cd9da2f5a78ca879b4da563fc6d]: insufficient funds for gas * price + value: address 0x3aeC3061794030582Af0518CC7Dc8A31Ba17da8C have 0 want 525000000001000
    --- FAIL: TestTraceChain/hash (0.40s)
        api_test.go:111: block 0: failed to insert into chain: could not apply tx 0 [0xdba523f4d88fdfa65252e981a0548b5bdcfd255abfc2530ac4fccf898d87af1f]: insufficient funds for gas * price + value: address 0x311FB90f4022bd73B1Bdbfa1815D9d5Aa5C337E5 have 0 want 525000000001000
FAIL
FAIL	github.com/luxfi/evm/eth/tracers	1.445s
ok  	github.com/luxfi/evm/ethclient	(cached)
2025-09-08T01:30:11.323Z	INFO	eth/backend.go:148	Allocated memory caches	{"trie clean": "512.00 MiB", "trie dirty": "256.00 MiB", "snapshot clean": "256.00 MiB"}
2025-09-08T01:30:11.324Z	INFO	eth/backend.go:196	Initialising Ethereum protocol	{"network": 1337, "dbversion": "<nil>"}
2025-09-08T01:30:11.324Z	WARN	eth/backend.go:202	Upgrade blockchain database version	{"from": "<nil>", "to": 8}
2025-09-08T01:30:11.324Z	INFO	core/genesis.go:165	Writing genesis to database
2025-09-08T01:30:11.324Z	INFO	core/blockchain.go:417	
2025-09-08T01:30:11.325Z	INFO	core/blockchain.go:418	---------------------------------------------------------------------------------------------------------------------------------------------------------
2025-09-08T01:30:11.325Z	INFO	core/blockchain.go:420	Chain ID:  1337 (unknown)
2025-09-08T01:30:11.325Z	INFO	core/blockchain.go:420	Consensus: unknown
2025-09-08T01:30:11.325Z	INFO	core/blockchain.go:420	
2025-09-08T01:30:11.325Z	INFO	core/blockchain.go:420	Pre-Merge hard forks (block based):
2025-09-08T01:30:11.325Z	INFO	core/blockchain.go:420	 - Homestead:                   #0        (https://github.com/ethereum/execution-specs/blob/master/network-upgrades/mainnet-upgrades/homestead.md)
2025-09-08T01:30:11.325Z	INFO	core/blockchain.go:420	 - Tangerine Whistle (EIP 150): #0        (https://github.com/ethereum/execution-specs/blob/master/network-upgrades/mainnet-upgrades/tangerine-whistle.md)
2025-09-08T01:30:11.325Z	INFO	core/blockchain.go:420	 - Spurious Dragon/1 (EIP 155): #0        (https://github.com/ethereum/execution-specs/blob/master/network-upgrades/mainnet-upgrades/spurious-dragon.md)
2025-09-08T01:30:11.325Z	INFO	core/blockchain.go:420	 - Spurious Dragon/2 (EIP 158): #0        (https://github.com/ethereum/execution-specs/blob/master/network-upgrades/mainnet-upgrades/spurious-dragon.md)
2025-09-08T01:30:11.325Z	INFO	core/blockchain.go:420	 - Byzantium:                   #0        (https://github.com/ethereum/execution-specs/blob/master/network-upgrades/mainnet-upgrades/byzantium.md)
2025-09-08T01:30:11.325Z	INFO	core/blockchain.go:420	 - Constantinople:              #0        (https://github.com/ethereum/execution-specs/blob/master/network-upgrades/mainnet-upgrades/constantinople.md)
2025-09-08T01:30:11.325Z	INFO	core/blockchain.go:420	 - Petersburg:                  #0        (https://github.com/ethereum/execution-specs/blob/master/network-upgrades/mainnet-upgrades/petersburg.md)
2025-09-08T01:30:11.325Z	INFO	core/blockchain.go:420	 - Istanbul:                    #0        (https://github.com/ethereum/execution-specs/blob/master/network-upgrades/mainnet-upgrades/istanbul.md)
2025-09-08T01:30:11.325Z	INFO	core/blockchain.go:420	 - Muir Glacier:                #0        (https://github.com/ethereum/execution-specs/blob/master/network-upgrades/mainnet-upgrades/muir-glacier.md)
2025-09-08T01:30:11.325Z	INFO	core/blockchain.go:420	 - Berlin:                      #0        (https://github.com/ethereum/execution-specs/blob/master/network-upgrades/mainnet-upgrades/berlin.md)
2025-09-08T01:30:11.325Z	INFO	core/blockchain.go:420	 - London:                      #0        (https://github.com/ethereum/execution-specs/blob/master/network-upgrades/mainnet-upgrades/london.md)
2025-09-08T01:30:11.325Z	INFO	core/blockchain.go:420	
2025-09-08T01:30:11.325Z	INFO	core/blockchain.go:420	Merge configured:
2025-09-08T01:30:11.325Z	INFO	core/blockchain.go:420	 - Hard-fork specification:    https://github.com/ethereum/execution-specs/blob/master/network-upgrades/mainnet-upgrades/paris.md
2025-09-08T01:30:11.325Z	INFO	core/blockchain.go:420	 - Network known to be merged
2025-09-08T01:30:11.325Z	INFO	core/blockchain.go:420	 - Total terminal difficulty:  <nil>
2025-09-08T01:30:11.325Z	INFO	core/blockchain.go:420	
2025-09-08T01:30:11.325Z	INFO	core/blockchain.go:420	Post-Merge hard forks (timestamp based):
2025-09-08T01:30:11.325Z	INFO	core/blockchain.go:420	 - Shanghai:                    @0          (https://github.com/ethereum/execution-specs/blob/master/network-upgrades/mainnet-upgrades/shanghai.md)
2025-09-08T01:30:11.325Z	INFO	core/blockchain.go:420	 - Cancun:                      @0          (https://github.com/ethereum/execution-specs/blob/master/network-upgrades/mainnet-upgrades/cancun.md)
2025-09-08T01:30:11.325Z	INFO	core/blockchain.go:420	
2025-09-08T01:30:11.325Z	INFO	core/blockchain.go:422	---------------------------------------------------------------------------------------------------------------------------------------------------------
2025-09-08T01:30:11.325Z	INFO	core/blockchain.go:423	
2025-09-08T01:30:11.326Z	INFO	core/blockchain.go:1841	Initializing snapshots	{"async": false, "rebuild": true, "headHash": "0x6bfc144393f34bbbd34da96c855e4f7d0ac491eb65e35f8354be30267f969b2c", "headRoot": "0x56e81f171bcc55a6ff8345e692c0f86e5b48e01b996cadc001622fb5e363b421"}
2025-09-08T01:30:11.326Z	WARN	snapshot/snapshot.go:219	Failed to load snapshot, regenerating	{"err": "missing or corrupted snapshot, no snapshot block hash"}
2025-09-08T01:30:11.326Z	INFO	snapshot/snapshot.go:826	Rebuilding state snapshot
2025-09-08T01:30:11.326Z	INFO	snapshot/wipe.go:135	Deleted state snapshot leftovers	{"kind": "accounts", "wiped": 0, "elapsed": "52.537µs"}
2025-09-08T01:30:11.326Z	INFO	snapshot/wipe.go:135	Deleted state snapshot leftovers	{"kind": "storage", "wiped": 0, "elapsed": "3.49µs"}
2025-09-08T01:30:11.327Z	INFO	snapshot/snapshot.go:390	Waiting for snapshot generation	{"root": "0x56e81f171bcc55a6ff8345e692c0f86e5b48e01b996cadc001622fb5e363b421"}
2025-09-08T01:30:11.327Z	INFO	snapshot/context.go:106	Wiper running, state snapshotting paused	{"accounts": 0, "slots": 0, "storage": "0.00 B", "elapsed": "611.056µs"}
2025-09-08T01:30:11.327Z	INFO	snapshot/generate.go:321	Generated state snapshot	{"accounts": 0, "slots": 0, "storage": "0.00 B", "elapsed": "13.382µs"}
2025-09-08T01:30:11.327Z	INFO	core/blockchain.go:593	Not warming accepted cache because there are no accepted blocks
2025-09-08T01:30:11.327Z	INFO	core/blockchain.go:618	Starting Acceptor	{"queue length": 0}
2025-09-08T01:30:11.329Z	INFO	miner/worker.go:540	Commit new mining work	{"number": "1", "hash": "0x6eec55ea767d1a370b167e43c3aa8ee075d9a96b6f5d8dfaa2fdff8de1105d9a", "uncles": 0, "txs": 0, "gas": 0, "fees": "0", "elapsed": "488137h30m1.329s"}
2025-09-08T01:30:11.330Z	FATAL	core/blockchain.go:627	unable to flatten snapshot from acceptor	{"blockHash": "0x6eec55ea767d1a370b167e43c3aa8ee075d9a96b6f5d8dfaa2fdff8de1105d9a", "err": "cannot flatten missing snapshot: 0x6eec55ea767d1a370b167e43c3aa8ee075d9a96b6f5d8dfaa2fdff8de1105d9a"}
FAIL	github.com/luxfi/evm/ethclient/simulated	0.043s
?   	github.com/luxfi/evm/ethclient/subnetevmclient	[no test files]
FAIL	github.com/luxfi/evm/examples/sign-uptime-message [build failed]
?   	github.com/luxfi/evm/interfaces	[no test files]
?   	github.com/luxfi/evm/internal/blocktest	[no test files]
?   	github.com/luxfi/evm/internal/cmdtest	[no test files]
?   	github.com/luxfi/evm/internal/debug	[no test files]
FAIL	github.com/luxfi/evm/internal/ethapi [build failed]
ok  	github.com/luxfi/evm/internal/flags	(cached)
?   	github.com/luxfi/evm/internal/reexec	[no test files]
?   	github.com/luxfi/evm/internal/shutdowncheck	[no test files]
?   	github.com/luxfi/evm/internal/version	[no test files]
?   	github.com/luxfi/evm/metrics/metricstest	[no test files]
--- FAIL: TestGatherer_Gather (0.00s)
panic: Invalid name validation scheme requested: unset [recovered]
	panic: Invalid name validation scheme requested: unset

goroutine 18 [running]:
testing.tRunner.func1.2({0x72f6e0, 0xc00012c520})
	/usr/local/go/src/testing/testing.go:1734 +0x21c
testing.tRunner.func1()
	/usr/local/go/src/testing/testing.go:1737 +0x35e
panic({0x72f6e0?, 0xc00012c520?})
	/usr/local/go/src/runtime/panic.go:792 +0x132
github.com/prometheus/common/model.ValidationScheme.IsValidMetricName(0xaa31a0?, {0xc0001242a4?, 0xc?})
	/home/z/go/pkg/mod/github.com/prometheus/common@v0.66.1/model/metric.go:179 +0xb9
github.com/prometheus/common/expfmt.(*TextParser).setOrCreateCurrentMF(0xc00017a000)
	/home/z/go/pkg/mod/github.com/prometheus/common@v0.66.1/expfmt/text_parse.go:836 +0x85
github.com/prometheus/common/expfmt.(*TextParser).startComment(0xc00017a000)
	/home/z/go/pkg/mod/github.com/prometheus/common@v0.66.1/expfmt/text_parse.go:227 +0x15c
github.com/prometheus/common/expfmt.(*TextParser).TextToMetricFamilies(0xc00017a000, {0x8336e0?, 0xc00011a3a0?})
	/home/z/go/pkg/mod/github.com/prometheus/common@v0.66.1/expfmt/text_parse.go:116 +0x5f
github.com/luxfi/evm/metrics/prometheus.TestGatherer_Gather(0xc00010a540)
	/home/z/work/lux/evm/metrics/prometheus/prometheus_test.go:126 +0x7a5
testing.tRunner(0xc00010a540, 0x7d0178)
	/usr/local/go/src/testing/testing.go:1792 +0xf4
created by testing.(*T).Run in goroutine 1
	/usr/local/go/src/testing/testing.go:1851 +0x413
FAIL	github.com/luxfi/evm/metrics/prometheus	0.011s
ok  	github.com/luxfi/evm/miner	(cached)
--- FAIL: TestNetworkDoesNotConnectToItself (0.00s)
    network_test.go:72: 
        	Error Trace:	/home/z/work/lux/evm/network/network_test.go:72
        	Error:      	Not equal: 
        	            	expected: 0x0
        	            	actual  : 0x1
        	Test:       	TestNetworkDoesNotConnectToItself
2025-09-08T01:30:11.303Z	WARN	network/peer_tracker.go:187	ignoring peer connected event for already connected peer with identical version	{"nodeID": "NodeID-NF3dhwiiGHc1MoT85T7MwWk2xLF9zpgeh"}
2025-09-08T01:30:11.495Z	WARN	network/peer_tracker.go:187	ignoring peer connected event for already connected peer with identical version	{"nodeID": "NodeID-GcBGsakBkRMK3BBaa6t3n8E4EBasi7yQp"}
--- FAIL: TestHandleInvalidMessages (0.00s)
    network_test.go:541: 
        	Error Trace:	/home/z/work/lux/evm/network/network_test.go:541
        	Error:      	Target error should be in err chain:
        	            	expected: ""
        	            	in chain: "unrequested response"
        	Test:       	TestHandleInvalidMessages
    network_test.go:542: 
        	Error Trace:	/home/z/work/lux/evm/network/network_test.go:542
        	Error:      	Target error should be in err chain:
        	            	expected: ""
        	            	in chain: "unrequested response"
        	Test:       	TestHandleInvalidMessages
    network_test.go:543: 
        	Error Trace:	/home/z/work/lux/evm/network/network_test.go:543
        	Error:      	Target error should be in err chain:
        	            	expected: ""
        	            	in chain: "unrequested response"
        	Test:       	TestHandleInvalidMessages
    network_test.go:544: 
        	Error Trace:	/home/z/work/lux/evm/network/network_test.go:544
        	Error:      	Target error should be in err chain:
        	            	expected: ""
        	            	in chain: "unrequested response"
        	Test:       	TestHandleInvalidMessages
    network_test.go:545: 
        	Error Trace:	/home/z/work/lux/evm/network/network_test.go:545
        	Error:      	Target error should be in err chain:
        	            	expected: ""
        	            	in chain: "unrequested response"
        	Test:       	TestHandleInvalidMessages
--- FAIL: TestNetworkRouting (0.00s)
    network_test.go:607: 
        	Error Trace:	/home/z/work/lux/evm/network/network_test.go:607
        	Error:      	Should be true
        	Test:       	TestNetworkRouting
FAIL
FAIL	github.com/luxfi/evm/network	0.416s
?   	github.com/luxfi/evm/network/peertest	[no test files]
?   	github.com/luxfi/evm/network/stats	[no test files]
?   	github.com/luxfi/evm/node	[no test files]
--- FAIL: TestSetEthUpgrades (0.00s)
    --- FAIL: TestSetEthUpgrades/Durango (0.00s)
        config_extra_test.go:136: 
            	Error Trace:	/home/z/work/lux/evm/params/config_extra_test.go:136
            	Error:      	Not equal: 
            	            	expected: &params.ChainConfig{ChainID:<nil>, HomesteadBlock:0, DAOForkBlock:<nil>, DAOForkSupport:false, EIP150Block:0, EIP155Block:0, EIP158Block:0, ByzantiumBlock:0, ConstantinopleBlock:0, PetersburgBlock:0, IstanbulBlock:0, MuirGlacierBlock:0, BerlinBlock:0, LondonBlock:0, ArrowGlacierBlock:<nil>, GrayGlacierBlock:<nil>, MergeNetsplitBlock:<nil>, ShanghaiTime:(*uint64)(0xc0000122a8), CancunTime:(*uint64)(nil), PragueTime:(*uint64)(nil), OsakaTime:(*uint64)(nil), VerkleTime:(*uint64)(nil), BPO1Time:(*uint64)(nil), BPO2Time:(*uint64)(nil), BPO3Time:(*uint64)(nil), BPO4Time:(*uint64)(nil), BPO5Time:(*uint64)(nil), TerminalTotalDifficulty:<nil>, DepositContractAddress:0x0000000000000000000000000000000000000000, EnableVerkleAtGenesis:false, Ethash:(*params.EthashConfig)(nil), Clique:(*params.CliqueConfig)(nil), BlobScheduleConfig:(*params.BlobScheduleConfig)(nil)}
            	            	actual  : &params.ChainConfig{ChainID:<nil>, HomesteadBlock:0, DAOForkBlock:<nil>, DAOForkSupport:false, EIP150Block:0, EIP155Block:0, EIP158Block:0, ByzantiumBlock:0, ConstantinopleBlock:0, PetersburgBlock:0, IstanbulBlock:0, MuirGlacierBlock:0, BerlinBlock:0, LondonBlock:0, ArrowGlacierBlock:<nil>, GrayGlacierBlock:<nil>, MergeNetsplitBlock:<nil>, ShanghaiTime:(*uint64)(nil), CancunTime:(*uint64)(nil), PragueTime:(*uint64)(nil), OsakaTime:(*uint64)(nil), VerkleTime:(*uint64)(nil), BPO1Time:(*uint64)(nil), BPO2Time:(*uint64)(nil), BPO3Time:(*uint64)(nil), BPO4Time:(*uint64)(nil), BPO5Time:(*uint64)(nil), TerminalTotalDifficulty:<nil>, DepositContractAddress:0x0000000000000000000000000000000000000000, EnableVerkleAtGenesis:false, Ethash:(*params.EthashConfig)(nil), Clique:(*params.CliqueConfig)(nil), BlobScheduleConfig:(*params.BlobScheduleConfig)(nil)}
            	            	
            	            	Diff:
            	            	--- Expected
            	            	+++ Actual
            	            	@@ -51,3 +51,3 @@
            	            	  MergeNetsplitBlock: (*big.Int)(<nil>),
            	            	- ShanghaiTime: (*uint64)(0),
            	            	+ ShanghaiTime: (*uint64)(<nil>),
            	            	  CancunTime: (*uint64)(<nil>),
            	Test:       	TestSetEthUpgrades/Durango
    --- FAIL: TestSetEthUpgrades/Etna (0.00s)
        config_extra_test.go:136: 
            	Error Trace:	/home/z/work/lux/evm/params/config_extra_test.go:136
            	Error:      	Not equal: 
            	            	expected: &params.ChainConfig{ChainID:<nil>, HomesteadBlock:0, DAOForkBlock:<nil>, DAOForkSupport:false, EIP150Block:0, EIP155Block:0, EIP158Block:0, ByzantiumBlock:0, ConstantinopleBlock:0, PetersburgBlock:0, IstanbulBlock:0, MuirGlacierBlock:0, BerlinBlock:0, LondonBlock:0, ArrowGlacierBlock:<nil>, GrayGlacierBlock:<nil>, MergeNetsplitBlock:<nil>, ShanghaiTime:(*uint64)(0xc0000122a8), CancunTime:(*uint64)(0xc0000122a8), PragueTime:(*uint64)(nil), OsakaTime:(*uint64)(nil), VerkleTime:(*uint64)(nil), BPO1Time:(*uint64)(nil), BPO2Time:(*uint64)(nil), BPO3Time:(*uint64)(nil), BPO4Time:(*uint64)(nil), BPO5Time:(*uint64)(nil), TerminalTotalDifficulty:<nil>, DepositContractAddress:0x0000000000000000000000000000000000000000, EnableVerkleAtGenesis:false, Ethash:(*params.EthashConfig)(nil), Clique:(*params.CliqueConfig)(nil), BlobScheduleConfig:(*params.BlobScheduleConfig)(nil)}
            	            	actual  : &params.ChainConfig{ChainID:<nil>, HomesteadBlock:0, DAOForkBlock:<nil>, DAOForkSupport:false, EIP150Block:0, EIP155Block:0, EIP158Block:0, ByzantiumBlock:0, ConstantinopleBlock:0, PetersburgBlock:0, IstanbulBlock:0, MuirGlacierBlock:0, BerlinBlock:0, LondonBlock:0, ArrowGlacierBlock:<nil>, GrayGlacierBlock:<nil>, MergeNetsplitBlock:<nil>, ShanghaiTime:(*uint64)(nil), CancunTime:(*uint64)(nil), PragueTime:(*uint64)(nil), OsakaTime:(*uint64)(nil), VerkleTime:(*uint64)(nil), BPO1Time:(*uint64)(nil), BPO2Time:(*uint64)(nil), BPO3Time:(*uint64)(nil), BPO4Time:(*uint64)(nil), BPO5Time:(*uint64)(nil), TerminalTotalDifficulty:<nil>, DepositContractAddress:0x0000000000000000000000000000000000000000, EnableVerkleAtGenesis:false, Ethash:(*params.EthashConfig)(nil), Clique:(*params.CliqueConfig)(nil), BlobScheduleConfig:(*params.BlobScheduleConfig)(nil)}
            	            	
            	            	Diff:
            	            	--- Expected
            	            	+++ Actual
            	            	@@ -51,4 +51,4 @@
            	            	  MergeNetsplitBlock: (*big.Int)(<nil>),
            	            	- ShanghaiTime: (*uint64)(0),
            	            	- CancunTime: (*uint64)(0),
            	            	+ ShanghaiTime: (*uint64)(<nil>),
            	            	+ CancunTime: (*uint64)(<nil>),
            	            	  PragueTime: (*uint64)(<nil>),
            	Test:       	TestSetEthUpgrades/Etna
FAIL
FAIL	github.com/luxfi/evm/params	0.025s
FAIL	github.com/luxfi/evm/params/extras [build failed]
?   	github.com/luxfi/evm/plugin	[no test files]
FAIL	github.com/luxfi/evm/plugin/evm [build failed]
ok  	github.com/luxfi/evm/plugin/evm/blockgascost	(cached)
?   	github.com/luxfi/evm/plugin/evm/client	[no test files]
ok  	github.com/luxfi/evm/plugin/evm/config	(cached)
?   	github.com/luxfi/evm/plugin/evm/customlogs	[no test files]
ok  	github.com/luxfi/evm/plugin/evm/customrawdb	(cached)
ok  	github.com/luxfi/evm/plugin/evm/customtypes	(cached)
?   	github.com/luxfi/evm/plugin/evm/database	[no test files]
ok  	github.com/luxfi/evm/plugin/evm/header	(cached)
ok  	github.com/luxfi/evm/plugin/evm/log	(cached)
ok  	github.com/luxfi/evm/plugin/evm/message	(cached)
?   	github.com/luxfi/evm/plugin/evm/upgrade/legacy	[no test files]
ok  	github.com/luxfi/evm/plugin/evm/upgrade/subnetevm	(cached)
ok  	github.com/luxfi/evm/plugin/evm/validators	(cached)
?   	github.com/luxfi/evm/plugin/evm/validators/interfaces	[no test files]
ok  	github.com/luxfi/evm/plugin/evm/validators/state	(cached)
ok  	github.com/luxfi/evm/plugin/evm/validators/state/interfaces	(cached) [no tests to run]
ok  	github.com/luxfi/evm/plugin/evm/validators/uptime	(cached)
?   	github.com/luxfi/evm/plugin/evm/validators/uptime/interfaces	[no test files]
?   	github.com/luxfi/evm/plugin/evm/vmerrors	[no test files]
?   	github.com/luxfi/evm/plugin/runner	[no test files]
ok  	github.com/luxfi/evm/precompile/allowlist	(cached)
FAIL	github.com/luxfi/evm/precompile/allowlist/allowlisttest [build failed]
ok  	github.com/luxfi/evm/precompile/contract	(cached)
?   	github.com/luxfi/evm/precompile/contracts/deployerallowlist	[no test files]
FAIL	github.com/luxfi/evm/precompile/contracts/deployerallowlist/deployerallowlisttest [build failed]
FAIL	github.com/luxfi/evm/precompile/contracts/feemanager [build failed]
FAIL	github.com/luxfi/evm/precompile/contracts/nativeminter [build failed]
ok  	github.com/luxfi/evm/precompile/contracts/pqcrypto	(cached)
?   	github.com/luxfi/evm/precompile/contracts/quasar	[no test files]
FAIL	github.com/luxfi/evm/precompile/contracts/rewardmanager [build failed]
FAIL	github.com/luxfi/evm/precompile/contracts/txallowlist [build failed]
FAIL	github.com/luxfi/evm/precompile/contracts/warp [build failed]
ok  	github.com/luxfi/evm/precompile/modules	(cached)
ok  	github.com/luxfi/evm/precompile/precompileconfig	(cached) [no tests to run]
FAIL	github.com/luxfi/evm/precompile/precompiletest [build failed]
?   	github.com/luxfi/evm/precompile/registry	[no test files]
?   	github.com/luxfi/evm/precompile/testutils	[no test files]
ok  	github.com/luxfi/evm/predicate	(cached)
ok  	github.com/luxfi/evm/rpc	(cached)
?   	github.com/luxfi/evm/signer/core/apitypes	[no test files]
?   	github.com/luxfi/evm/stateupgrade	[no test files]
FAIL	github.com/luxfi/evm/sync/client [build failed]
?   	github.com/luxfi/evm/sync/client/stats	[no test files]
FAIL	github.com/luxfi/evm/sync/handlers [build failed]
?   	github.com/luxfi/evm/sync/handlers/stats	[no test files]
FAIL	github.com/luxfi/evm/sync/statesync [build failed]
FAIL	github.com/luxfi/evm/sync/statesync/statesynctest [build failed]
?   	github.com/luxfi/evm/sync/syncutils	[no test files]
?   	github.com/luxfi/evm/tests	[no test files]
FAIL	github.com/luxfi/evm/tests/load [build failed]
FAIL	github.com/luxfi/evm/tests/precompile [build failed]
FAIL	github.com/luxfi/evm/tests/precompile/solidity [build failed]
FAIL	github.com/luxfi/evm/tests/utils [build failed]
FAIL	github.com/luxfi/evm/tests/warp [build failed]
FAIL	github.com/luxfi/evm/tests/warp/aggregator [build failed]
?   	github.com/luxfi/evm/triedb/hashdb	[no test files]
2025-09-08T01:30:12.711Z	INFO	pathdb/journal.go:141	Failed to load journal, discard it	{"err": "journal not found"}
2025-09-08T01:30:12.712Z	WARN	pathdb/database.go:227	Path-based state scheme is an experimental feature
--- FAIL: TestDatabaseRollback (0.00s)
panic: failed to update state changes, err: triedb parent [0x56e81f171bcc55a6ff8345e692c0f86e5b48e01b996cadc001622fb5e363b421] layer missing [recovered]
	panic: failed to update state changes, err: triedb parent [0x56e81f171bcc55a6ff8345e692c0f86e5b48e01b996cadc001622fb5e363b421] layer missing

goroutine 34 [running]:
testing.tRunner.func1.2({0xb5ac80, 0xc000192760})
	/usr/local/go/src/testing/testing.go:1734 +0x21c
testing.tRunner.func1()
	/usr/local/go/src/testing/testing.go:1737 +0x35e
panic({0xb5ac80?, 0xc000192760?})
	/usr/local/go/src/runtime/panic.go:792 +0x132
github.com/luxfi/evm/triedb/pathdb.newTester(0x66a?, 0x0)
	/home/z/work/lux/evm/triedb/pathdb/database_test.go:136 +0x413
github.com/luxfi/evm/triedb/pathdb.TestDatabaseRollback(0xc0003d81c0)
	/home/z/work/lux/evm/triedb/pathdb/database_test.go:372 +0x3b
testing.tRunner(0xc0003d81c0, 0xd2d8a0)
	/usr/local/go/src/testing/testing.go:1792 +0xf4
created by testing.(*T).Run in goroutine 1
	/usr/local/go/src/testing/testing.go:1851 +0x413
FAIL	github.com/luxfi/evm/triedb/pathdb	0.017s
ok  	github.com/luxfi/evm/utils	(cached)
FAIL	github.com/luxfi/evm/utils/utilstest [build failed]
FAIL	github.com/luxfi/evm/warp [build failed]
?   	github.com/luxfi/evm/warp/messages	[no test files]
FAIL	github.com/luxfi/evm/warp/validators [build failed]
?   	github.com/luxfi/evm/warp/warptest	[no test files]
FAIL
